Component: ARM Compiler 5.06 update 7 (build 960) Tool: armlink [4d3601]

==============================================================================

Section Cross References

    startup_stm32f407xx.o(RESET) refers to startup_stm32f407xx.o(STACK) for __initial_sp
    startup_stm32f407xx.o(RESET) refers to startup_stm32f407xx.o(.text) for Reset_Handler
    startup_stm32f407xx.o(RESET) refers to stm32f4xx_it.o(i.NMI_Handler) for NMI_Handler
    startup_stm32f407xx.o(RESET) refers to stm32f4xx_it.o(i.HardFault_Handler) for HardFault_Handler
    startup_stm32f407xx.o(RESET) refers to stm32f4xx_it.o(i.MemManage_Handler) for MemManage_Handler
    startup_stm32f407xx.o(RESET) refers to stm32f4xx_it.o(i.BusFault_Handler) for BusFault_Handler
    startup_stm32f407xx.o(RESET) refers to stm32f4xx_it.o(i.UsageFault_Handler) for UsageFault_Handler
    startup_stm32f407xx.o(RESET) refers to port.o(.emb_text) for SVC_Handler
    startup_stm32f407xx.o(RESET) refers to stm32f4xx_it.o(i.DebugMon_Handler) for DebugMon_Handler
    startup_stm32f407xx.o(RESET) refers to port.o(i.SysTick_Handler) for SysTick_Handler
    startup_stm32f407xx.o(RESET) refers to stm32f4xx_it.o(i.TIM7_IRQHandler) for TIM7_IRQHandler
    startup_stm32f407xx.o(RESET) refers to stm32f4xx_it.o(i.CAN2_RX0_IRQHandler) for CAN2_RX0_IRQHandler
    startup_stm32f407xx.o(.text) refers to system_stm32f4xx.o(i.SystemInit) for SystemInit
    startup_stm32f407xx.o(.text) refers to entry.o(.ARM.Collect$$$$00000000) for __main
    main.o(i.HAL_TIM_PeriodElapsedCallback) refers to stm32f4xx_hal.o(i.HAL_IncTick) for HAL_IncTick
    main.o(i.SystemClock_Config) refers to memseta.o(.text) for __aeabi_memclr4
    main.o(i.SystemClock_Config) refers to stm32f4xx_hal_rcc.o(i.HAL_RCC_OscConfig) for HAL_RCC_OscConfig
    main.o(i.SystemClock_Config) refers to main.o(i.Error_Handler) for Error_Handler
    main.o(i.SystemClock_Config) refers to stm32f4xx_hal_rcc.o(i.HAL_RCC_ClockConfig) for HAL_RCC_ClockConfig
    main.o(i.main) refers to stm32f4xx_hal.o(i.HAL_Init) for HAL_Init
    main.o(i.main) refers to main.o(i.SystemClock_Config) for SystemClock_Config
    main.o(i.main) refers to gpio.o(i.MX_GPIO_Init) for MX_GPIO_Init
    main.o(i.main) refers to can.o(i.MX_CAN2_Init) for MX_CAN2_Init
    main.o(i.main) refers to usart.o(i.MX_USART1_UART_Init) for MX_USART1_UART_Init
    main.o(i.main) refers to tim.o(i.MX_TIM1_Init) for MX_TIM1_Init
    main.o(i.main) refers to tim.o(i.MX_TIM8_Init) for MX_TIM8_Init
    main.o(i.main) refers to tim.o(i.MX_TIM5_Init) for MX_TIM5_Init
    main.o(i.main) refers to freertos.o(i.MX_FREERTOS_Init) for MX_FREERTOS_Init
    main.o(i.main) refers to cmsis_os.o(i.osKernelStart) for osKernelStart
    gpio.o(i.MX_GPIO_Init) refers to memseta.o(.text) for __aeabi_memclr4
    gpio.o(i.MX_GPIO_Init) refers to stm32f4xx_hal_gpio.o(i.HAL_GPIO_Init) for HAL_GPIO_Init
    freertos.o(i.Arm_Task) refers to cmsis_os.o(i.osDelay) for osDelay
    freertos.o(i.MX_FREERTOS_Init) refers to memcpya.o(.text) for __aeabi_memcpy4
    freertos.o(i.MX_FREERTOS_Init) refers to cmsis_os.o(i.osThreadCreate) for osThreadCreate
    freertos.o(i.MX_FREERTOS_Init) refers to freertos.o(.constdata) for .constdata
    freertos.o(i.MX_FREERTOS_Init) refers to freertos.o(.data) for start_taskHandle
    freertos.o(i.Start_Task) refers to cmsis_os.o(i.osDelay) for osDelay
    freertos.o(i.Total_Task) refers to cmsis_os.o(i.osDelay) for osDelay
    freertos.o(i.vApplicationGetIdleTaskMemory) refers to freertos.o(.bss) for xIdleTaskTCBBuffer
    freertos.o(.constdata) refers to freertos.o(.conststring) for .conststring
    freertos.o(.constdata) refers to start_task.o(i.Start_Task) for Start_Task
    freertos.o(.constdata) refers to arm_task.o(i.Arm_Task) for Arm_Task
    freertos.o(.constdata) refers to total_task.o(i.Total_Task) for Total_Task
    can.o(i.HAL_CAN_MspDeInit) refers to stm32f4xx_hal_gpio.o(i.HAL_GPIO_DeInit) for HAL_GPIO_DeInit
    can.o(i.HAL_CAN_MspDeInit) refers to stm32f4xx_hal_cortex.o(i.HAL_NVIC_DisableIRQ) for HAL_NVIC_DisableIRQ
    can.o(i.HAL_CAN_MspInit) refers to memseta.o(.text) for __aeabi_memclr4
    can.o(i.HAL_CAN_MspInit) refers to stm32f4xx_hal_gpio.o(i.HAL_GPIO_Init) for HAL_GPIO_Init
    can.o(i.HAL_CAN_MspInit) refers to stm32f4xx_hal_cortex.o(i.HAL_NVIC_SetPriority) for HAL_NVIC_SetPriority
    can.o(i.HAL_CAN_MspInit) refers to stm32f4xx_hal_cortex.o(i.HAL_NVIC_EnableIRQ) for HAL_NVIC_EnableIRQ
    can.o(i.MX_CAN2_Init) refers to stm32f4xx_hal_can.o(i.HAL_CAN_Init) for HAL_CAN_Init
    can.o(i.MX_CAN2_Init) refers to main.o(i.Error_Handler) for Error_Handler
    can.o(i.MX_CAN2_Init) refers to can.o(.bss) for hcan2
    tim.o(i.HAL_TIM_MspPostInit) refers to memseta.o(.text) for __aeabi_memclr4
    tim.o(i.HAL_TIM_MspPostInit) refers to stm32f4xx_hal_gpio.o(i.HAL_GPIO_Init) for HAL_GPIO_Init
    tim.o(i.MX_TIM1_Init) refers to memseta.o(.text) for __aeabi_memclr4
[...]
    i.__ARM_fpclassify                       0x08004578   Section        0  fpclassify.o(i.__ARM_fpclassify)
    i.__NVIC_GetPriorityGrouping             0x080045a8   Section        0  stm32f4xx_hal_cortex.o(i.__NVIC_GetPriorityGrouping)
    __NVIC_GetPriorityGrouping               0x080045a9   Thumb Code    10  stm32f4xx_hal_cortex.o(i.__NVIC_GetPriorityGrouping)
    i.__NVIC_SetPriority                     0x080045b8   Section        0  stm32f4xx_hal_cortex.o(i.__NVIC_SetPriority)
    __NVIC_SetPriority                       0x080045b9   Thumb Code    32  stm32f4xx_hal_cortex.o(i.__NVIC_SetPriority)
    i.__hardfp_acos                          0x080045e0   Section        0  acos.o(i.__hardfp_acos)
    i.__hardfp_atan                          0x08004938   Section        0  atan.o(i.__hardfp_atan)
    i.__hardfp_cos                           0x08004c10   Section        0  cos.o(i.__hardfp_cos)
    i.__hardfp_fabs                          0x08004cd8   Section        0  fabs.o(i.__hardfp_fabs)
    i.__hardfp_pow                           0x08004cf0   Section        0  pow.o(i.__hardfp_pow)
    i.__hardfp_sin                           0x08005940   Section        0  sin.o(i.__hardfp_sin)
    i.__ieee754_rem_pio2                     0x08005a08   Section        0  rred.o(i.__ieee754_rem_pio2)
    i.__kernel_cos                           0x08005e40   Section        0  cos_i.o(i.__kernel_cos)
    i.__kernel_poly                          0x08005fb0   Section        0  poly.o(i.__kernel_poly)
    i.__kernel_sin                           0x080060a8   Section        0  sin_i.o(i.__kernel_sin)
    i.__mathlib_dbl_divzero                  0x080061d8   Section        0  dunder.o(i.__mathlib_dbl_divzero)
    i.__mathlib_dbl_infnan                   0x08006208   Section        0  dunder.o(i.__mathlib_dbl_infnan)
    i.__mathlib_dbl_infnan2                  0x0800621c   Section        0  dunder.o(i.__mathlib_dbl_infnan2)
    i.__mathlib_dbl_invalid                  0x08006230   Section        0  dunder.o(i.__mathlib_dbl_invalid)
    i.__mathlib_dbl_overflow                 0x08006250   Section        0  dunder.o(i.__mathlib_dbl_overflow)
    i.__mathlib_dbl_underflow                0x08006270   Section        0  dunder.o(i.__mathlib_dbl_underflow)
    i.__scatterload_copy                     0x08006290   Section       14  handlers.o(i.__scatterload_copy)
    i.__scatterload_null                     0x0800629e   Section        2  handlers.o(i.__scatterload_null)
    i.__scatterload_zeroinit                 0x080062a0   Section       14  handlers.o(i.__scatterload_zeroinit)
    i.__set_errno                            0x080062b0   Section        0  errno.o(i.__set_errno)
    i.arms_js                                0x080062bc   Section        0  arm_posture_calculate.o(i.arms_js)
    i.can_filter_init                        0x08006904   Section        0  bsp_can.o(i.can_filter_init)
    i.dtor                                   0x08006940   Section        0  arm_posture_calculate.o(i.dtor)
    i.fabs                                   0x08006960   Section        0  fabs.o(i.fabs)
    i.float_to_uint                          0x08006978   Section        0  dm_control.o(i.float_to_uint)
    i.led_init                               0x080069ac   Section        0  bsp_led.o(i.led_init)
    i.main                                   0x080069d4   Section        0  main.o(i.main)
    i.makeFreeRtosPriority                   0x08006a00   Section        0  cmsis_os.o(i.makeFreeRtosPriority)
    makeFreeRtosPriority                     0x08006a01   Thumb Code    14  cmsis_os.o(i.makeFreeRtosPriority)
    i.osDelay                                0x08006a0e   Section        0  cmsis_os.o(i.osDelay)
    i.osKernelStart                          0x08006a26   Section        0  cmsis_os.o(i.osKernelStart)
    i.osThreadCreate                         0x08006a30   Section        0  cmsis_os.o(i.osThreadCreate)
    i.prvAddCurrentTaskToDelayedList         0x08006a90   Section        0  tasks.o(i.prvAddCurrentTaskToDelayedList)
    prvAddCurrentTaskToDelayedList           0x08006a91   Thumb Code   124  tasks.o(i.prvAddCurrentTaskToDelayedList)
    i.prvAddNewTaskToReadyList               0x08006b28   Section        0  tasks.o(i.prvAddNewTaskToReadyList)
    prvAddNewTaskToReadyList                 0x08006b29   Thumb Code   150  tasks.o(i.prvAddNewTaskToReadyList)
    i.prvCheckTasksWaitingTermination        0x08006bdc   Section        0  tasks.o(i.prvCheckTasksWaitingTermination)
    prvCheckTasksWaitingTermination          0x08006bdd   Thumb Code    60  tasks.o(i.prvCheckTasksWaitingTermination)
    i.prvDeleteTCB                           0x08006c24   Section        0  tasks.o(i.prvDeleteTCB)
    prvDeleteTCB                             0x08006c25   Thumb Code    80  tasks.o(i.prvDeleteTCB)
    i.prvHeapInit                            0x08006c74   Section        0  heap_4.o(i.prvHeapInit)
    prvHeapInit                              0x08006c75   Thumb Code    98  heap_4.o(i.prvHeapInit)
    i.prvIdleTask                            0x08006cf0   Section        0  tasks.o(i.prvIdleTask)
    prvIdleTask                              0x08006cf1   Thumb Code    32  tasks.o(i.prvIdleTask)
    i.prvInitialiseNewTask                   0x08006d18   Section        0  tasks.o(i.prvInitialiseNewTask)
    prvInitialiseNewTask                     0x08006d19   Thumb Code   180  tasks.o(i.prvInitialiseNewTask)
    i.prvInitialiseTaskLists                 0x08006dcc   Section        0  tasks.o(i.prvInitialiseTaskLists)
    prvInitialiseTaskLists                   0x08006dcd   Thumb Code    70  tasks.o(i.prvInitialiseTaskLists)
    i.prvInsertBlockIntoFreeList             0x08006e34   Section        0  heap_4.o(i.prvInsertBlockIntoFreeList)
    prvInsertBlockIntoFreeList               0x08006e35   Thumb Code    96  heap_4.o(i.prvInsertBlockIntoFreeList)
    i.prvResetNextTaskUnblockTime            0x08006e9c   Section        0  tasks.o(i.prvResetNextTaskUnblockTime)
    prvResetNextTaskUnblockTime              0x08006e9d   Thumb Code    42  tasks.o(i.prvResetNextTaskUnblockTime)
    i.prvTaskExitError                       0x08006ed0   Section        0  port.o(i.prvTaskExitError)
    prvTaskExitError                         0x08006ed1   Thumb Code    60  port.o(i.prvTaskExitError)
    i.prvTaskIsTaskSuspended                 0x08006f10   Section        0  tasks.o(i.prvTaskIsTaskSuspended)
    prvTaskIsTaskSuspended                   0x08006f11   Thumb Code    80  tasks.o(i.prvTaskIsTaskSuspended)
    i.pvPortMalloc                           0x08006f68   Section        0  heap_4.o(i.pvPortMalloc)
    i.pxPortInitialiseStack                  0x080070b4   Section        0  port.o(i.pxPortInitialiseStack)
    i.ramp_function                          0x080070e0   Section        0  dm_control.o(i.ramp_function)
    i.re_dis                                 0x08007180   Section        0  arm_posture_calculate.o(i.re_dis)
    i.rtod                                   0x08007234   Section        0  arm_posture_calculate.o(i.rtod)
    i.sqrt                                   0x08007254   Section        0  sqrt.o(i.sqrt)
    i.tri_cos                                0x080072c4   Section        0  arm_posture_calculate.o(i.tri_cos)
    i.uint_to_float                          0x08007408   Section        0  dm_control.o(i.uint_to_float)
    i.uxListRemove                           0x0800743c   Section        0  list.o(i.uxListRemove)
    i.vApplicationGetIdleTaskMemory          0x08007464   Section        0  freertos.o(i.vApplicationGetIdleTaskMemory)
    i.vListInitialise                        0x0800747c   Section        0  list.o(i.vListInitialise)
    i.vListInitialiseItem                    0x08007496   Section        0  list.o(i.vListInitialiseItem)
    i.vListInsert                            0x0800749c   Section        0  list.o(i.vListInsert)
    i.vListInsertEnd                         0x080074d0   Section        0  list.o(i.vListInsertEnd)
    i.vPortEnterCritical                     0x080074e8   Section        0  port.o(i.vPortEnterCritical)
    i.vPortExitCritical                      0x0800753c   Section        0  port.o(i.vPortExitCritical)
    i.vPortFree                              0x08007578   Section        0  heap_4.o(i.vPortFree)
    i.vPortSetupTimerInterrupt               0x0800761c   Section        0  port.o(i.vPortSetupTimerInterrupt)
    i.vTaskDelay                             0x08007644   Section        0  tasks.o(i.vTaskDelay)
    i.vTaskDelete                            0x080076a0   Section        0  tasks.o(i.vTaskDelete)
    i.vTaskResume                            0x08007794   Section        0  tasks.o(i.vTaskResume)
    i.vTaskStartScheduler                    0x08007824   Section        0  tasks.o(i.vTaskStartScheduler)
    i.vTaskSuspend                           0x080078d4   Section        0  tasks.o(i.vTaskSuspend)
    i.vTaskSuspendAll                        0x080079c8   Section        0  tasks.o(i.vTaskSuspendAll)
    i.vTaskSwitchContext                     0x080079d8   Section        0  tasks.o(i.vTaskSwitchContext)
    i.xPortStartScheduler                    0x08007a64   Section        0  port.o(i.xPortStartScheduler)
    i.xTaskCreate                            0x08007bcc   Section        0  tasks.o(i.xTaskCreate)
    i.xTaskCreateStatic                      0x08007c30   Section        0  tasks.o(i.xTaskCreateStatic)
    i.xTaskIncrementTick                     0x08007cec   Section        0  tasks.o(i.xTaskIncrementTick)
    i.xTaskResumeAll                         0x08007e34   Section        0  tasks.o(i.xTaskResumeAll)
    .constdata                               0x08007f38   Section       84  freertos.o(.constdata)
    .constdata                               0x08007f8c   Section       24  system_stm32f4xx.o(.constdata)
    .constdata                               0x08007fa8   Section       80  acos.o(.constdata)
    pS                                       0x08007fa8   Data          48  acos.o(.constdata)
    qS                                       0x08007fd8   Data          32  acos.o(.constdata)
    .constdata                               0x08007ff8   Section      152  atan.o(.constdata)
    atanhi                                   0x08007ff8   Data          32  atan.o(.constdata)
    atanlo                                   0x08008018   Data          32  atan.o(.constdata)
    aTodd                                    0x08008038   Data          40  atan.o(.constdata)
    aTeven                                   0x08008060   Data          48  atan.o(.constdata)
    .constdata                               0x08008090   Section      136  pow.o(.constdata)
    bp                                       0x08008090   Data          16  pow.o(.constdata)
    dp_h                                     0x080080a0   Data          16  pow.o(.constdata)
    dp_l                                     0x080080b0   Data          16  pow.o(.constdata)
    L                                        0x080080c0   Data          48  pow.o(.constdata)
    P                                        0x080080f0   Data          40  pow.o(.constdata)
    .constdata                               0x08008118   Section       48  cos_i.o(.constdata)
    C                                        0x08008118   Data          48  cos_i.o(.constdata)
    .constdata                               0x08008148   Section        8  qnan.o(.constdata)
    .constdata                               0x08008150   Section      200  rred.o(.constdata)
    pio2s                                    0x08008150   Data          48  rred.o(.constdata)
    twooverpi                                0x08008180   Data         152  rred.o(.constdata)
    .constdata                               0x08008218   Section       40  sin_i.o(.constdata)
    S                                        0x08008218   Data          40  sin_i.o(.constdata)
    .conststring                             0x08008240   Section       35  freertos.o(.conststring)
    .data                                    0x20000000   Section       12  freertos.o(.data)
    .data                                    0x2000000c   Section        9  stm32f4xx_hal.o(.data)
    .data                                    0x20000018   Section        4  system_stm32f4xx.o(.data)
    .data                                    0x2000001c   Section       60  tasks.o(.data)
    pxDelayedTaskList                        0x20000020   Data           4  tasks.o(.data)
    pxOverflowDelayedTaskList                0x20000024   Data           4  tasks.o(.data)
    uxDeletedTasksWaitingCleanUp             0x20000028   Data           4  tasks.o(.data)
    uxCurrentNumberOfTasks                   0x2000002c   Data           4  tasks.o(.data)
    xTickCount                               0x20000030   Data           4  tasks.o(.data)
    uxTopReadyPriority                       0x20000034   Data           4  tasks.o(.data)
    xSchedulerRunning                        0x20000038   Data           4  tasks.o(.data)
    xPendedTicks                             0x2000003c   Data           4  tasks.o(.data)
    xYieldPending                            0x20000040   Data           4  tasks.o(.data)
    xNumOfOverflows                          0x20000044   Data           4  tasks.o(.data)
    uxTaskNumber                             0x20000048   Data           4  tasks.o(.data)
    xNextTaskUnblockTime                     0x2000004c   Data           4  tasks.o(.data)
    xIdleTaskHandle                          0x20000050   Data           4  tasks.o(.data)
    uxSchedulerSuspended                     0x20000054   Data           4  tasks.o(.data)
    .data                                    0x20000058   Section       32  heap_4.o(.data)
    xStart                                   0x20000058   Data           8  heap_4.o(.data)
    pxEnd                                    0x20000060   Data           4  heap_4.o(.data)
    xFreeBytesRemaining                      0x20000064   Data           4  heap_4.o(.data)
    xMinimumEverFreeBytesRemaining           0x20000068   Data           4  heap_4.o(.data)
    xNumberOfSuccessfulAllocations           0x2000006c   Data           4  heap_4.o(.data)
    xNumberOfSuccessfulFrees                 0x20000070   Data           4  heap_4.o(.data)
    xBlockAllocatedBit                       0x20000074   Data           4  heap_4.o(.data)
    .data                                    0x20000078   Section       12  port.o(.data)
    uxCriticalNesting                        0x20000078   Data           4  port.o(.data)
    ucMaxSysCallPriority                     0x2000007c   Data           1  port.o(.data)
    ulMaxPRIGROUPValue                       0x20000080   Data           4  port.o(.data)
    .data                                    0x20000084   Section        4  arm_task.o(.data)
    .data                                    0x20000088   Section        8  total_task.o(.data)
    .data                                    0x20000090   Section      150  configs.o(.data)
    .data                                    0x20000128   Section        4  errno.o(.data)
    _errno                                   0x20000128   Data           4  errno.o(.data)
    .bss                                     0x2000012c   Section      596  freertos.o(.bss)
    xIdleTaskTCBBuffer                       0x2000012c   Data          84  freertos.o(.bss)
    xIdleStack                               0x20000180   Data         512  freertos.o(.bss)
    .bss                                     0x20000380   Section       40  can.o(.bss)
    .bss                                     0x200003a8   Section      216  tim.o(.bss)
    .bss                                     0x20000480   Section       72  usart.o(.bss)
    .bss                                     0x200004c8   Section       72  stm32f4xx_hal_timebase_tim.o(.bss)
    .bss                                     0x20000510   Section      240  tasks.o(.bss)
    pxReadyTasksLists                        0x20000510   Data         140  tasks.o(.bss)
    xDelayedTaskList1                        0x2000059c   Data          20  tasks.o(.bss)
    xDelayedTaskList2                        0x200005b0   Data          20  tasks.o(.bss)
    xPendingReadyList                        0x200005c4   Data          20  tasks.o(.bss)
    xTasksWaitingTermination                 0x200005d8   Data          20  tasks.o(.bss)
    xSuspendedTaskList                       0x200005ec   Data          20  tasks.o(.bss)
    .bss                                     0x20000600   Section    15360  heap_4.o(.bss)
    ucHeap                                   0x20000600   Data       15360  heap_4.o(.bss)
    .bss                                     0x20004200   Section      432  configs.o(.bss)
    STACK                                    0x200043b0   Section     1024  startup_stm32f407xx.o(STACK)

    Global Symbols

    Symbol Name                              Value     Ov Type        Size  Object(Section)

    BuildAttributes$$THM_ISAv4$E$P$D$K$B$S$7EM$VFPi3$EXTD16$VFPS$VFMA$PE$A:L22UL41UL21$X:L11$S22US41US21$IEEE1$IW$USESV6$~STKCKD$USESV7$~SHL$OTIME$ROPI$IEEEX$EBA8$MICROLIB$REQ8$PRES8$EABIv2 0x00000000   Number         0  anon$$obj.o ABSOLUTE
    __ARM_use_no_argv                        0x00000000   Number         0  main.o ABSOLUTE
    __arm_fini_                               - Undefined Weak Reference
    __cpp_initialize__aeabi_                  - Undefined Weak Reference
    __cxa_finalize                            - Undefined Weak Reference
    _clock_init                               - Undefined Weak Reference
    _microlib_exit                            - Undefined Weak Reference
    __Vectors_Size                           0x00000188   Number         0  startup_stm32f407xx.o ABSOLUTE
    __Vectors                                0x08000000   Data           4  startup_stm32f407xx.o(RESET)
    __Vectors_End                            0x08000188   Data           0  startup_stm32f407xx.o(RESET)
    __main                                   0x08000189   Thumb Code     0  entry.o(.ARM.Collect$$$$00000000)
    _main_stk                                0x08000189   Thumb Code     0  entry2.o(.ARM.Collect$$$$00000001)
    _main_scatterload                        0x0800018d   Thumb Code     0  entry5.o(.ARM.Collect$$$$00000004)
    __main_after_scatterload                 0x08000191   Thumb Code     0  entry5.o(.ARM.Collect$$$$00000004)
    _main_clock                              0x08000191   Thumb Code     0  entry7b.o(.ARM.Collect$$$$00000008)
    _main_cpp_init                           0x08000191   Thumb Code     0  entry8b.o(.ARM.Collect$$$$0000000A)
    _main_init                               0x08000191   Thumb Code     0  entry9a.o(.ARM.Collect$$$$0000000B)
    __rt_lib_shutdown_fini                   0x08000199   Thumb Code     0  entry12b.o(.ARM.Collect$$$$0000000E)
    __rt_final_cpp                           0x0800019d   Thumb Code     0  entry10a.o(.ARM.Collect$$$$0000000F)
    __rt_final_exit                          0x0800019d   Thumb Code     0  entry11a.o(.ARM.Collect$$$$00000011)
    SVC_Handler                              0x080001a1   Thumb Code    28  port.o(.emb_text)
    __asm___6_port_c_39a90d8d__prvStartFirstTask 0x080001c1   Thumb Code    36  port.o(.emb_text)
    __asm___6_port_c_39a90d8d__prvEnableVFP  0x080001e9   Thumb Code    16  port.o(.emb_text)
    PendSV_Handler                           0x080001fd   Thumb Code    88  port.o(.emb_text)
    vPortGetIPSR                             0x08000259   Thumb Code     6  port.o(.emb_text)
    Reset_Handler                            0x08000261   Thumb Code     8  startup_stm32f407xx.o(.text)
    ADC_IRQHandler                           0x0800027b   Thumb Code     0  startup_stm32f407xx.o(.text)
    CAN1_RX0_IRQHandler                      0x0800027b   Thumb Code     0  startup_stm32f407xx.o(.text)
    CAN1_RX1_IRQHandler                      0x0800027b   Thumb Code     0  startup_stm32f407xx.o(.text)
    CAN1_SCE_IRQHandler                      0x0800027b   Thumb Code     0  startup_stm32f407xx.o(.text)
    CAN1_TX_IRQHandler                       0x0800027b   Thumb Code     0  startup_stm32f407xx.o(.text)
    CAN2_RX1_IRQHandler                      0x0800027b   Thumb Code     0  startup_stm32f407xx.o(.text)
    CAN2_SCE_IRQHandler                      0x0800027b   Thumb Code     0  startup_stm32f407xx.o(.text)
    CAN2_TX_IRQHandler                       0x0800027b   Thumb Code     0  startup_stm32f407xx.o(.text)
    DCMI_IRQHandler                          0x0800027b   Thumb Code     0  startup_stm32f407xx.o(.text)
    DMA1_Stream0_IRQHandler                  0x0800027b   Thumb Code     0  startup_stm32f407xx.o(.text)
    DMA1_Stream1_IRQHandler                  0x0800027b   Thumb Code     0  startup_stm32f407xx.o(.text)
    DMA1_Stream2_IRQHandler                  0x0800027b   Thumb Code     0  startup_stm32f407xx.o(.text)
    DMA1_Stream3_IRQHandler                  0x0800027b   Thumb Code     0  startup_stm32f407xx.o(.text)
    DMA1_Stream4_IRQHandler                  0x0800027b   Thumb Code     0  startup_stm32f407xx.o(.text)
    DMA1_Stream5_IRQHandler                  0x0800027b   Thumb Code     0  startup_stm32f407xx.o(.text)
    DMA1_Stream6_IRQHandler                  0x0800027b   Thumb Code     0  startup_stm32f407xx.o(.text)
    DMA1_Stream7_IRQHandler                  0x0800027b   Thumb Code     0  startup_stm32f407xx.o(.text)
    DMA2_Stream0_IRQHandler                  0x0800027b   Thumb Code     0  startup_stm32f407xx.o(.text)
    DMA2_Stream1_IRQHandler                  0x0800027b   Thumb Code     0  startup_stm32f407xx.o(.text)
    DMA2_Stream2_IRQHandler                  0x0800027b   Thumb Code     0  startup_stm32f407xx.o(.text)
    DMA2_Stream3_IRQHandler                  0x0800027b   Thumb Code     0  startup_stm32f407xx.o(.text)
    DMA2_Stream4_IRQHandler                  0x0800027b   Thumb Code     0  startup_stm32f407xx.o(.text)
    DMA2_Stream5_IRQHandler                  0x0800027b   Thumb Code     0  startup_stm32f407xx.o(.text)
    DMA2_Stream6_IRQHandler                  0x0800027b   Thumb Code     0  startup_stm32f407xx.o(.text)
    DMA2_Stream7_IRQHandler                  0x0800027b   Thumb Code     0  startup_stm32f407xx.o(.text)
    ETH_IRQHandler                           0x0800027b   Thumb Code     0  startup_stm32f407xx.o(.text)
    ETH_WKUP_IRQHandler                      0x0800027b   Thumb Code     0  startup_stm32f407xx.o(.text)
    EXTI0_IRQHandler                         0x0800027b   Thumb Code     0  startup_stm32f407xx.o(.text)
    EXTI15_10_IRQHandler                     0x0800027b   Thumb Code     0  startup_stm32f407xx.o(.text)
    EXTI1_IRQHandler                         0x0800027b   Thumb Code     0  startup_stm32f407xx.o(.text)
    EXTI2_IRQHandler                         0x0800027b   Thumb Code     0  startup_stm32f407xx.o(.text)
    EXTI3_IRQHandler                         0x0800027b   Thumb Code     0  startup_stm32f407xx.o(.text)
    EXTI4_IRQHandler                         0x0800027b   Thumb Code     0  startup_stm32f407xx.o(.text)
    EXTI9_5_IRQHandler                       0x0800027b   Thumb Code     0  startup_stm32f407xx.o(.text)
    FLASH_IRQHandler                         0x0800027b   Thumb Code     0  startup_stm32f407xx.o(.text)
    FMC_IRQHandler                           0x0800027b   Thumb Code     0  startup_stm32f407xx.o(.text)
    FPU_IRQHandler                           0x0800027b   Thumb Code     0  startup_stm32f407xx.o(.text)
    HASH_RNG_IRQHandler                      0x0800027b   Thumb Code     0  startup_stm32f407xx.o(.text)
    I2C1_ER_IRQHandler                       0x0800027b   Thumb Code     0  startup_stm32f407xx.o(.text)
    I2C1_EV_IRQHandler                       0x0800027b   Thumb Code     0  startup_stm32f407xx.o(.text)
    I2C2_ER_IRQHandler                       0x0800027b   Thumb Code     0  startup_stm32f407xx.o(.text)
    I2C2_EV_IRQHandler                       0x0800027b   Thumb Code     0  startup_stm32f407xx.o(.text)
    I2C3_ER_IRQHandler                       0x0800027b   Thumb Code     0  startup_stm32f407xx.o(.text)
    I2C3_EV_IRQHandler                       0x0800027b   Thumb Code     0  startup_stm32f407xx.o(.text)
    OTG_FS_IRQHandler                        0x0800027b   Thumb Code     0  startup_stm32f407xx.o(.text)
    OTG_FS_WKUP_IRQHandler                   0x0800027b   Thumb Code     0  startup_stm32f407xx.o(.text)
    OTG_HS_EP1_IN_IRQHandler                 0x0800027b   Thumb Code     0  startup_stm32f407xx.o(.text)
    OTG_HS_EP1_OUT_IRQHandler                0x0800027b   Thumb Code     0  startup_stm32f407xx.o(.text)
    OTG_HS_IRQHandler                        0x0800027b   Thumb Code     0  startup_stm32f407xx.o(.text)
    OTG_HS_WKUP_IRQHandler                   0x0800027b   Thumb Code     0  startup_stm32f407xx.o(.text)
    PVD_IRQHandler                           0x0800027b   Thumb Code     0  startup_stm32f407xx.o(.text)
    RCC_IRQHandler                           0x0800027b   Thumb Code     0  startup_stm32f407xx.o(.text)
    RTC_Alarm_IRQHandler                     0x0800027b   Thumb Code     0  startup_stm32f407xx.o(.text)
    RTC_WKUP_IRQHandler                      0x0800027b   Thumb Code     0  startup_stm32f407xx.o(.text)
    SDIO_IRQHandler                          0x0800027b   Thumb Code     0  startup_stm32f407xx.o(.text)
    SPI1_IRQHandler                          0x0800027b   Thumb Code     0  startup_stm32f407xx.o(.text)
    SPI2_IRQHandler                          0x0800027b   Thumb Code     0  startup_stm32f407xx.o(.text)
    SPI3_IRQHandler                          0x0800027b   Thumb Code     0  startup_stm32f407xx.o(.text)
    TAMP_STAMP_IRQHandler                    0x0800027b   Thumb Code     0  startup_stm32f407xx.o(.text)
    TIM1_BRK_TIM9_IRQHandler                 0x0800027b   Thumb Code     0  startup_stm32f407xx.o(.text)
    TIM1_CC_IRQHandler                       0x0800027b   Thumb Code     0  startup_stm32f407xx.o(.text)
    TIM1_TRG_COM_TIM11_IRQHandler            0x0800027b   Thumb Code     0  startup_stm32f407xx.o(.text)
    TIM1_UP_TIM10_IRQHandler                 0x0800027b   Thumb Code     0  startup_stm32f407xx.o(.text)
    TIM2_IRQHandler                          0x0800027b   Thumb Code     0  startup_stm32f407xx.o(.text)
    TIM3_IRQHandler                          0x0800027b   Thumb Code     0  startup_stm32f407xx.o(.text)
    TIM4_IRQHandler                          0x0800027b   Thumb Code     0  startup_stm32f407xx.o(.text)
    TIM5_IRQHandler                          0x0800027b   Thumb Code     0  startup_stm32f407xx.o(.text)
    TIM6_DAC_IRQHandler                      0x0800027b   Thumb Code     0  startup_stm32f407xx.o(.text)
    TIM8_BRK_TIM12_IRQHandler                0x0800027b   Thumb Code     0  startup_stm32f407xx.o(.text)
    TIM8_CC_IRQHandler                       0x0800027b   Thumb Code     0  startup_stm32f407xx.o(.text)
    TIM8_TRG_COM_TIM14_IRQHandler            0x0800027b   Thumb Code     0  startup_stm32f407xx.o(.text)
    TIM8_UP_TIM13_IRQHandler                 0x0800027b   Thumb Code     0  startup_stm32f407xx.o(.text)
    UART4_IRQHandler                         0x0800027b   Thumb Code     0  startup_stm32f407xx.o(.text)
    UART5_IRQHandler                         0x0800027b   Thumb Code     0  startup_stm32f407xx.o(.text)
    USART1_IRQHandler                        0x0800027b   Thumb Code     0  startup_stm32f407xx.o(.text)
    USART2_IRQHandler                        0x0800027b   Thumb Code     0  startup_stm32f407xx.o(.text)
    USART3_IRQHandler                        0x0800027b   Thumb Code     0  startup_stm32f407xx.o(.text)
    USART6_IRQHandler                        0x0800027b   Thumb Code     0  startup_stm32f407xx.o(.text)
    WWDG_IRQHandler                          0x0800027b   Thumb Code     0  startup_stm32f407xx.o(.text)
    __aeabi_uldivmod                         0x08000285   Thumb Code    98  uldiv.o(.text)
    __aeabi_memcpy                           0x080002e7   Thumb Code    36  memcpya.o(.text)
    __aeabi_memcpy4                          0x080002e7   Thumb Code     0  memcpya.o(.text)
    __aeabi_memcpy8                          0x080002e7   Thumb Code     0  memcpya.o(.text)
    __aeabi_memset                           0x0800030b   Thumb Code    14  memseta.o(.text)
    __aeabi_memset4                          0x0800030b   Thumb Code     0  memseta.o(.text)
    __aeabi_memset8                          0x0800030b   Thumb Code     0  memseta.o(.text)
    __aeabi_memclr                           0x08000319   Thumb Code     4  memseta.o(.text)
    __aeabi_memclr4                          0x08000319   Thumb Code     0  memseta.o(.text)
    __aeabi_memclr8                          0x08000319   Thumb Code     0  memseta.o(.text)
    memset                                   0x0800031d   Thumb Code    18  memseta.o(.text)
    __aeabi_dadd                             0x0800032f   Thumb Code   322  dadd.o(.text)
    __aeabi_dsub                             0x08000471   Thumb Code     6  dadd.o(.text)
    __aeabi_drsub                            0x08000477   Thumb Code     6  dadd.o(.text)
    __aeabi_dmul                             0x0800047d   Thumb Code   228  dmul.o(.text)
    __aeabi_ddiv                             0x08000561   Thumb Code   222  ddiv.o(.text)
    __aeabi_i2d                              0x0800063f   Thumb Code    34  dflti.o(.text)
    __aeabi_f2d                              0x08000661   Thumb Code    38  f2d.o(.text)
    __aeabi_cdcmpeq                          0x08000689   Thumb Code     0  cdcmple.o(.text)
    __aeabi_cdcmple                          0x08000689   Thumb Code    48  cdcmple.o(.text)
    __aeabi_cdrcmple                         0x080006b9   Thumb Code    48  cdrcmple.o(.text)
    __aeabi_d2f                              0x080006e9   Thumb Code    56  d2f.o(.text)
    __aeabi_llsl                             0x08000721   Thumb Code    30  llshl.o(.text)
    _ll_shift_l                              0x08000721   Thumb Code     0  llshl.o(.text)
    __aeabi_llsr                             0x0800073f   Thumb Code    32  llushr.o(.text)
    _ll_ushift_r                             0x0800073f   Thumb Code     0  llushr.o(.text)
    __aeabi_lasr                             0x0800075f   Thumb Code    36  llsshr.o(.text)
    _ll_sshift_r                             0x0800075f   Thumb Code     0  llsshr.o(.text)
    __I$use$fp                               0x08000783   Thumb Code     0  iusefp.o(.text)
    _float_round                             0x08000783   Thumb Code    18  fepilogue.o(.text)
    _float_epilogue                          0x08000795   Thumb Code    92  fepilogue.o(.text)
    _double_round                            0x080007f1   Thumb Code    30  depilogue.o(.text)
    _double_epilogue                         0x0800080f   Thumb Code   156  depilogue.o(.text)
    __ARM_scalbn                             0x080008ab   Thumb Code    46  dscalb.o(.text)
    scalbn                                   0x080008ab   Thumb Code     0  dscalb.o(.text)
    __scatterload                            0x080008d9   Thumb Code    28  init.o(.text)
    __scatterload_rt2                        0x080008d9   Thumb Code     0  init.o(.text)
    _dsqrt                                   0x080008fd   Thumb Code   162  dsqrt.o(.text)
    __aeabi_ui2d                             0x0800099f   Thumb Code    26  dfltui.o(.text)
    __aeabi_d2iz                             0x080009b9   Thumb Code    62  dfixi.o(.text)
    __decompress                             0x080009f7   Thumb Code     0  __dczerorl.o(.text)
    __decompress0                            0x080009f7   Thumb Code    58  __dczerorl.o(.text)
    Arm_Ctrl                                 0x08000a31   Thumb Code   252  dm_control.o(i.Arm_Ctrl)
    Arm_Task                                 0x08000b59   Thumb Code    88  arm_task.o(i.Arm_Task)
    BusFault_Handler                         0x08000bc1   Thumb Code     4  stm32f4xx_it.o(i.BusFault_Handler)
    CAN2_RX0_IRQHandler                      0x08000bc5   Thumb Code    10  stm32f4xx_it.o(i.CAN2_RX0_IRQHandler)
    DM4310_angle_to_enc_p_int                0x08000bd5   Thumb Code    26  dm_control.o(i.DM4310_angle_to_enc_p_int)
    DM4310_enc_p_int_to_angle                0x08000bf9   Thumb Code    30  dm_control.o(i.DM4310_enc_p_int_to_angle)
    DM4340_angle_to_enc_p_int                0x08000c21   Thumb Code    26  dm_control.o(i.DM4340_angle_to_enc_p_int)
    DM4340_enc_p_int_to_angle                0x08000c45   Thumb Code    26  dm_control.o(i.DM4340_enc_p_int_to_angle)
    DM_Data_Init                             0x08000c69   Thumb Code   122  dm_control.o(i.DM_Data_Init)
    DM_PID_Init                              0x08000cf1   Thumb Code   236  dm_control.o(i.DM_PID_Init)
    DM_PID_Pos_Speed_Ctrl                    0x08000e4d   Thumb Code   240  dm_control.o(i.DM_PID_Pos_Speed_Ctrl)
    DebugMon_Handler                         0x08000f69   Thumb Code     2  stm32f4xx_it.o(i.DebugMon_Handler)
    Enable_DM_Motor                          0x08000f6d   Thumb Code    72  dm_control.o(i.Enable_DM_Motor)
    Error_Handler                            0x08000fb9   Thumb Code     6  main.o(i.Error_Handler)
    Get_DM4310_Data                          0x08000fc1   Thumb Code   200  dm_control.o(i.Get_DM4310_Data)
    Get_DM4340_Data                          0x08001095   Thumb Code   200  dm_control.o(i.Get_DM4340_Data)
    HAL_CAN_ActivateNotification             0x08001169   Thumb Code    42  stm32f4xx_hal_can.o(i.HAL_CAN_ActivateNotification)
    HAL_CAN_AddTxMessage                     0x08001193   Thumb Code   330  stm32f4xx_hal_can.o(i.HAL_CAN_AddTxMessage)
    HAL_CAN_ConfigFilter                     0x080012dd   Thumb Code   286  stm32f4xx_hal_can.o(i.HAL_CAN_ConfigFilter)
    HAL_CAN_ErrorCallback                    0x08001401   Thumb Code     2  stm32f4xx_hal_can.o(i.HAL_CAN_ErrorCallback)
    HAL_CAN_GetRxMessage                     0x08001403   Thumb Code   404  stm32f4xx_hal_can.o(i.HAL_CAN_GetRxMessage)
    HAL_CAN_IRQHandler                       0x08001597   Thumb Code   590  stm32f4xx_hal_can.o(i.HAL_CAN_IRQHandler)
    HAL_CAN_Init                             0x080017e5   Thumb Code   372  stm32f4xx_hal_can.o(i.HAL_CAN_Init)
    HAL_CAN_MspInit                          0x08001959   Thumb Code   168  can.o(i.HAL_CAN_MspInit)
    HAL_CAN_RxFifo0FullCallback              0x08001a0d   Thumb Code     2  stm32f4xx_hal_can.o(i.HAL_CAN_RxFifo0FullCallback)
    HAL_CAN_RxFifo0MsgPendingCallback        0x08001a11   Thumb Code    86  dm_control.o(i.HAL_CAN_RxFifo0MsgPendingCallback)
    HAL_CAN_RxFifo1FullCallback              0x08001a75   Thumb Code     2  stm32f4xx_hal_can.o(i.HAL_CAN_RxFifo1FullCallback)
    HAL_CAN_RxFifo1MsgPendingCallback        0x08001a77   Thumb Code     2  stm32f4xx_hal_can.o(i.HAL_CAN_RxFifo1MsgPendingCallback)
    HAL_CAN_SleepCallback                    0x08001a79   Thumb Code     2  stm32f4xx_hal_can.o(i.HAL_CAN_SleepCallback)
    HAL_CAN_Start                            0x08001a7b   Thumb Code    94  stm32f4xx_hal_can.o(i.HAL_CAN_Start)
    HAL_CAN_TxMailbox0AbortCallback          0x08001ad9   Thumb Code     2  stm32f4xx_hal_can.o(i.HAL_CAN_TxMailbox0AbortCallback)
    HAL_CAN_TxMailbox0CompleteCallback       0x08001adb   Thumb Code     2  stm32f4xx_hal_can.o(i.HAL_CAN_TxMailbox0CompleteCallback)
    HAL_CAN_TxMailbox1AbortCallback          0x08001add   Thumb Code     2  stm32f4xx_hal_can.o(i.HAL_CAN_TxMailbox1AbortCallback)
    HAL_CAN_TxMailbox1CompleteCallback       0x08001adf   Thumb Code     2  stm32f4xx_hal_can.o(i.HAL_CAN_TxMailbox1CompleteCallback)
    HAL_CAN_TxMailbox2AbortCallback          0x08001ae1   Thumb Code     2  stm32f4xx_hal_can.o(i.HAL_CAN_TxMailbox2AbortCallback)
    HAL_CAN_TxMailbox2CompleteCallback       0x08001ae3   Thumb Code     2  stm32f4xx_hal_can.o(i.HAL_CAN_TxMailbox2CompleteCallback)
    HAL_CAN_WakeUpFromRxMsgCallback          0x08001ae5   Thumb Code     2  stm32f4xx_hal_can.o(i.HAL_CAN_WakeUpFromRxMsgCallback)
    HAL_GPIO_Init                            0x08001ae9   Thumb Code   454  stm32f4xx_hal_gpio.o(i.HAL_GPIO_Init)
    HAL_GetTick                              0x08001cdd   Thumb Code     6  stm32f4xx_hal.o(i.HAL_GetTick)
    HAL_IncTick                              0x08001ce9   Thumb Code    16  stm32f4xx_hal.o(i.HAL_IncTick)
    HAL_Init                                 0x08001d01   Thumb Code    54  stm32f4xx_hal.o(i.HAL_Init)
    HAL_InitTick                             0x08001d3d   Thumb Code   160  stm32f4xx_hal_timebase_tim.o(i.HAL_InitTick)
    HAL_MspInit                              0x08001df1   Thumb Code    78  stm32f4xx_hal_msp.o(i.HAL_MspInit)
    HAL_NVIC_EnableIRQ                       0x08001e45   Thumb Code    40  stm32f4xx_hal_cortex.o(i.HAL_NVIC_EnableIRQ)
    HAL_NVIC_SetPriority                     0x08001e6d   Thumb Code   124  stm32f4xx_hal_cortex.o(i.HAL_NVIC_SetPriority)
    HAL_NVIC_SetPriorityGrouping             0x08001ee9   Thumb Code    32  stm32f4xx_hal_cortex.o(i.HAL_NVIC_SetPriorityGrouping)
    HAL_RCC_ClockConfig                      0x08001f11   Thumb Code   368  stm32f4xx_hal_rcc.o(i.HAL_RCC_ClockConfig)
    HAL_RCC_GetClockConfig                   0x08002095   Thumb Code    58  stm32f4xx_hal_rcc.o(i.HAL_RCC_GetClockConfig)
    HAL_RCC_GetHCLKFreq                      0x080020d9   Thumb Code     6  stm32f4xx_hal_rcc.o(i.HAL_RCC_GetHCLKFreq)
    HAL_RCC_GetPCLK1Freq                     0x080020e5   Thumb Code    22  stm32f4xx_hal_rcc.o(i.HAL_RCC_GetPCLK1Freq)
    HAL_RCC_GetPCLK2Freq                     0x08002105   Thumb Code    22  stm32f4xx_hal_rcc.o(i.HAL_RCC_GetPCLK2Freq)
    HAL_RCC_GetSysClockFreq                  0x08002125   Thumb Code   162  stm32f4xx_hal_rcc.o(i.HAL_RCC_GetSysClockFreq)
    HAL_RCC_OscConfig                        0x080021d5   Thumb Code  1172  stm32f4xx_hal_rcc.o(i.HAL_RCC_OscConfig)
    HAL_TIMEx_BreakCallback                  0x08002671   Thumb Code     2  stm32f4xx_hal_tim_ex.o(i.HAL_TIMEx_BreakCallback)
    HAL_TIMEx_CommutCallback                 0x08002673   Thumb Code     2  stm32f4xx_hal_tim_ex.o(i.HAL_TIMEx_CommutCallback)
    HAL_TIMEx_ConfigBreakDeadTime            0x08002675   Thumb Code   116  stm32f4xx_hal_tim_ex.o(i.HAL_TIMEx_ConfigBreakDeadTime)
    HAL_TIMEx_MasterConfigSynchronization    0x080026e9   Thumb Code   150  stm32f4xx_hal_tim_ex.o(i.HAL_TIMEx_MasterConfigSynchronization)
    HAL_TIM_Base_Init                        0x0800279d   Thumb Code   102  stm32f4xx_hal_tim.o(i.HAL_TIM_Base_Init)
    HAL_TIM_Base_MspInit                     0x08002805   Thumb Code   128  tim.o(i.HAL_TIM_Base_MspInit)
    HAL_TIM_Base_Start                       0x08002895   Thumb Code   126  stm32f4xx_hal_tim.o(i.HAL_TIM_Base_Start)
    HAL_TIM_Base_Start_IT                    0x08002931   Thumb Code   138  stm32f4xx_hal_tim.o(i.HAL_TIM_Base_Start_IT)
    HAL_TIM_ConfigClockSource                0x080029d9   Thumb Code   268  stm32f4xx_hal_tim.o(i.HAL_TIM_ConfigClockSource)
    HAL_TIM_IC_CaptureCallback               0x08002ae5   Thumb Code     2  stm32f4xx_hal_tim.o(i.HAL_TIM_IC_CaptureCallback)
    HAL_TIM_IRQHandler                       0x08002ae7   Thumb Code   364  stm32f4xx_hal_tim.o(i.HAL_TIM_IRQHandler)
    HAL_TIM_MspPostInit                      0x08002c55   Thumb Code   280  tim.o(i.HAL_TIM_MspPostInit)
    HAL_TIM_OC_DelayElapsedCallback          0x08002d8d   Thumb Code     2  stm32f4xx_hal_tim.o(i.HAL_TIM_OC_DelayElapsedCallback)
    HAL_TIM_PWM_ConfigChannel                0x08002d8f   Thumb Code   260  stm32f4xx_hal_tim.o(i.HAL_TIM_PWM_ConfigChannel)
    HAL_TIM_PWM_Init                         0x08002e93   Thumb Code   102  stm32f4xx_hal_tim.o(i.HAL_TIM_PWM_Init)
    HAL_TIM_PWM_MspInit                      0x08002ef9   Thumb Code     2  stm32f4xx_hal_tim.o(i.HAL_TIM_PWM_MspInit)
    HAL_TIM_PWM_PulseFinishedCallback        0x08002efb   Thumb Code     2  stm32f4xx_hal_tim.o(i.HAL_TIM_PWM_PulseFinishedCallback)
    HAL_TIM_PWM_Start                        0x08002efd   Thumb Code   238  stm32f4xx_hal_tim.o(i.HAL_TIM_PWM_Start)
    HAL_TIM_PeriodElapsedCallback            0x08003009   Thumb Code    18  main.o(i.HAL_TIM_PeriodElapsedCallback)
    HAL_TIM_TriggerCallback                  0x08003021   Thumb Code     2  stm32f4xx_hal_tim.o(i.HAL_TIM_TriggerCallback)
    HAL_UART_Init                            0x08003023   Thumb Code   118  stm32f4xx_hal_uart.o(i.HAL_UART_Init)
    HAL_UART_MspInit                         0x08003099   Thumb Code   182  usart.o(i.HAL_UART_MspInit)
    HardFault_Handler                        0x08003161   Thumb Code     4  stm32f4xx_it.o(i.HardFault_Handler)
    Inferior_arc_treatment                   0x08003165   Thumb Code    70  dm_control.o(i.Inferior_arc_treatment)
    MIT_Ctrl_DM_Motor                        0x080031ad   Thumb Code   240  dm_control.o(i.MIT_Ctrl_DM_Motor)
    MX_CAN2_Init                             0x080032ad   Thumb Code    58  can.o(i.MX_CAN2_Init)
    MX_FREERTOS_Init                         0x080032f1   Thumb Code    78  freertos.o(i.MX_FREERTOS_Init)
    MX_GPIO_Init                             0x08003351   Thumb Code   256  gpio.o(i.MX_GPIO_Init)
    MX_TIM1_Init                             0x08003459   Thumb Code   254  tim.o(i.MX_TIM1_Init)
    MX_TIM5_Init                             0x08003561   Thumb Code   186  tim.o(i.MX_TIM5_Init)
    MX_TIM8_Init                             0x08003625   Thumb Code   222  tim.o(i.MX_TIM8_Init)
    MX_USART1_UART_Init                      0x0800370d   Thumb Code    46  usart.o(i.MX_USART1_UART_Init)
    MemManage_Handler                        0x08003745   Thumb Code     4  stm32f4xx_it.o(i.MemManage_Handler)
    NMI_Handler                              0x08003749   Thumb Code     4  stm32f4xx_it.o(i.NMI_Handler)
    PID_calc                                 0x0800374d   Thumb Code   492  pid.o(i.PID_calc)
    PID_init                                 0x0800393d   Thumb Code    92  pid.o(i.PID_init)
    Servo_Ctrl_arm                           0x0800399d   Thumb Code    26  servo.o(i.Servo_Ctrl_arm)
    Servo_Ctrl_claw                          0x080039bd   Thumb Code    70  servo.o(i.Servo_Ctrl_claw)
    Servo_Init                               0x08003a09   Thumb Code    64  servo.o(i.Servo_Init)
    Servo_arm_angle_to_pwm                   0x08003a51   Thumb Code    86  servo.o(i.Servo_arm_angle_to_pwm)
    Start_Task                               0x08003ac1   Thumb Code   126  start_task.o(i.Start_Task)
    SysTick_Handler                          0x08003b59   Thumb Code    46  port.o(i.SysTick_Handler)
    SystemClock_Config                       0x08003b8d   Thumb Code   170  main.o(i.SystemClock_Config)
    SystemInit                               0x08003c41   Thumb Code    14  system_stm32f4xx.o(i.SystemInit)
    TIM7_IRQHandler                          0x08003c55   Thumb Code    10  stm32f4xx_it.o(i.TIM7_IRQHandler)
    TIM_Base_SetConfig                       0x08003c65   Thumb Code   186  stm32f4xx_hal_tim.o(i.TIM_Base_SetConfig)
    TIM_CCxChannelCmd                        0x08003d4d   Thumb Code    34  stm32f4xx_hal_tim.o(i.TIM_CCxChannelCmd)
    TIM_ETR_SetConfig                        0x08003d6f   Thumb Code    22  stm32f4xx_hal_tim.o(i.TIM_ETR_SetConfig)
    TIM_OC2_SetConfig                        0x08003e09   Thumb Code   114  stm32f4xx_hal_tim.o(i.TIM_OC2_SetConfig)
    Total_Task                               0x08003fa1   Thumb Code   876  total_task.o(i.Total_Task)
    UsageFault_Handler                       0x08004575   Thumb Code     4  stm32f4xx_it.o(i.UsageFault_Handler)
    __ARM_fpclassify                         0x08004579   Thumb Code    48  fpclassify.o(i.__ARM_fpclassify)
    __hardfp_acos                            0x080045e1   Thumb Code   738  acos.o(i.__hardfp_acos)
    __hardfp_atan                            0x08004939   Thumb Code   622  atan.o(i.__hardfp_atan)
    __hardfp_cos                             0x08004c11   Thumb Code   180  cos.o(i.__hardfp_cos)
    __hardfp_fabs                            0x08004cd9   Thumb Code    20  fabs.o(i.__hardfp_fabs)
    __hardfp_pow                             0x08004cf1   Thumb Code  3072  pow.o(i.__hardfp_pow)
    __hardfp_sin                             0x08005941   Thumb Code   180  sin.o(i.__hardfp_sin)
    __ieee754_rem_pio2                       0x08005a09   Thumb Code   938  rred.o(i.__ieee754_rem_pio2)
    __kernel_cos                             0x08005e41   Thumb Code   322  cos_i.o(i.__kernel_cos)
    __kernel_poly                            0x08005fb1   Thumb Code   248  poly.o(i.__kernel_poly)
    __kernel_sin                             0x080060a9   Thumb Code   280  sin_i.o(i.__kernel_sin)
    __mathlib_dbl_divzero                    0x080061d9   Thumb Code    28  dunder.o(i.__mathlib_dbl_divzero)
    __mathlib_dbl_infnan                     0x08006209   Thumb Code    20  dunder.o(i.__mathlib_dbl_infnan)
    __mathlib_dbl_infnan2                    0x0800621d   Thumb Code    20  dunder.o(i.__mathlib_dbl_infnan2)
    __mathlib_dbl_invalid                    0x08006231   Thumb Code    24  dunder.o(i.__mathlib_dbl_invalid)
    __mathlib_dbl_overflow                   0x08006251   Thumb Code    24  dunder.o(i.__mathlib_dbl_overflow)
    __mathlib_dbl_underflow                  0x08006271   Thumb Code    24  dunder.o(i.__mathlib_dbl_underflow)
    __scatterload_copy                       0x08006291   Thumb Code    14  handlers.o(i.__scatterload_copy)
    __scatterload_null                       0x0800629f   Thumb Code     2  handlers.o(i.__scatterload_null)
    __scatterload_zeroinit                   0x080062a1   Thumb Code    14  handlers.o(i.__scatterload_zeroinit)
    __set_errno                              0x080062b1   Thumb Code     6  errno.o(i.__set_errno)
    arms_js                                  0x080062bd   Thumb Code  1582  arm_posture_calculate.o(i.arms_js)
    can_filter_init                          0x08006905   Thumb Code    56  bsp_can.o(i.can_filter_init)
    dtor                                     0x08006941   Thumb Code    22  arm_posture_calculate.o(i.dtor)
    fabs                                     0x08006961   Thumb Code    24  fabs.o(i.fabs)
    float_to_uint                            0x08006979   Thumb Code    50  dm_control.o(i.float_to_uint)
    led_init                                 0x080069ad   Thumb Code    34  bsp_led.o(i.led_init)
    main                                     0x080069d5   Thumb Code    44  main.o(i.main)
    osDelay                                  0x08006a0f   Thumb Code    24  cmsis_os.o(i.osDelay)
    osKernelStart                            0x08006a27   Thumb Code    10  cmsis_os.o(i.osKernelStart)
    osThreadCreate                           0x08006a31   Thumb Code    94  cmsis_os.o(i.osThreadCreate)
    pvPortMalloc                             0x08006f69   Thumb Code   306  heap_4.o(i.pvPortMalloc)
    pxPortInitialiseStack                    0x080070b5   Thumb Code    38  port.o(i.pxPortInitialiseStack)
    ramp_function                            0x080070e1   Thumb Code   160  dm_control.o(i.ramp_function)
    re_dis                                   0x08007181   Thumb Code   164  arm_posture_calculate.o(i.re_dis)
    rtod                                     0x08007235   Thumb Code    22  arm_posture_calculate.o(i.rtod)
    sqrt                                     0x08007255   Thumb Code   110  sqrt.o(i.sqrt)
    tri_cos                                  0x080072c5   Thumb Code   310  arm_posture_calculate.o(i.tri_cos)
    uint_to_float                            0x08007409   Thumb Code    52  dm_control.o(i.uint_to_float)
    uxListRemove                             0x0800743d   Thumb Code    40  list.o(i.uxListRemove)
    vApplicationGetIdleTaskMemory            0x08007465   Thumb Code    14  freertos.o(i.vApplicationGetIdleTaskMemory)
    vListInitialise                          0x0800747d   Thumb Code    26  list.o(i.vListInitialise)
    vListInitialiseItem                      0x08007497   Thumb Code     6  list.o(i.vListInitialiseItem)
    vListInsert                              0x0800749d   Thumb Code    52  list.o(i.vListInsert)
    vListInsertEnd                           0x080074d1   Thumb Code    24  list.o(i.vListInsertEnd)
    vPortEnterCritical                       0x080074e9   Thumb Code    76  port.o(i.vPortEnterCritical)
    vPortExitCritical                        0x0800753d   Thumb Code    56  port.o(i.vPortExitCritical)
    vPortFree                                0x08007579   Thumb Code   150  heap_4.o(i.vPortFree)
    vPortSetupTimerInterrupt                 0x0800761d   Thumb Code    36  port.o(i.vPortSetupTimerInterrupt)
    vTaskDelay                               0x08007645   Thumb Code    82  tasks.o(i.vTaskDelay)
    vTaskDelete                              0x080076a1   Thumb Code   202  tasks.o(i.vTaskDelete)
    vTaskResume                              0x08007795   Thumb Code   128  tasks.o(i.vTaskResume)
    vTaskStartScheduler                      0x08007825   Thumb Code   146  tasks.o(i.vTaskStartScheduler)
    vTaskSuspend                             0x080078d5   Thumb Code   210  tasks.o(i.vTaskSuspend)
    vTaskSuspendAll                          0x080079c9   Thumb Code    12  tasks.o(i.vTaskSuspendAll)
    vTaskSwitchContext                       0x080079d9   Thumb Code   118  tasks.o(i.vTaskSwitchContext)
    xPortStartScheduler                      0x08007a65   Thumb Code   330  port.o(i.xPortStartScheduler)
    xTaskCreate                              0x08007bcd   Thumb Code   100  tasks.o(i.xTaskCreate)
    xTaskCreateStatic                        0x08007c31   Thumb Code   186  tasks.o(i.xTaskCreateStatic)
    xTaskIncrementTick                       0x08007ced   Thumb Code   282  tasks.o(i.xTaskIncrementTick)
    xTaskResumeAll                           0x08007e35   Thumb Code   224  tasks.o(i.xTaskResumeAll)
    AHBPrescTable                            0x08007f8c   Data          16  system_stm32f4xx.o(.constdata)
    APBPrescTable                            0x08007f9c   Data           8  system_stm32f4xx.o(.constdata)
    __mathlib_zero                           0x08008148   Data           8  qnan.o(.constdata)
    Region$$Table$$Base                      0x08008264   Number         0  anon$$obj.o(Region$$Table)
    Region$$Table$$Limit                     0x08008284   Number         0  anon$$obj.o(Region$$Table)
    start_taskHandle                         0x20000000   Data           4  freertos.o(.data)
    arm_taskHandle                           0x20000004   Data           4  freertos.o(.data)
    total_taskHandle                         0x20000008   Data           4  freertos.o(.data)
    uwTick                                   0x2000000c   Data           4  stm32f4xx_hal.o(.data)
    uwTickPrio                               0x20000010   Data           4  stm32f4xx_hal.o(.data)
    uwTickFreq                               0x20000014   Data           1  stm32f4xx_hal.o(.data)
    SystemCoreClock                          0x20000018   Data           4  system_stm32f4xx.o(.data)
    pxCurrentTCB                             0x2000001c   Data           4  tasks.o(.data)
    arm_catch_flag                           0x20000084   Data           4  arm_task.o(.data)
    i                                        0x20000088   Data           4  total_task.o(.data)
    ii                                       0x2000008c   Data           4  total_task.o(.data)
    DM4340_speed_kp                          0x20000090   Data           4  configs.o(.data)
    DM4340_speed_ki                          0x20000094   Data           4  configs.o(.data)
    DM4340_speed_kd                          0x20000098   Data           4  configs.o(.data)
    DM4340_speed_max_out                     0x2000009c   Data           4  configs.o(.data)
    DM4340_speed_max_iout                    0x200000a0   Data           4  configs.o(.data)
    DM4340_pos_kp                            0x200000a4   Data           4  configs.o(.data)
    DM4340_pos_ki                            0x200000a8   Data           4  configs.o(.data)
    DM4340_pos_kd                            0x200000ac   Data           4  configs.o(.data)
    DM4340_pos_max_out                       0x200000b0   Data           4  configs.o(.data)
    DM4340_pos_max_iout                      0x200000b4   Data           4  configs.o(.data)
    DM4310_speed_kp                          0x200000b8   Data           4  configs.o(.data)
    DM4310_speed_ki                          0x200000bc   Data           4  configs.o(.data)
    DM4310_speed_kd                          0x200000c0   Data           4  configs.o(.data)
    DM4310_speed_max_out                     0x200000c4   Data           4  configs.o(.data)
    DM4310_speed_max_iout                    0x200000c8   Data           4  configs.o(.data)
    DM4310_pos_kp                            0x200000cc   Data           4  configs.o(.data)
    DM4310_pos_ki                            0x200000d0   Data           4  configs.o(.data)
    DM4310_pos_kd                            0x200000d4   Data           4  configs.o(.data)
    DM4310_pos_max_out                       0x200000d8   Data           4  configs.o(.data)
    DM4310_pos_max_iout                      0x200000dc   Data           4  configs.o(.data)
    DM4340_LPF_K                             0x200000e0   Data           4  configs.o(.data)
    DM4310_LPF_K                             0x200000e4   Data           4  configs.o(.data)
    DM4340_target_speed                      0x200000e8   Data           4  configs.o(.data)
    DM4340_target_pos                        0x200000ec   Data           4  configs.o(.data)
    DM4310_target_speed                      0x200000f0   Data           4  configs.o(.data)
    DM4310_target_pos                        0x200000f4   Data           4  configs.o(.data)
    Servo_target_angle                       0x200000f8   Data           4  configs.o(.data)
    DM4310_target_pos_int                    0x200000fc   Data           4  configs.o(.data)
    DM4340_target_pos_int                    0x20000100   Data           4  configs.o(.data)
    target_x_follow                          0x20000104   Data           4  configs.o(.data)
    target_y_follow                          0x20000108   Data           4  configs.o(.data)
    target_angle_follow                      0x2000010c   Data           4  configs.o(.data)
    target_x                                 0x20000110   Data           4  configs.o(.data)
    target_y                                 0x20000114   Data           4  configs.o(.data)
    target_angle                             0x20000118   Data           4  configs.o(.data)
    DM4310_delta_enc                         0x2000011c   Data           4  configs.o(.data)
    last_DM4310_delta_enc                    0x20000120   Data           4  configs.o(.data)
    flag_z                                   0x20000124   Data           1  configs.o(.data)
    force_sensing_flag                       0x20000125   Data           1  configs.o(.data)
    hcan2                                    0x20000380   Data          40  can.o(.bss)
    htim1                                    0x200003a8   Data          72  tim.o(.bss)
    htim5                                    0x200003f0   Data          72  tim.o(.bss)
    htim8                                    0x20000438   Data          72  tim.o(.bss)
    huart1                                   0x20000480   Data          72  usart.o(.bss)
    htim7                                    0x200004c8   Data          72  stm32f4xx_hal_timebase_tim.o(.bss)
    DM4340_speed_PID                         0x20004200   Data          12  configs.o(.bss)
    DM4340_pos_PID                           0x2000420c   Data          12  configs.o(.bss)
    DM4310_speed_PID                         0x20004218   Data          12  configs.o(.bss)
    DM4310_pos_PID                           0x20004224   Data          12  configs.o(.bss)
    DM4340_Data                              0x20004230   Data          40  configs.o(.bss)
    DM4310_Data                              0x20004258   Data          40  configs.o(.bss)
    DM4340_speed_pid                         0x20004280   Data          72  configs.o(.bss)
    DM4310_speed_pid                         0x200042c8   Data          72  configs.o(.bss)
    DM4340_pos_pid                           0x20004310   Data          72  configs.o(.bss)
    DM4310_pos_pid                           0x20004358   Data          72  configs.o(.bss)
    arms_js_data                             0x200043a0   Data          16  configs.o(.bss)
    __initial_sp                             0x200047b0   Data           0  startup_stm32f407xx.o(STACK)



==============================================================================

Memory Map of the image

  Image Entry point : 0x08000189

  Load Region LR_IROM1 (Base: 0x08000000, Size: 0x000083b0, Max: 0x00100000, ABSOLUTE, COMPRESSED[0x000082d4])

    Execution Region ER_IROM1 (Exec base: 0x08000000, Load base: 0x08000000, Size: 0x00008284, Max: 0x00100000, ABSOLUTE)

    Exec Addr    Load Addr    Size         Type   Attr      Idx    E Section Name        Object

    0x08000000   0x08000000   0x00000188   Data   RO            3    RESET               startup_stm32f407xx.o
    0x08000188   0x08000188   0x00000000   Code   RO         5365  * .ARM.Collect$$$$00000000  mc_w.l(entry.o)
    0x08000188   0x08000188   0x00000004   Code   RO         5439    .ARM.Collect$$$$00000001  mc_w.l(entry2.o)
    0x0800018c   0x0800018c   0x00000004   Code   RO         5442    .ARM.Collect$$$$00000004  mc_w.l(entry5.o)
    0x08000190   0x08000190   0x00000000   Code   RO         5444    .ARM.Collect$$$$00000008  mc_w.l(entry7b.o)
    0x08000190   0x08000190   0x00000000   Code   RO         5446    .ARM.Collect$$$$0000000A  mc_w.l(entry8b.o)
    0x08000190   0x08000190   0x00000008   Code   RO         5447    .ARM.Collect$$$$0000000B  mc_w.l(entry9a.o)
    0x08000198   0x08000198   0x00000004   Code   RO         5454    .ARM.Collect$$$$0000000E  mc_w.l(entry12b.o)
    0x0800019c   0x0800019c   0x00000000   Code   RO         5449    .ARM.Collect$$$$0000000F  mc_w.l(entry10a.o)
    0x0800019c   0x0800019c   0x00000000   Code   RO         5451    .ARM.Collect$$$$00000011  mc_w.l(entry11a.o)
    0x0800019c   0x0800019c   0x00000004   Code   RO         5440    .ARM.Collect$$$$00002712  mc_w.l(entry2.o)
    0x080001a0   0x080001a0   0x000000be   Code   RO         4683    .emb_text           port.o
    0x0800025e   0x0800025e   0x00000002   PAD
    0x08000260   0x08000260   0x00000024   Code   RO            4    .text               startup_stm32f407xx.o
    0x08000284   0x08000284   0x00000062   Code   RO         5368    .text               mc_w.l(uldiv.o)
    0x080002e6   0x080002e6   0x00000024   Code   RO         5370    .text               mc_w.l(memcpya.o)
    0x0800030a   0x0800030a   0x00000024   Code   RO         5374    .text               mc_w.l(memseta.o)
    0x0800032e   0x0800032e   0x0000014e   Code   RO         5378    .text               mf_w.l(dadd.o)
    0x0800047c   0x0800047c   0x000000e4   Code   RO         5380    .text               mf_w.l(dmul.o)
    0x08000560   0x08000560   0x000000de   Code   RO         5382    .text               mf_w.l(ddiv.o)
    0x0800063e   0x0800063e   0x00000022   Code   RO         5384    .text               mf_w.l(dflti.o)
    0x08000660   0x08000660   0x00000026   Code   RO         5386    .text               mf_w.l(f2d.o)
    0x08000686   0x08000686   0x00000002   PAD
    0x08000688   0x08000688   0x00000030   Code   RO         5388    .text               mf_w.l(cdcmple.o)
    0x080006b8   0x080006b8   0x00000030   Code   RO         5390    .text               mf_w.l(cdrcmple.o)
    0x080006e8   0x080006e8   0x00000038   Code   RO         5392    .text               mf_w.l(d2f.o)
    0x08000720   0x08000720   0x0000001e   Code   RO         5455    .text               mc_w.l(llshl.o)
    0x0800073e   0x0800073e   0x00000020   Code   RO         5457    .text               mc_w.l(llushr.o)
    0x0800075e   0x0800075e   0x00000024   Code   RO         5459    .text               mc_w.l(llsshr.o)
    0x08000782   0x08000782   0x00000000   Code   RO         5468    .text               mc_w.l(iusefp.o)
    0x08000782   0x08000782   0x0000006e   Code   RO         5469    .text               mf_w.l(fepilogue.o)
    0x080007f0   0x080007f0   0x000000ba   Code   RO         5471    .text               mf_w.l(depilogue.o)
    0x080008aa   0x080008aa   0x0000002e   Code   RO         5475    .text               mf_w.l(dscalb.o)
    0x080008d8   0x080008d8   0x00000024   Code   RO         5477    .text               mc_w.l(init.o)
    0x080008fc   0x080008fc   0x000000a2   Code   RO         5479    .text               mf_w.l(dsqrt.o)
    0x0800099e   0x0800099e   0x0000001a   Code   RO         5481    .text               mf_w.l(dfltui.o)
    0x080009b8   0x080009b8   0x0000003e   Code   RO         5483    .text               mf_w.l(dfixi.o)
    0x080009f6   0x080009f6   0x0000003a   Code   RO         5493    .text               mc_w.l(__dczerorl.o)
    0x08000a30   0x08000a30   0x00000128   Code   RO         4918    i.Arm_Ctrl          dm_control.o
    0x08000b58   0x08000b58   0x00000068   Code   RO         4794    i.Arm_Task          arm_task.o
    0x08000bc0   0x08000bc0   0x00000004   Code   RO          496    i.BusFault_Handler  stm32f4xx_it.o
    0x08000bc4   0x08000bc4   0x00000010   Code   RO          497    i.CAN2_RX0_IRQHandler  stm32f4xx_it.o
    0x08000bd4   0x08000bd4   0x00000024   Code   RO         4919    i.DM4310_angle_to_enc_p_int  dm_control.o
    0x08000bf8   0x08000bf8   0x00000028   Code   RO         4920    i.DM4310_enc_p_int_to_angle  dm_control.o
    0x08000c20   0x08000c20   0x00000024   Code   RO         4921    i.DM4340_angle_to_enc_p_int  dm_control.o
    0x08000c44   0x08000c44   0x00000024   Code   RO         4922    i.DM4340_enc_p_int_to_angle  dm_control.o
    0x08000c68   0x08000c68   0x00000088   Code   RO         4923    i.DM_Data_Init      dm_control.o
    0x08000cf0   0x08000cf0   0x0000015c   Code   RO         4924    i.DM_PID_Init       dm_control.o
    0x08000e4c   0x08000e4c   0x0000011c   Code   RO         4925    i.DM_PID_Pos_Speed_Ctrl  dm_control.o
    0x08000f68   0x08000f68   0x00000002   Code   RO          498    i.DebugMon_Handler  stm32f4xx_it.o
    0x08000f6a   0x08000f6a   0x00000002   PAD
    0x08000f6c   0x08000f6c   0x0000004c   Code   RO         4927    i.Enable_DM_Motor   dm_control.o
    0x08000fb8   0x08000fb8   0x00000006   Code   RO           13    i.Error_Handler     main.o
    0x08000fbe   0x08000fbe   0x00000002   PAD
    0x08000fc0   0x08000fc0   0x000000d4   Code   RO         4928    i.Get_DM4310_Data   dm_control.o
    0x08001094   0x08001094   0x000000d4   Code   RO         4929    i.Get_DM4340_Data   dm_control.o
    0x08001168   0x08001168   0x0000002a   Code   RO          630    i.HAL_CAN_ActivateNotification  stm32f4xx_hal_can.o
    0x08001192   0x08001192   0x0000014a   Code   RO          631    i.HAL_CAN_AddTxMessage  stm32f4xx_hal_can.o
    0x080012dc   0x080012dc   0x00000124   Code   RO          632    i.HAL_CAN_ConfigFilter  stm32f4xx_hal_can.o
    0x08001400   0x08001400   0x00000002   Code   RO          635    i.HAL_CAN_ErrorCallback  stm32f4xx_hal_can.o
    0x08001402   0x08001402   0x00000194   Code   RO          638    i.HAL_CAN_GetRxMessage  stm32f4xx_hal_can.o
    0x08001596   0x08001596   0x0000024e   Code   RO          642    i.HAL_CAN_IRQHandler  stm32f4xx_hal_can.o
    0x080017e4   0x080017e4   0x00000174   Code   RO          643    i.HAL_CAN_Init      stm32f4xx_hal_can.o
    0x08001958   0x08001958   0x000000b4   Code   RO          353    i.HAL_CAN_MspInit   can.o
    0x08001a0c   0x08001a0c   0x00000002   Code   RO          650    i.HAL_CAN_RxFifo0FullCallback  stm32f4xx_hal_can.o
    0x08001a0e   0x08001a0e   0x00000002   PAD
    0x08001a10   0x08001a10   0x00000064   Code   RO         4930    i.HAL_CAN_RxFifo0MsgPendingCallback  dm_control.o
    0x08001a74   0x08001a74   0x00000002   Code   RO          652    i.HAL_CAN_RxFifo1FullCallback  stm32f4xx_hal_can.o
    0x08001a76   0x08001a76   0x00000002   Code   RO          653    i.HAL_CAN_RxFifo1MsgPendingCallback  stm32f4xx_hal_can.o
    0x08001a78   0x08001a78   0x00000002   Code   RO          654    i.HAL_CAN_SleepCallback  stm32f4xx_hal_can.o
    0x08001a7a   0x08001a7a   0x0000005e   Code   RO          655    i.HAL_CAN_Start     stm32f4xx_hal_can.o
    0x08001ad8   0x08001ad8   0x00000002   Code   RO          657    i.HAL_CAN_TxMailbox0AbortCallback  stm32f4xx_hal_can.o
    0x08001ada   0x08001ada   0x00000002   Code   RO          658    i.HAL_CAN_TxMailbox0CompleteCallback  stm32f4xx_hal_can.o
    0x08001adc   0x08001adc   0x00000002   Code   RO          659    i.HAL_CAN_TxMailbox1AbortCallback  stm32f4xx_hal_can.o
    0x08001ade   0x08001ade   0x00000002   Code   RO          660    i.HAL_CAN_TxMailbox1CompleteCallback  stm32f4xx_hal_can.o
    0x08001ae0   0x08001ae0   0x00000002   Code   RO          661    i.HAL_CAN_TxMailbox2AbortCallback  stm32f4xx_hal_can.o
    0x08001ae2   0x08001ae2   0x00000002   Code   RO          662    i.HAL_CAN_TxMailbox2CompleteCallback  stm32f4xx_hal_can.o
    0x08001ae4   0x08001ae4   0x00000002   Code   RO          664    i.HAL_CAN_WakeUpFromRxMsgCallback  stm32f4xx_hal_can.o
    0x08001ae6   0x08001ae6   0x00000002   PAD
    0x08001ae8   0x08001ae8   0x000001f4   Code   RO         1263    i.HAL_GPIO_Init     stm32f4xx_hal_gpio.o
    0x08001cdc   0x08001cdc   0x0000000c   Code   RO         1806    i.HAL_GetTick       stm32f4xx_hal.o
    0x08001ce8   0x08001ce8   0x00000018   Code   RO         1812    i.HAL_IncTick       stm32f4xx_hal.o
    0x08001d00   0x08001d00   0x0000003c   Code   RO         1813    i.HAL_Init          stm32f4xx_hal.o
    0x08001d3c   0x08001d3c   0x000000b4   Code   RO          590    i.HAL_InitTick      stm32f4xx_hal_timebase_tim.o
    0x08001df0   0x08001df0   0x00000054   Code   RO          566    i.HAL_MspInit       stm32f4xx_hal_msp.o
    0x08001e44   0x08001e44   0x00000028   Code   RO         1653    i.HAL_NVIC_EnableIRQ  stm32f4xx_hal_cortex.o
    0x08001e6c   0x08001e6c   0x0000007c   Code   RO         1659    i.HAL_NVIC_SetPriority  stm32f4xx_hal_cortex.o
    0x08001ee8   0x08001ee8   0x00000028   Code   RO         1660    i.HAL_NVIC_SetPriorityGrouping  stm32f4xx_hal_cortex.o
    0x08001f10   0x08001f10   0x00000184   Code   RO          864    i.HAL_RCC_ClockConfig  stm32f4xx_hal_rcc.o
    0x08002094   0x08002094   0x00000044   Code   RO          868    i.HAL_RCC_GetClockConfig  stm32f4xx_hal_rcc.o
    0x080020d8   0x080020d8   0x0000000c   Code   RO          869    i.HAL_RCC_GetHCLKFreq  stm32f4xx_hal_rcc.o
    0x080020e4   0x080020e4   0x00000020   Code   RO          871    i.HAL_RCC_GetPCLK1Freq  stm32f4xx_hal_rcc.o
    0x08002104   0x08002104   0x00000020   Code   RO          872    i.HAL_RCC_GetPCLK2Freq  stm32f4xx_hal_rcc.o
    0x08002124   0x08002124   0x000000b0   Code   RO          873    i.HAL_RCC_GetSysClockFreq  stm32f4xx_hal_rcc.o
    0x080021d4   0x080021d4   0x0000049c   Code   RO          876    i.HAL_RCC_OscConfig  stm32f4xx_hal_rcc.o
    0x08002670   0x08002670   0x00000002   Code   RO         2768    i.HAL_TIMEx_BreakCallback  stm32f4xx_hal_tim_ex.o
    0x08002672   0x08002672   0x00000002   Code   RO         2769    i.HAL_TIMEx_CommutCallback  stm32f4xx_hal_tim_ex.o
    0x08002674   0x08002674   0x00000074   Code   RO         2771    i.HAL_TIMEx_ConfigBreakDeadTime  stm32f4xx_hal_tim_ex.o
    0x080026e8   0x080026e8   0x000000b4   Code   RO         2787    i.HAL_TIMEx_MasterConfigSynchronization  stm32f4xx_hal_tim_ex.o
    0x0800279c   0x0800279c   0x00000066   Code   RO         2053    i.HAL_TIM_Base_Init  stm32f4xx_hal_tim.o
    0x08002802   0x08002802   0x00000002   PAD
    0x08002804   0x08002804   0x00000090   Code   RO          395    i.HAL_TIM_Base_MspInit  tim.o
    0x08002894   0x08002894   0x0000009c   Code   RO         2056    i.HAL_TIM_Base_Start  stm32f4xx_hal_tim.o
    0x08002930   0x08002930   0x000000a8   Code   RO         2058    i.HAL_TIM_Base_Start_IT  stm32f4xx_hal_tim.o
    0x080029d8   0x080029d8   0x0000010c   Code   RO         2062    i.HAL_TIM_ConfigClockSource  stm32f4xx_hal_tim.o
    0x08002ae4   0x08002ae4   0x00000002   Code   RO         2087    i.HAL_TIM_IC_CaptureCallback  stm32f4xx_hal_tim.o
    0x08002ae6   0x08002ae6   0x0000016c   Code   RO         2101    i.HAL_TIM_IRQHandler  stm32f4xx_hal_tim.o
    0x08002c52   0x08002c52   0x00000002   PAD
    0x08002c54   0x08002c54   0x00000138   Code   RO          396    i.HAL_TIM_MspPostInit  tim.o
    0x08002d8c   0x08002d8c   0x00000002   Code   RO         2104    i.HAL_TIM_OC_DelayElapsedCallback  stm32f4xx_hal_tim.o
    0x08002d8e   0x08002d8e   0x00000104   Code   RO         2125    i.HAL_TIM_PWM_ConfigChannel  stm32f4xx_hal_tim.o
    0x08002e92   0x08002e92   0x00000066   Code   RO         2128    i.HAL_TIM_PWM_Init  stm32f4xx_hal_tim.o
    0x08002ef8   0x08002ef8   0x00000002   Code   RO         2130    i.HAL_TIM_PWM_MspInit  stm32f4xx_hal_tim.o
    0x08002efa   0x08002efa   0x00000002   Code   RO         2131    i.HAL_TIM_PWM_PulseFinishedCallback  stm32f4xx_hal_tim.o
    0x08002efc   0x08002efc   0x0000010c   Code   RO         2133    i.HAL_TIM_PWM_Start  stm32f4xx_hal_tim.o
    0x08003008   0x08003008   0x00000018   Code   RO           14    i.HAL_TIM_PeriodElapsedCallback  main.o
    0x08003020   0x08003020   0x00000002   Code   RO         2144    i.HAL_TIM_TriggerCallback  stm32f4xx_hal_tim.o
    0x08003022   0x08003022   0x00000076   Code   RO         3065    i.HAL_UART_Init     stm32f4xx_hal_uart.o
    0x08003098   0x08003098   0x000000c8   Code   RO          455    i.HAL_UART_MspInit  usart.o
    0x08003160   0x08003160   0x00000004   Code   RO          499    i.HardFault_Handler  stm32f4xx_it.o
    0x08003164   0x08003164   0x00000046   Code   RO         4931    i.Inferior_arc_treatment  dm_control.o
    0x080031aa   0x080031aa   0x00000002   PAD
    0x080031ac   0x080031ac   0x00000100   Code   RO         4932    i.MIT_Ctrl_DM_Motor  dm_control.o
    0x080032ac   0x080032ac   0x00000044   Code   RO          354    i.MX_CAN2_Init      can.o
    0x080032f0   0x080032f0   0x00000060   Code   RO          288    i.MX_FREERTOS_Init  freertos.o
    0x08003350   0x08003350   0x00000108   Code   RO          263    i.MX_GPIO_Init      gpio.o
    0x08003458   0x08003458   0x00000108   Code   RO          397    i.MX_TIM1_Init      tim.o
    0x08003560   0x08003560   0x000000c4   Code   RO          398    i.MX_TIM5_Init      tim.o
    0x08003624   0x08003624   0x000000e8   Code   RO          399    i.MX_TIM8_Init      tim.o
    0x0800370c   0x0800370c   0x00000038   Code   RO          456    i.MX_USART1_UART_Init  usart.o
    0x08003744   0x08003744   0x00000004   Code   RO          500    i.MemManage_Handler  stm32f4xx_it.o
    0x08003748   0x08003748   0x00000004   Code   RO          501    i.NMI_Handler       stm32f4xx_it.o
    0x0800374c   0x0800374c   0x000001f0   Code   RO         5062    i.PID_calc          pid.o
    0x0800393c   0x0800393c   0x00000060   Code   RO         5064    i.PID_init          pid.o
    0x0800399c   0x0800399c   0x00000020   Code   RO         5153    i.Servo_Ctrl_arm    servo.o
    0x080039bc   0x080039bc   0x0000004c   Code   RO         5154    i.Servo_Ctrl_claw   servo.o
    0x08003a08   0x08003a08   0x00000048   Code   RO         5155    i.Servo_Init        servo.o
    0x08003a50   0x08003a50   0x00000070   Code   RO         5156    i.Servo_arm_angle_to_pwm  servo.o
    0x08003ac0   0x08003ac0   0x00000098   Code   RO         4763    i.Start_Task        start_task.o
    0x08003b58   0x08003b58   0x00000034   Code   RO         4684    i.SysTick_Handler   port.o
    0x08003b8c   0x08003b8c   0x000000b4   Code   RO           15    i.SystemClock_Config  main.o
    0x08003c40   0x08003c40   0x00000014   Code   RO         3409    i.SystemInit        system_stm32f4xx.o
    0x08003c54   0x08003c54   0x00000010   Code   RO          502    i.TIM7_IRQHandler   stm32f4xx_it.o
    0x08003c64   0x08003c64   0x000000e8   Code   RO         2146    i.TIM_Base_SetConfig  stm32f4xx_hal_tim.o
    0x08003d4c   0x08003d4c   0x00000022   Code   RO         2147    i.TIM_CCxChannelCmd  stm32f4xx_hal_tim.o
    0x08003d6e   0x08003d6e   0x00000016   Code   RO         2157    i.TIM_ETR_SetConfig  stm32f4xx_hal_tim.o
    0x08003d84   0x08003d84   0x00000012   Code   RO         2158    i.TIM_ITRx_SetConfig  stm32f4xx_hal_tim.o
    0x08003d96   0x08003d96   0x00000002   PAD
    0x08003d98   0x08003d98   0x00000070   Code   RO         2159    i.TIM_OC1_SetConfig  stm32f4xx_hal_tim.o
    0x08003e08   0x08003e08   0x0000007c   Code   RO         2160    i.TIM_OC2_SetConfig  stm32f4xx_hal_tim.o
    0x08003e84   0x08003e84   0x00000078   Code   RO         2161    i.TIM_OC3_SetConfig  stm32f4xx_hal_tim.o
    0x08003efc   0x08003efc   0x00000054   Code   RO         2162    i.TIM_OC4_SetConfig  stm32f4xx_hal_tim.o
    0x08003f50   0x08003f50   0x00000026   Code   RO         2164    i.TIM_TI1_ConfigInputStage  stm32f4xx_hal_tim.o
    0x08003f76   0x08003f76   0x00000028   Code   RO         2166    i.TIM_TI2_ConfigInputStage  stm32f4xx_hal_tim.o
    0x08003f9e   0x08003f9e   0x00000002   PAD
    0x08003fa0   0x08003fa0   0x000003a8   Code   RO         4821    i.Total_Task        total_task.o
    0x08004348   0x08004348   0x0000022c   Code   RO         3092    i.UART_SetConfig    stm32f4xx_hal_uart.o
    0x08004574   0x08004574   0x00000004   Code   RO          503    i.UsageFault_Handler  stm32f4xx_it.o
    0x08004578   0x08004578   0x00000030   Code   RO         5411    i.__ARM_fpclassify  m_wm.l(fpclassify.o)
    0x080045a8   0x080045a8   0x00000010   Code   RO         1666    i.__NVIC_GetPriorityGrouping  stm32f4xx_hal_cortex.o
    0x080045b8   0x080045b8   0x00000028   Code   RO         1667    i.__NVIC_SetPriority  stm32f4xx_hal_cortex.o
    0x080045e0   0x080045e0   0x00000358   Code   RO         5293    i.__hardfp_acos     m_wm.l(acos.o)
    0x08004938   0x08004938   0x000002d8   Code   RO         5307    i.__hardfp_atan     m_wm.l(atan.o)
    0x08004c10   0x08004c10   0x000000c8   Code   RO         5321    i.__hardfp_cos      m_wm.l(cos.o)
    0x08004cd8   0x08004cd8   0x00000014   Code   RO         5333    i.__hardfp_fabs     m_wm.l(fabs.o)
    0x08004cec   0x08004cec   0x00000004   PAD
    0x08004cf0   0x08004cf0   0x00000c50   Code   RO         5339    i.__hardfp_pow      m_wm.l(pow.o)
    0x08005940   0x08005940   0x000000c8   Code   RO         5353    i.__hardfp_sin      m_wm.l(sin.o)
    0x08005a08   0x08005a08   0x00000438   Code   RO         5416    i.__ieee754_rem_pio2  m_wm.l(rred.o)
    0x08005e40   0x08005e40   0x00000170   Code   RO         5394    i.__kernel_cos      m_wm.l(cos_i.o)
    0x08005fb0   0x08005fb0   0x000000f8   Code   RO         5413    i.__kernel_poly     m_wm.l(poly.o)
    0x080060a8   0x080060a8   0x00000130   Code   RO         5421    i.__kernel_sin      m_wm.l(sin_i.o)
    0x080061d8   0x080061d8   0x00000030   Code   RO         5397    i.__mathlib_dbl_divzero  m_wm.l(dunder.o)
    0x08006208   0x08006208   0x00000014   Code   RO         5398    i.__mathlib_dbl_infnan  m_wm.l(dunder.o)
    0x0800621c   0x0800621c   0x00000014   Code   RO         5399    i.__mathlib_dbl_infnan2  m_wm.l(dunder.o)
    0x08006230   0x08006230   0x00000020   Code   RO         5400    i.__mathlib_dbl_invalid  m_wm.l(dunder.o)
    0x08006250   0x08006250   0x00000020   Code   RO         5401    i.__mathlib_dbl_overflow  m_wm.l(dunder.o)
    0x08006270   0x08006270   0x00000020   Code   RO         5403    i.__mathlib_dbl_underflow  m_wm.l(dunder.o)
    0x08006290   0x08006290   0x0000000e   Code   RO         5487    i.__scatterload_copy  mc_w.l(handlers.o)
    0x0800629e   0x0800629e   0x00000002   Code   RO         5488    i.__scatterload_null  mc_w.l(handlers.o)
    0x080062a0   0x080062a0   0x0000000e   Code   RO         5489    i.__scatterload_zeroinit  mc_w.l(handlers.o)
    0x080062ae   0x080062ae   0x00000002   PAD
    0x080062b0   0x080062b0   0x0000000c   Code   RO         5463    i.__set_errno       mc_w.l(errno.o)
    0x080062bc   0x080062bc   0x00000648   Code   RO         5101    i.arms_js           arm_posture_calculate.o
    0x08006904   0x08006904   0x0000003c   Code   RO         4882    i.can_filter_init   bsp_can.o
    0x08006940   0x08006940   0x00000020   Code   RO         5102    i.dtor              arm_posture_calculate.o
    0x08006960   0x08006960   0x00000018   Code   RO         5335    i.fabs              m_wm.l(fabs.o)
    0x08006978   0x08006978   0x00000032   Code   RO         4935    i.float_to_uint     dm_control.o
    0x080069aa   0x080069aa   0x00000002   PAD
    0x080069ac   0x080069ac   0x00000028   Code   RO         5262    i.led_init          bsp_led.o
    0x080069d4   0x080069d4   0x0000002c   Code   RO           16    i.main              main.o
    0x08006a00   0x08006a00   0x0000000e   Code   RO         4249    i.makeFreeRtosPriority  cmsis_os.o
    0x08006a0e   0x08006a0e   0x00000018   Code   RO         4251    i.osDelay           cmsis_os.o
    0x08006a26   0x08006a26   0x0000000a   Code   RO         4254    i.osKernelStart     cmsis_os.o
    0x08006a30   0x08006a30   0x0000005e   Code   RO         4288    i.osThreadCreate    cmsis_os.o
    0x08006a8e   0x08006a8e   0x00000002   PAD
    0x08006a90   0x08006a90   0x00000098   Code   RO         3920    i.prvAddCurrentTaskToDelayedList  tasks.o
    0x08006b28   0x08006b28   0x000000b4   Code   RO         3921    i.prvAddNewTaskToReadyList  tasks.o
    0x08006bdc   0x08006bdc   0x00000048   Code   RO         3922    i.prvCheckTasksWaitingTermination  tasks.o
    0x08006c24   0x08006c24   0x00000050   Code   RO         3923    i.prvDeleteTCB      tasks.o
    0x08006c74   0x08006c74   0x0000007c   Code   RO         4616    i.prvHeapInit       heap_4.o
    0x08006cf0   0x08006cf0   0x00000028   Code   RO         3924    i.prvIdleTask       tasks.o
    0x08006d18   0x08006d18   0x000000b4   Code   RO         3925    i.prvInitialiseNewTask  tasks.o
    0x08006dcc   0x08006dcc   0x00000068   Code   RO         3926    i.prvInitialiseTaskLists  tasks.o
    0x08006e34   0x08006e34   0x00000068   Code   RO         4617    i.prvInsertBlockIntoFreeList  heap_4.o
    0x08006e9c   0x08006e9c   0x00000034   Code   RO         3927    i.prvResetNextTaskUnblockTime  tasks.o
    0x08006ed0   0x08006ed0   0x00000040   Code   RO         4685    i.prvTaskExitError  port.o
    0x08006f10   0x08006f10   0x00000058   Code   RO         3928    i.prvTaskIsTaskSuspended  tasks.o
    0x08006f68   0x08006f68   0x0000014c   Code   RO         4618    i.pvPortMalloc      heap_4.o
    0x080070b4   0x080070b4   0x0000002c   Code   RO         4686    i.pxPortInitialiseStack  port.o
    0x080070e0   0x080070e0   0x000000a0   Code   RO         4937    i.ramp_function     dm_control.o
    0x08007180   0x08007180   0x000000b4   Code   RO         5103    i.re_dis            arm_posture_calculate.o
    0x08007234   0x08007234   0x00000020   Code   RO         5104    i.rtod              arm_posture_calculate.o
    0x08007254   0x08007254   0x0000006e   Code   RO         5429    i.sqrt              m_wm.l(sqrt.o)
    0x080072c2   0x080072c2   0x00000002   PAD
    0x080072c4   0x080072c4   0x00000144   Code   RO         5105    i.tri_cos           arm_posture_calculate.o
    0x08007408   0x08007408   0x00000034   Code   RO         4938    i.uint_to_float     dm_control.o
    0x0800743c   0x0800743c   0x00000028   Code   RO         3546    i.uxListRemove      list.o
    0x08007464   0x08007464   0x00000018   Code   RO          291    i.vApplicationGetIdleTaskMemory  freertos.o
    0x0800747c   0x0800747c   0x0000001a   Code   RO         3547    i.vListInitialise   list.o
    0x08007496   0x08007496   0x00000006   Code   RO         3548    i.vListInitialiseItem  list.o
    0x0800749c   0x0800749c   0x00000034   Code   RO         3549    i.vListInsert       list.o
    0x080074d0   0x080074d0   0x00000018   Code   RO         3550    i.vListInsertEnd    list.o
    0x080074e8   0x080074e8   0x00000054   Code   RO         4688    i.vPortEnterCritical  port.o
    0x0800753c   0x0800753c   0x0000003c   Code   RO         4689    i.vPortExitCritical  port.o
    0x08007578   0x08007578   0x000000a4   Code   RO         4619    i.vPortFree         heap_4.o
    0x0800761c   0x0800761c   0x00000028   Code   RO         4690    i.vPortSetupTimerInterrupt  port.o
    0x08007644   0x08007644   0x0000005c   Code   RO         3936    i.vTaskDelay        tasks.o
    0x080076a0   0x080076a0   0x000000f4   Code   RO         3937    i.vTaskDelete       tasks.o
    0x08007794   0x08007794   0x00000090   Code   RO         3947    i.vTaskResume       tasks.o
    0x08007824   0x08007824   0x000000b0   Code   RO         3949    i.vTaskStartScheduler  tasks.o
    0x080078d4   0x080078d4   0x000000f4   Code   RO         3950    i.vTaskSuspend      tasks.o
    0x080079c8   0x080079c8   0x00000010   Code   RO         3951    i.vTaskSuspendAll   tasks.o
    0x080079d8   0x080079d8   0x0000008c   Code   RO         3952    i.vTaskSwitchContext  tasks.o
    0x08007a64   0x08007a64   0x00000168   Code   RO         4692    i.xPortStartScheduler  port.o
    0x08007bcc   0x08007bcc   0x00000064   Code   RO         3955    i.xTaskCreate       tasks.o
    0x08007c30   0x08007c30   0x000000ba   Code   RO         3956    i.xTaskCreateStatic  tasks.o
    0x08007cea   0x08007cea   0x00000002   PAD
    0x08007cec   0x08007cec   0x00000148   Code   RO         3963    i.xTaskIncrementTick  tasks.o
    0x08007e34   0x08007e34   0x00000104   Code   RO         3969    i.xTaskResumeAll    tasks.o
    0x08007f38   0x08007f38   0x00000054   Data   RO          293    .constdata          freertos.o
    0x08007f8c   0x08007f8c   0x00000018   Data   RO         3410    .constdata          system_stm32f4xx.o
    0x08007fa4   0x08007fa4   0x00000004   PAD
    0x08007fa8   0x08007fa8   0x00000050   Data   RO         5296    .constdata          m_wm.l(acos.o)
    0x08007ff8   0x08007ff8   0x00000098   Data   RO         5310    .constdata          m_wm.l(atan.o)
    0x08008090   0x08008090   0x00000088   Data   RO         5342    .constdata          m_wm.l(pow.o)
    0x08008118   0x08008118   0x00000030   Data   RO         5395    .constdata          m_wm.l(cos_i.o)
    0x08008148   0x08008148   0x00000008   Data   RO         5415    .constdata          m_wm.l(qnan.o)
    0x08008150   0x08008150   0x000000c8   Data   RO         5418    .constdata          m_wm.l(rred.o)
    0x08008218   0x08008218   0x00000028   Data   RO         5422    .constdata          m_wm.l(sin_i.o)
    0x08008240   0x08008240   0x00000023   Data   RO          294    .conststring        freertos.o
    0x08008263   0x08008263   0x00000001   PAD
    0x08008264   0x08008264   0x00000020   Data   RO         5485    Region$$Table       anon$$obj.o


    Execution Region RW_IRAM1 (Exec base: 0x20000000, Load base: 0x08008284, Size: 0x000047b0, Max: 0x0001c000, ABSOLUTE, COMPRESSED[0x00000050])

    Exec Addr    Load Addr    Size         Type   Attr      Idx    E Section Name        Object

    0x20000000   COMPRESSED   0x0000000c   Data   RW          295    .data               freertos.o
    0x2000000c   COMPRESSED   0x00000009   Data   RW         1820    .data               stm32f4xx_hal.o
    0x20000015   COMPRESSED   0x00000003   PAD
    0x20000018   COMPRESSED   0x00000004   Data   RW         3411    .data               system_stm32f4xx.o
    0x2000001c   COMPRESSED   0x0000003c   Data   RW         3972    .data               tasks.o
    0x20000058   COMPRESSED   0x00000020   Data   RW         4625    .data               heap_4.o
    0x20000078   COMPRESSED   0x0000000c   Data   RW         4693    .data               port.o
    0x20000084   COMPRESSED   0x00000004   Data   RW         4795    .data               arm_task.o
    0x20000088   COMPRESSED   0x00000008   Data   RW         4823    .data               total_task.o
    0x20000090   COMPRESSED   0x00000096   Data   RW         4856    .data               configs.o
    0x20000126   COMPRESSED   0x00000002   PAD
    0x20000128   COMPRESSED   0x00000004   Data   RW         5464    .data               mc_w.l(errno.o)
    0x2000012c        -       0x00000254   Zero   RW          292    .bss                freertos.o
    0x20000380        -       0x00000028   Zero   RW          355    .bss                can.o
    0x200003a8        -       0x000000d8   Zero   RW          400    .bss                tim.o
    0x20000480        -       0x00000048   Zero   RW          457    .bss                usart.o
    0x200004c8        -       0x00000048   Zero   RW          593    .bss                stm32f4xx_hal_timebase_tim.o
    0x20000510        -       0x000000f0   Zero   RW         3971    .bss                tasks.o
    0x20000600        -       0x00003c00   Zero   RW         4624    .bss                heap_4.o
    0x20004200        -       0x000001b0   Zero   RW         4855    .bss                configs.o
    0x200043b0        -       0x00000400   Zero   RW            1    STACK               startup_stm32f407xx.o


    Execution Region RW_IRAM2 (Exec base: 0x2001c000, Load base: 0x080082d4, Size: 0x00000000, Max: 0x00004000, ABSOLUTE)

    **** No section assigned to this execution region ****


==============================================================================

Image component sizes


      Code (inc. data)   RO Data    RW Data    ZI Data      Debug   Object Name

      2176         96          0          0          0       4971   arm_posture_calculate.o
       104         16          0          4          0        836   arm_task.o
        60          4          0          0          0        586   bsp_can.o
        40          6          0          0          0        499   bsp_led.o
       248         22          0          0         40       1797   can.o
       142          0          0          0          0      23191   cmsis_os.o
         0          0          0        150        432       2992   configs.o
      2400        312          0          0          0      12447   dm_control.o
         0          0          0          0          0      16964   event_groups.o
       120         28        119         12        596       6750   freertos.o
       264          8          0          0          0       1139   gpio.o
       724         74          0         32      15360       7555   heap_4.o
       148          0          0          0          0       3682   list.o
       254         16          0          0          0     733236   main.o
       592          8          0          0          0       2494   pid.o
       894         78          0         12          0      11360   port.o
       292         46          0          0          0       2233   servo.o
       152         26          0          0          0        649   start_task.o
        36          8        392          0       1024        856   startup_stm32f407xx.o
        96         20          0          9          0       8206   stm32f4xx_hal.o
      2148          6          0          0          0      14795   stm32f4xx_hal_can.o
       260         22          0          0          0      33674   stm32f4xx_hal_cortex.o
       500         46          0          0          0       1492   stm32f4xx_hal_gpio.o
        84          6          0          0          0        902   stm32f4xx_hal_msp.o
      1888         94          0          0          0       6441   stm32f4xx_hal_rcc.o
      2522        172          0          0          0      17813   stm32f4xx_hal_tim.o
       300         30          0          0          0       3453   stm32f4xx_hal_tim_ex.o
       180         20          0          0         72       1527   stm32f4xx_hal_timebase_tim.o
       674         10          0          0          0       1936   stm32f4xx_hal_uart.o
        54         12          0          0          0       3969   stm32f4xx_it.o
         0          0          0          0          0        384   stream_buffer.o
        20          6         24          4          0       1187   system_stm32f4xx.o
      2878        370          0         60        240      24408   tasks.o
      1148         78          0          0        216       4506   tim.o
       936         60          0          8          0       1108   total_task.o
       256         28          0          0         72       1846   usart.o

    ----------------------------------------------------------------------
     22616       1728        572        296      18052     961884   Object Totals
         0          0         32          0          0          0   (incl. Generated)
        26          0          5          5          0          0   (incl. Padding)

    ----------------------------------------------------------------------

      Code (inc. data)   RO Data    RW Data    ZI Data      Debug   Library Member Name

       856        118         80          0          0        288   acos.o
       728        106        152          0          0        228   atan.o
       200         20          0          0          0        164   cos.o
       368         46         48          0          0        200   cos_i.o
       184         44          0          0          0        744   dunder.o
        44          0          0          0          0        248   fabs.o
        48          0          0          0          0        124   fpclassify.o
       248          0          0          0          0        152   poly.o
      3152        296        136          0          0        352   pow.o
         0          0          8          0          0          0   qnan.o
      1080        142        200          0          0        188   rred.o
       200         20          0          0          0        164   sin.o
       304         24         40          0          0        208   sin_i.o
       110          0          0          0          0        148   sqrt.o
        58          0          0          0          0          0   __dczerorl.o
         0          0          0          0          0          0   entry.o
         0          0          0          0          0          0   entry10a.o
         0          0          0          0          0          0   entry11a.o
         4          0          0          0          0          0   entry12b.o
         8          4          0          0          0          0   entry2.o
         4          0          0          0          0          0   entry5.o
         0          0          0          0          0          0   entry7b.o
         0          0          0          0          0          0   entry8b.o
         8          4          0          0          0          0   entry9a.o
        12          6          0          4          0         68   errno.o
        30          0          0          0          0          0   handlers.o
        36          8          0          0          0         68   init.o
         0          0          0          0          0          0   iusefp.o
        30          0          0          0          0         68   llshl.o
        36          0          0          0          0         68   llsshr.o
        32          0          0          0          0         68   llushr.o
        36          0          0          0          0         68   memcpya.o
        36          0          0          0          0        108   memseta.o
        98          0          0          0          0         92   uldiv.o
        48          0          0          0          0         68   cdcmple.o
        48          0          0          0          0         68   cdrcmple.o
        56          0          0          0          0         88   d2f.o
       334          0          0          0          0        148   dadd.o
       222          0          0          0          0        100   ddiv.o
       186          0          0          0          0        176   depilogue.o
        62          0          0          0          0         80   dfixi.o
        34          0          0          0          0         76   dflti.o
        26          0          0          0          0         76   dfltui.o
       228          0          0          0          0         96   dmul.o
        46          0          0          0          0         80   dscalb.o
       162          0          0          0          0        100   dsqrt.o
        38          0          0          0          0         68   f2d.o
       110          0          0          0          0        168   fepilogue.o

    ----------------------------------------------------------------------
      9560        838        664          4          0       5208   Library Totals
        10          0          0          0          0          0   (incl. Padding)

    ----------------------------------------------------------------------

      Code (inc. data)   RO Data    RW Data    ZI Data      Debug   Library Name

      7522        816        664          0          0       3208   m_wm.l
       428         22          0          4          0        608   mc_w.l
      1600          0          0          0          0       1392   mf_w.l

    ----------------------------------------------------------------------
      9560        838        664          4          0       5208   Library Totals

    ----------------------------------------------------------------------

==============================================================================


      Code (inc. data)   RO Data    RW Data    ZI Data      Debug   

     32176       2566       1236        300      18052     949588   Grand Totals
     32176       2566       1236         80      18052     949588   ELF Image Totals (compressed)
     32176       2566       1236         80          0          0   ROM Totals

==============================================================================

    Total RO  Size (Code + RO Data)                33412 (  32.63kB)
    Total RW  Size (RW Data + ZI Data)             18352 (  17.92kB)
    Total ROM Size (Code + RO Data + RW Data)      33492 (  32.71kB)

==============================================================================

