Component: ARM Compiler 5.06 update 6 (build 750) Tool: armlink [4d35ed]

==============================================================================

Section Cross References

    startup_stm32f407xx.o(STACK) refers (Special) to heapauxi.o(.text) for __use_two_region_memory
    startup_stm32f407xx.o(HEAP) refers (Special) to heapauxi.o(.text) for __use_two_region_memory
    startup_stm32f407xx.o(RESET) refers (Special) to heapauxi.o(.text) for __use_two_region_memory
    startup_stm32f407xx.o(RESET) refers to startup_stm32f407xx.o(STACK) for __initial_sp
    startup_stm32f407xx.o(RESET) refers to startup_stm32f407xx.o(.text) for Reset_Handler
    startup_stm32f407xx.o(RESET) refers to stm32f4xx_it.o(i.NMI_Handler) for NMI_Handler
    startup_stm32f407xx.o(RESET) refers to stm32f4xx_it.o(i.HardFault_Handler) for HardFault_Handler
    startup_stm32f407xx.o(RESET) refers to stm32f4xx_it.o(i.MemManage_Handler) for MemManage_Handler
    startup_stm32f407xx.o(RESET) refers to stm32f4xx_it.o(i.BusFault_Handler) for BusFault_Handler
    startup_stm32f407xx.o(RESET) refers to stm32f4xx_it.o(i.UsageFault_Handler) for UsageFault_Handler
    startup_stm32f407xx.o(RESET) refers to port.o(.emb_text) for SVC_Handler
    startup_stm32f407xx.o(RESET) refers to stm32f4xx_it.o(i.DebugMon_Handler) for DebugMon_Handler
    startup_stm32f407xx.o(RESET) refers to port.o(i.SysTick_Handler) for SysTick_Handler
    startup_stm32f407xx.o(RESET) refers to stm32f4xx_it.o(i.EXTI0_IRQHandler) for EXTI0_IRQHandler
    startup_stm32f407xx.o(RESET) refers to stm32f4xx_it.o(i.EXTI3_IRQHandler) for EXTI3_IRQHandler
    startup_stm32f407xx.o(RESET) refers to stm32f4xx_it.o(i.EXTI4_IRQHandler) for EXTI4_IRQHandler
    startup_stm32f407xx.o(RESET) refers to stm32f4xx_it.o(i.DMA1_Stream2_IRQHandler) for DMA1_Stream2_IRQHandler
    startup_stm32f407xx.o(RESET) refers to stm32f4xx_it.o(i.CAN1_RX0_IRQHandler) for CAN1_RX0_IRQHandler
    startup_stm32f407xx.o(RESET) refers to stm32f4xx_it.o(i.EXTI9_5_IRQHandler) for EXTI9_5_IRQHandler
    startup_stm32f407xx.o(RESET) refers to stm32f4xx_it.o(i.SPI1_IRQHandler) for SPI1_IRQHandler
    startup_stm32f407xx.o(RESET) refers to stm32f4xx_it.o(i.USART1_IRQHandler) for USART1_IRQHandler
    startup_stm32f407xx.o(RESET) refers to stm32f4xx_it.o(i.DMA1_Stream7_IRQHandler) for DMA1_Stream7_IRQHandler
    startup_stm32f407xx.o(RESET) refers to stm32f4xx_it.o(i.TIM7_IRQHandler) for TIM7_IRQHandler
    startup_stm32f407xx.o(RESET) refers to stm32f4xx_it.o(i.DMA2_Stream2_IRQHandler) for DMA2_Stream2_IRQHandler
    startup_stm32f407xx.o(RESET) refers to stm32f4xx_it.o(i.DMA2_Stream3_IRQHandler) for DMA2_Stream3_IRQHandler
    startup_stm32f407xx.o(RESET) refers to stm32f4xx_it.o(i.USART6_IRQHandler) for USART6_IRQHandler
    startup_stm32f407xx.o(.text) refers (Special) to heapauxi.o(.text) for __use_two_region_memory
    startup_stm32f407xx.o(.text) refers to system_stm32f4xx.o(i.SystemInit) for SystemInit
    startup_stm32f407xx.o(.text) refers to __main.o(!!!main) for __main
    startup_stm32f407xx.o(.text) refers to startup_stm32f407xx.o(HEAP) for Heap_Mem
    startup_stm32f407xx.o(.text) refers to startup_stm32f407xx.o(STACK) for Stack_Mem
    main.o(i.HAL_TIM_PeriodElapsedCallback) refers to stm32f4xx_hal.o(i.HAL_IncTick) for HAL_IncTick
    main.o(i.SystemClock_Config) refers to rt_memclr_w.o(.text) for __aeabi_memclr4
    main.o(i.SystemClock_Config) refers to stm32f4xx_hal_rcc.o(i.HAL_RCC_OscConfig) for HAL_RCC_OscConfig
    main.o(i.SystemClock_Config) refers to main.o(i.Error_Handler) for Error_Handler
    main.o(i.SystemClock_Config) refers to stm32f4xx_hal_rcc.o(i.HAL_RCC_ClockConfig) for HAL_RCC_ClockConfig
    main.o(i.main) refers to stm32f4xx_hal.o(i.HAL_Init) for HAL_Init
    main.o(i.main) refers to main.o(i.SystemClock_Config) for SystemClock_Config
    main.o(i.main) refers to gpio.o(i.MX_GPIO_Init) for MX_GPIO_Init
    main.o(i.main) refers to dma.o(i.MX_DMA_Init) for MX_DMA_Init
    main.o(i.main) refers to spi.o(i.MX_SPI1_Init) for MX_SPI1_Init
    main.o(i.main) refers to tim.o(i.MX_TIM10_Init) for MX_TIM10_Init
    main.o(i.main) refers to i2c.o(i.MX_I2C3_Init) for MX_I2C3_Init
    main.o(i.main) refers to can.o(i.MX_CAN1_Init) for MX_CAN1_Init
    main.o(i.main) refers to usart.o(i.MX_USART1_UART_Init) for MX_USART1_UART_Init
    main.o(i.main) refers to i2c.o(i.MX_I2C2_Init) for MX_I2C2_Init
    main.o(i.main) refers to usart.o(i.MX_USART6_UART_Init) for MX_USART6_UART_Init
    main.o(i.main) refers to bsp_can.o(i.can_filter_init) for can_filter_init
    main.o(i.main) refers to stm32f4xx_hal_tim.o(i.HAL_TIM_PWM_Start) for HAL_TIM_PWM_Start
    main.o(i.main) refers to bsp_delay.o(i.delay_init) for delay_init
    main.o(i.main) refers to freertos.o(i.MX_FREERTOS_Init) for MX_FREERTOS_Init
    main.o(i.main) refers to cmsis_os.o(i.osKernelStart) for osKernelStart
    main.o(i.main) refers to tim.o(.bss) for htim10
[...]
    TIM8_CC_IRQHandler                       0x08000343   Thumb Code     0  startup_stm32f407xx.o(.text)
    TIM8_TRG_COM_TIM14_IRQHandler            0x08000343   Thumb Code     0  startup_stm32f407xx.o(.text)
    TIM8_UP_TIM13_IRQHandler                 0x08000343   Thumb Code     0  startup_stm32f407xx.o(.text)
    UART4_IRQHandler                         0x08000343   Thumb Code     0  startup_stm32f407xx.o(.text)
    UART5_IRQHandler                         0x08000343   Thumb Code     0  startup_stm32f407xx.o(.text)
    USART2_IRQHandler                        0x08000343   Thumb Code     0  startup_stm32f407xx.o(.text)
    USART3_IRQHandler                        0x08000343   Thumb Code     0  startup_stm32f407xx.o(.text)
    WWDG_IRQHandler                          0x08000343   Thumb Code     0  startup_stm32f407xx.o(.text)
    __user_initial_stackheap                 0x08000345   Thumb Code     0  startup_stm32f407xx.o(.text)
    __aeabi_uldivmod                         0x08000369   Thumb Code     0  lludivv7m.o(.text)
    _ll_udiv                                 0x08000369   Thumb Code   238  lludivv7m.o(.text)
    strlen                                   0x08000457   Thumb Code    62  strlen.o(.text)
    __aeabi_memcpy4                          0x08000495   Thumb Code     0  rt_memcpy_w.o(.text)
    __aeabi_memcpy8                          0x08000495   Thumb Code     0  rt_memcpy_w.o(.text)
    __rt_memcpy_w                            0x08000495   Thumb Code   100  rt_memcpy_w.o(.text)
    _memcpy_lastbytes_aligned                0x080004dd   Thumb Code     0  rt_memcpy_w.o(.text)
    __aeabi_memset                           0x080004f9   Thumb Code    16  aeabi_memset.o(.text)
    __aeabi_memclr                           0x08000509   Thumb Code     0  rt_memclr.o(.text)
    __rt_memclr                              0x08000509   Thumb Code    68  rt_memclr.o(.text)
    _memset                                  0x0800050d   Thumb Code     0  rt_memclr.o(.text)
    __aeabi_memclr4                          0x0800054d   Thumb Code     0  rt_memclr_w.o(.text)
    __aeabi_memclr8                          0x0800054d   Thumb Code     0  rt_memclr_w.o(.text)
    __rt_memclr_w                            0x0800054d   Thumb Code    78  rt_memclr_w.o(.text)
    _memset_w                                0x08000551   Thumb Code     0  rt_memclr_w.o(.text)
    __use_two_region_memory                  0x0800059b   Thumb Code     2  heapauxi.o(.text)
    __rt_heap_escrow$2region                 0x0800059d   Thumb Code     2  heapauxi.o(.text)
    __rt_heap_expand$2region                 0x0800059f   Thumb Code     2  heapauxi.o(.text)
    __read_errno                             0x080005a1   Thumb Code    10  _rserrno.o(.text)
    __set_errno                              0x080005ab   Thumb Code    12  _rserrno.o(.text)
    __aeabi_errno_addr                       0x080005b9   Thumb Code     8  rt_errno_addr_intlibspace.o(.text)
    __errno$intlibspace                      0x080005b9   Thumb Code     0  rt_errno_addr_intlibspace.o(.text)
    __rt_errno_addr$intlibspace              0x080005b9   Thumb Code     0  rt_errno_addr_intlibspace.o(.text)
    __user_libspace                          0x080005c1   Thumb Code     8  libspace.o(.text)
    __user_perproc_libspace                  0x080005c1   Thumb Code     0  libspace.o(.text)
    __user_perthread_libspace                0x080005c1   Thumb Code     0  libspace.o(.text)
    __user_setup_stackheap                   0x080005c9   Thumb Code    74  sys_stackheap_outer.o(.text)
    exit                                     0x08000613   Thumb Code    18  exit.o(.text)
    _sys_exit                                0x08000625   Thumb Code     8  sys_exit.o(.text)
    __I$use$semihosting                      0x08000631   Thumb Code     0  use_no_semi.o(.text)
    __use_no_semihosting_swi                 0x08000631   Thumb Code     2  use_no_semi.o(.text)
    AHRS_asinf                               0x08000633   Thumb Code     4  ahrs_middleware.o(i.AHRS_asinf)
    __semihosting_library_function           0x08000633   Thumb Code     0  indicate_semi.o(.text)
    AHRS_atan2f                              0x08000637   Thumb Code     4  ahrs_middleware.o(i.AHRS_atan2f)
    AHRS_cosf                                0x0800063b   Thumb Code     4  ahrs_middleware.o(i.AHRS_cosf)
    AHRS_get_height                          0x08000659   Thumb Code    14  ahrs_middleware.o(i.AHRS_get_height)
    AHRS_get_latitude                        0x0800066d   Thumb Code    14  ahrs_middleware.o(i.AHRS_get_latitude)
    AHRS_init                                0x0800067d   Thumb Code   626  ahrs.o(i.AHRS_init)
    AHRS_invSqrt                             0x08000919   Thumb Code    20  ahrs_middleware.o(i.AHRS_invSqrt)
    AHRS_sinf                                0x0800092d   Thumb Code     4  ahrs_middleware.o(i.AHRS_sinf)
    AHRS_update                              0x08000931   Thumb Code   314  ahrs.o(i.AHRS_update)
    BMI088_ACCEL_NS_H                        0x08000a6d   Thumb Code    10  bmi088middleware.o(i.BMI088_ACCEL_NS_H)
    BMI088_ACCEL_NS_L                        0x08000a7d   Thumb Code    10  bmi088middleware.o(i.BMI088_ACCEL_NS_L)
    BMI088_GPIO_init                         0x08000a8d   Thumb Code     2  bmi088middleware.o(i.BMI088_GPIO_init)
    BMI088_GYRO_NS_H                         0x08000a91   Thumb Code    10  bmi088middleware.o(i.BMI088_GYRO_NS_H)
    BMI088_GYRO_NS_L                         0x08000aa1   Thumb Code    10  bmi088middleware.o(i.BMI088_GYRO_NS_L)
    BMI088_accel_read_over                   0x08000ab1   Thumb Code   126  bmi088driver.o(i.BMI088_accel_read_over)
    BMI088_com_init                          0x08000b39   Thumb Code     2  bmi088middleware.o(i.BMI088_com_init)
    BMI088_delay_ms                          0x08000b3b   Thumb Code     4  bmi088middleware.o(i.BMI088_delay_ms)
    BMI088_delay_us                          0x08000b3f   Thumb Code     4  bmi088middleware.o(i.BMI088_delay_us)
    BMI088_gyro_read_over                    0x08000b45   Thumb Code    92  bmi088driver.o(i.BMI088_gyro_read_over)
    BMI088_init                              0x08000ba5   Thumb Code    46  bmi088driver.o(i.BMI088_init)
    BMI088_read                              0x08000bd5   Thumb Code   342  bmi088driver.o(i.BMI088_read)
    BMI088_read_write_byte                   0x08000d6d   Thumb Code    28  bmi088middleware.o(i.BMI088_read_write_byte)
    BMI088_temperature_read_over             0x08000d8d   Thumb Code    48  bmi088driver.o(i.BMI088_temperature_read_over)
    BusFault_Handler                         0x08000dcf   Thumb Code     2  stm32f4xx_it.o(i.BusFault_Handler)
    CAN1_RX0_IRQHandler                      0x08000dd1   Thumb Code     6  stm32f4xx_it.o(i.CAN1_RX0_IRQHandler)
    CAN_cmd_chassis                          0x08000ddd   Thumb Code    60  can_receive.o(i.CAN_cmd_chassis)
    Chassis_task                             0x08000e25   Thumb Code   352  chassis_task.o(i.Chassis_task)
    DMA1_Stream2_IRQHandler                  0x08000fcd   Thumb Code     6  stm32f4xx_it.o(i.DMA1_Stream2_IRQHandler)
    DMA1_Stream7_IRQHandler                  0x08000fd9   Thumb Code     6  stm32f4xx_it.o(i.DMA1_Stream7_IRQHandler)
    DMA2_Stream2_IRQHandler                  0x08000fe5   Thumb Code    16  stm32f4xx_it.o(i.DMA2_Stream2_IRQHandler)
    DMA2_Stream2_IRQHandler_1                0x08000ff9   Thumb Code  1188  ins_task.o(i.DMA2_Stream2_IRQHandler_1)
    DMA2_Stream3_IRQHandler                  0x080014b5   Thumb Code     6  stm32f4xx_it.o(i.DMA2_Stream3_IRQHandler)
    DebugMon_Handler                         0x08001565   Thumb Code     2  stm32f4xx_it.o(i.DebugMon_Handler)
    EXTI0_IRQHandler                         0x08001567   Thumb Code     6  stm32f4xx_it.o(i.EXTI0_IRQHandler)
    EXTI3_IRQHandler                         0x0800156d   Thumb Code     6  stm32f4xx_it.o(i.EXTI3_IRQHandler)
    EXTI4_IRQHandler                         0x08001573   Thumb Code     6  stm32f4xx_it.o(i.EXTI4_IRQHandler)
    EXTI9_5_IRQHandler                       0x08001579   Thumb Code     6  stm32f4xx_it.o(i.EXTI9_5_IRQHandler)
    Error_Handler                            0x0800157f   Thumb Code     4  main.o(i.Error_Handler)
    Grayscale_task                           0x08001585   Thumb Code    46  grayscale_task.o(i.Grayscale_task)
    HAL_CAN_ActivateNotification             0x080015bd   Thumb Code    36  stm32f4xx_hal_can.o(i.HAL_CAN_ActivateNotification)
    HAL_CAN_AddTxMessage                     0x080015e1   Thumb Code   226  stm32f4xx_hal_can.o(i.HAL_CAN_AddTxMessage)
    HAL_CAN_ConfigFilter                     0x080016c5   Thumb Code   266  stm32f4xx_hal_can.o(i.HAL_CAN_ConfigFilter)
    HAL_CAN_ErrorCallback                    0x080017d5   Thumb Code     2  stm32f4xx_hal_can.o(i.HAL_CAN_ErrorCallback)
    HAL_CAN_GetRxMessage                     0x080017d7   Thumb Code   274  stm32f4xx_hal_can.o(i.HAL_CAN_GetRxMessage)
    HAL_CAN_IRQHandler                       0x080018e9   Thumb Code   508  stm32f4xx_hal_can.o(i.HAL_CAN_IRQHandler)
    HAL_CAN_Init                             0x08001ae5   Thumb Code   338  stm32f4xx_hal_can.o(i.HAL_CAN_Init)
    HAL_CAN_MspInit                          0x08001c39   Thumb Code   106  can.o(i.HAL_CAN_MspInit)
    HAL_CAN_RxFifo0FullCallback              0x08001cb1   Thumb Code     2  stm32f4xx_hal_can.o(i.HAL_CAN_RxFifo0FullCallback)
    HAL_CAN_RxFifo0MsgPendingCallback        0x08001cb5   Thumb Code   210  can_receive.o(i.HAL_CAN_RxFifo0MsgPendingCallback)
    HAL_CAN_RxFifo1FullCallback              0x08001d99   Thumb Code     2  stm32f4xx_hal_can.o(i.HAL_CAN_RxFifo1FullCallback)
    HAL_CAN_RxFifo1MsgPendingCallback        0x08001d9b   Thumb Code     2  stm32f4xx_hal_can.o(i.HAL_CAN_RxFifo1MsgPendingCallback)
    HAL_CAN_SleepCallback                    0x08001d9d   Thumb Code     2  stm32f4xx_hal_can.o(i.HAL_CAN_SleepCallback)
    HAL_CAN_Start                            0x08001d9f   Thumb Code    88  stm32f4xx_hal_can.o(i.HAL_CAN_Start)
    HAL_CAN_TxMailbox0AbortCallback          0x08001df7   Thumb Code     2  stm32f4xx_hal_can.o(i.HAL_CAN_TxMailbox0AbortCallback)
    HAL_CAN_TxMailbox0CompleteCallback       0x08001df9   Thumb Code     2  stm32f4xx_hal_can.o(i.HAL_CAN_TxMailbox0CompleteCallback)
    HAL_CAN_TxMailbox1AbortCallback          0x08001dfb   Thumb Code     2  stm32f4xx_hal_can.o(i.HAL_CAN_TxMailbox1AbortCallback)
    HAL_CAN_TxMailbox1CompleteCallback       0x08001dfd   Thumb Code     2  stm32f4xx_hal_can.o(i.HAL_CAN_TxMailbox1CompleteCallback)
    HAL_CAN_TxMailbox2AbortCallback          0x08001dff   Thumb Code     2  stm32f4xx_hal_can.o(i.HAL_CAN_TxMailbox2AbortCallback)
    HAL_CAN_TxMailbox2CompleteCallback       0x08001e01   Thumb Code     2  stm32f4xx_hal_can.o(i.HAL_CAN_TxMailbox2CompleteCallback)
    HAL_CAN_WakeUpFromRxMsgCallback          0x08001e03   Thumb Code     2  stm32f4xx_hal_can.o(i.HAL_CAN_WakeUpFromRxMsgCallback)
    HAL_DMA_Abort                            0x08001e05   Thumb Code   142  stm32f4xx_hal_dma.o(i.HAL_DMA_Abort)
    HAL_DMA_Abort_IT                         0x08001e93   Thumb Code    36  stm32f4xx_hal_dma.o(i.HAL_DMA_Abort_IT)
    HAL_DMA_IRQHandler                       0x08001eb9   Thumb Code   460  stm32f4xx_hal_dma.o(i.HAL_DMA_IRQHandler)
    HAL_DMA_Init                             0x08002089   Thumb Code   208  stm32f4xx_hal_dma.o(i.HAL_DMA_Init)
    HAL_GPIO_EXTI_Callback                   0x0800215d   Thumb Code   126  ins_task.o(i.HAL_GPIO_EXTI_Callback)
    HAL_GPIO_EXTI_IRQHandler                 0x080021e5   Thumb Code    18  stm32f4xx_hal_gpio.o(i.HAL_GPIO_EXTI_IRQHandler)
    HAL_GPIO_Init                            0x080021fd   Thumb Code   420  stm32f4xx_hal_gpio.o(i.HAL_GPIO_Init)
    HAL_GPIO_WritePin                        0x080023cd   Thumb Code    14  stm32f4xx_hal_gpio.o(i.HAL_GPIO_WritePin)
    HAL_GetTick                              0x080023dd   Thumb Code     6  stm32f4xx_hal.o(i.HAL_GetTick)
    HAL_I2C_Init                             0x080023e9   Thumb Code   392  stm32f4xx_hal_i2c.o(i.HAL_I2C_Init)
    HAL_I2C_Master_Receive                   0x08002581   Thumb Code   658  stm32f4xx_hal_i2c.o(i.HAL_I2C_Master_Receive)
    HAL_I2C_Master_Transmit                  0x08002821   Thumb Code   318  stm32f4xx_hal_i2c.o(i.HAL_I2C_Master_Transmit)
    HAL_I2C_Mem_Read                         0x08002969   Thumb Code   656  stm32f4xx_hal_i2c.o(i.HAL_I2C_Mem_Read)
    HAL_I2C_Mem_Write                        0x08002c05   Thumb Code   316  stm32f4xx_hal_i2c.o(i.HAL_I2C_Mem_Write)
    HAL_I2C_MspInit                          0x08002d49   Thumb Code   312  i2c.o(i.HAL_I2C_MspInit)
    HAL_IncTick                              0x08002ea1   Thumb Code    12  stm32f4xx_hal.o(i.HAL_IncTick)
    HAL_Init                                 0x08002eb1   Thumb Code    48  stm32f4xx_hal.o(i.HAL_Init)
    HAL_InitTick                             0x08002ee5   Thumb Code   132  stm32f4xx_hal_timebase_tim.o(i.HAL_InitTick)
    HAL_MspInit                              0x08002f7d   Thumb Code    52  stm32f4xx_hal_msp.o(i.HAL_MspInit)
    HAL_NVIC_EnableIRQ                       0x08002fb5   Thumb Code    26  stm32f4xx_hal_cortex.o(i.HAL_NVIC_EnableIRQ)
    HAL_NVIC_SetPriority                     0x08002fd1   Thumb Code    60  stm32f4xx_hal_cortex.o(i.HAL_NVIC_SetPriority)
    HAL_NVIC_SetPriorityGrouping             0x08003011   Thumb Code    26  stm32f4xx_hal_cortex.o(i.HAL_NVIC_SetPriorityGrouping)
    HAL_RCC_ClockConfig                      0x08003035   Thumb Code   310  stm32f4xx_hal_rcc.o(i.HAL_RCC_ClockConfig)
    HAL_RCC_GetClockConfig                   0x08003181   Thumb Code    52  stm32f4xx_hal_rcc.o(i.HAL_RCC_GetClockConfig)
    HAL_RCC_GetHCLKFreq                      0x080031bd   Thumb Code     6  stm32f4xx_hal_rcc.o(i.HAL_RCC_GetHCLKFreq)
    HAL_RCC_GetPCLK1Freq                     0x080031c9   Thumb Code    22  stm32f4xx_hal_rcc.o(i.HAL_RCC_GetPCLK1Freq)
    HAL_RCC_GetPCLK2Freq                     0x080031e9   Thumb Code    22  stm32f4xx_hal_rcc.o(i.HAL_RCC_GetPCLK2Freq)
    HAL_RCC_GetSysClockFreq                  0x08003209   Thumb Code    94  stm32f4xx_hal_rcc.o(i.HAL_RCC_GetSysClockFreq)
    HAL_RCC_OscConfig                        0x08003275   Thumb Code   942  stm32f4xx_hal_rcc.o(i.HAL_RCC_OscConfig)
    HAL_SPI_ErrorCallback                    0x08003635   Thumb Code     2  stm32f4xx_hal_spi.o(i.HAL_SPI_ErrorCallback)
    HAL_SPI_IRQHandler                       0x08003639   Thumb Code   254  stm32f4xx_hal_spi.o(i.HAL_SPI_IRQHandler)
    HAL_SPI_Init                             0x0800373d   Thumb Code   190  stm32f4xx_hal_spi.o(i.HAL_SPI_Init)
    HAL_SPI_MspInit                          0x080037fd   Thumb Code   264  spi.o(i.HAL_SPI_MspInit)
    HAL_SPI_TransmitReceive                  0x0800391d   Thumb Code   506  stm32f4xx_hal_spi.o(i.HAL_SPI_TransmitReceive)
    HAL_TIMEx_BreakCallback                  0x08003b17   Thumb Code     2  stm32f4xx_hal_tim_ex.o(i.HAL_TIMEx_BreakCallback)
    HAL_TIMEx_CommutCallback                 0x08003b19   Thumb Code     2  stm32f4xx_hal_tim_ex.o(i.HAL_TIMEx_CommutCallback)
    HAL_TIM_Base_Init                        0x08003b1b   Thumb Code    74  stm32f4xx_hal_tim.o(i.HAL_TIM_Base_Init)
    HAL_TIM_Base_MspInit                     0x08003b65   Thumb Code    30  tim.o(i.HAL_TIM_Base_MspInit)
    HAL_TIM_Base_Start_IT                    0x08003b8d   Thumb Code   110  stm32f4xx_hal_tim.o(i.HAL_TIM_Base_Start_IT)
    HAL_TIM_IC_CaptureCallback               0x08003c19   Thumb Code     2  stm32f4xx_hal_tim.o(i.HAL_TIM_IC_CaptureCallback)
    HAL_TIM_IRQHandler                       0x08003c1b   Thumb Code   312  stm32f4xx_hal_tim.o(i.HAL_TIM_IRQHandler)
    HAL_TIM_MspPostInit                      0x08003d55   Thumb Code    70  tim.o(i.HAL_TIM_MspPostInit)
    HAL_TIM_OC_DelayElapsedCallback          0x08003da9   Thumb Code     2  stm32f4xx_hal_tim.o(i.HAL_TIM_OC_DelayElapsedCallback)
    HAL_TIM_PWM_ConfigChannel                0x08003dab   Thumb Code   216  stm32f4xx_hal_tim.o(i.HAL_TIM_PWM_ConfigChannel)
    HAL_TIM_PWM_Init                         0x08003e83   Thumb Code    74  stm32f4xx_hal_tim.o(i.HAL_TIM_PWM_Init)
    HAL_TIM_PWM_MspInit                      0x08003ecd   Thumb Code     2  stm32f4xx_hal_tim.o(i.HAL_TIM_PWM_MspInit)
    HAL_TIM_PWM_PulseFinishedCallback        0x08003ecf   Thumb Code     2  stm32f4xx_hal_tim.o(i.HAL_TIM_PWM_PulseFinishedCallback)
    HAL_TIM_PWM_Start                        0x08003ed1   Thumb Code   190  stm32f4xx_hal_tim.o(i.HAL_TIM_PWM_Start)
    HAL_TIM_PeriodElapsedCallback            0x08003fad   Thumb Code    14  main.o(i.HAL_TIM_PeriodElapsedCallback)
    HAL_TIM_TriggerCallback                  0x08003fc1   Thumb Code     2  stm32f4xx_hal_tim.o(i.HAL_TIM_TriggerCallback)
    HAL_UARTEx_RxEventCallback               0x08003fc3   Thumb Code     2  stm32f4xx_hal_uart.o(i.HAL_UARTEx_RxEventCallback)
    HAL_UART_ErrorCallback                   0x08003fc5   Thumb Code     2  stm32f4xx_hal_uart.o(i.HAL_UART_ErrorCallback)
    HAL_UART_IRQHandler                      0x08003fc9   Thumb Code   556  stm32f4xx_hal_uart.o(i.HAL_UART_IRQHandler)
    HAL_UART_Init                            0x080041f9   Thumb Code   102  stm32f4xx_hal_uart.o(i.HAL_UART_Init)
    HAL_UART_MspInit                         0x08004261   Thumb Code   224  usart.o(i.HAL_UART_MspInit)
    HAL_UART_Receive_IT                      0x08004359   Thumb Code    28  stm32f4xx_hal_uart.o(i.HAL_UART_Receive_IT)
    HAL_UART_RxCpltCallback                  0x08004375   Thumb Code   824  lidar_task.o(i.HAL_UART_RxCpltCallback)
    HAL_UART_TxCpltCallback                  0x080046bd   Thumb Code     2  stm32f4xx_hal_uart.o(i.HAL_UART_TxCpltCallback)
    HardFault_Handler                        0x080046bf   Thumb Code     2  stm32f4xx_it.o(i.HardFault_Handler)
    INS_Task                                 0x08004d55   Thumb Code   668  ins_task.o(i.INS_Task)
    Lidar_task                               0x08005031   Thumb Code    62  lidar_task.o(i.Lidar_task)
    MX_CAN1_Init                             0x08005085   Thumb Code    60  can.o(i.MX_CAN1_Init)
    MX_DMA_Init                              0x080050c9   Thumb Code   104  dma.o(i.MX_DMA_Init)
    MX_FREERTOS_Init                         0x08005135   Thumb Code   118  freertos.o(i.MX_FREERTOS_Init)
    MX_GPIO_Init                             0x080051b5   Thumb Code   330  gpio.o(i.MX_GPIO_Init)
    MX_I2C2_Init                             0x08005315   Thumb Code    50  i2c.o(i.MX_I2C2_Init)
    MX_I2C3_Init                             0x08005355   Thumb Code    50  i2c.o(i.MX_I2C3_Init)
    MX_SPI1_Init                             0x08005395   Thumb Code    64  spi.o(i.MX_SPI1_Init)
    MX_TIM10_Init                            0x080053dd   Thumb Code    94  tim.o(i.MX_TIM10_Init)
    MX_USART1_UART_Init                      0x08005445   Thumb Code    48  usart.o(i.MX_USART1_UART_Init)
    MX_USART6_UART_Init                      0x0800547d   Thumb Code    48  usart.o(i.MX_USART6_UART_Init)
    MemManage_Handler                        0x080054b5   Thumb Code     2  stm32f4xx_it.o(i.MemManage_Handler)
    NMI_Handler                              0x080054b7   Thumb Code     2  stm32f4xx_it.o(i.NMI_Handler)
    PID_calc                                 0x080054b9   Thumb Code   444  pid.o(i.PID_calc)
    PID_init                                 0x0800568d   Thumb Code    88  pid.o(i.PID_init)
    SPI1_DMA_enable                          0x080056e9   Thumb Code  6204  bsp_spi.o(i.SPI1_DMA_enable)
    SPI1_DMA_init                            0x08006f35   Thumb Code   242  bsp_spi.o(i.SPI1_DMA_init)
    SPI1_IRQHandler                          0x08007041   Thumb Code     6  stm32f4xx_it.o(i.SPI1_IRQHandler)
    SysTick_Handler                          0x08007195   Thumb Code    38  port.o(i.SysTick_Handler)
    SystemClock_Config                       0x080071c1   Thumb Code   140  main.o(i.SystemClock_Config)
    SystemInit                               0x08007255   Thumb Code    12  system_stm32f4xx.o(i.SystemInit)
    TIM7_IRQHandler                          0x08007265   Thumb Code     6  stm32f4xx_it.o(i.TIM7_IRQHandler)
    TIM_Base_SetConfig                       0x08007271   Thumb Code   174  stm32f4xx_hal_tim.o(i.TIM_Base_SetConfig)
    TIM_CCxChannelCmd                        0x0800734d   Thumb Code    26  stm32f4xx_hal_tim.o(i.TIM_CCxChannelCmd)
    TIM_OC2_SetConfig                        0x080073d1   Thumb Code   106  stm32f4xx_hal_tim.o(i.TIM_OC2_SetConfig)
    UART_Start_Receive_IT                    0x0800775d   Thumb Code    56  stm32f4xx_hal_uart.o(i.UART_Start_Receive_IT)
    USART1_IRQHandler                        0x080077f5   Thumb Code     6  stm32f4xx_it.o(i.USART1_IRQHandler)
    USART6_IRQHandler                        0x08007801   Thumb Code     6  stm32f4xx_it.o(i.USART6_IRQHandler)
    UsageFault_Handler                       0x0800780d   Thumb Code     2  stm32f4xx_it.o(i.UsageFault_Handler)
    __ARM_fpclassifyf                        0x0800780f   Thumb Code    38  fpclassifyf.o(i.__ARM_fpclassifyf)
    __hardfp_asinf                           0x08007855   Thumb Code   258  asinf.o(i.__hardfp_asinf)
    __hardfp_atan2f                          0x08007981   Thumb Code   502  atan2f.o(i.__hardfp_atan2f)
    __hardfp_fabs                            0x08007bd1   Thumb Code    20  fabs.o(i.__hardfp_fabs)
    __hardfp_sqrtf                           0x08007be5   Thumb Code    58  sqrtf.o(i.__hardfp_sqrtf)
    __mathlib_flt_infnan                     0x08007c1f   Thumb Code     6  funder.o(i.__mathlib_flt_infnan)
    __mathlib_flt_infnan2                    0x08007c25   Thumb Code     6  funder.o(i.__mathlib_flt_infnan2)
    __mathlib_flt_invalid                    0x08007c2d   Thumb Code    10  funder.o(i.__mathlib_flt_invalid)
    __mathlib_flt_underflow                  0x08007c3d   Thumb Code    10  funder.o(i.__mathlib_flt_underflow)
    arm_cos_f32                              0x08008115   Thumb Code   124  fastmathfunctions.o(i.arm_cos_f32)
    arm_sin_f32                              0x0800819d   Thumb Code   120  fastmathfunctions.o(i.arm_sin_f32)
    bmi088_accel_init                        0x08008221   Thumb Code   278  bmi088driver.o(i.bmi088_accel_init)
    bmi088_accel_self_test                   0x0800833d   Thumb Code   684  bmi088driver.o(i.bmi088_accel_self_test)
    bmi088_gyro_init                         0x080085ed   Thumb Code   214  bmi088driver.o(i.bmi088_gyro_init)
    bmi088_gyro_self_test                    0x080086c9   Thumb Code   202  bmi088driver.o(i.bmi088_gyro_self_test)
    can_filter_init                          0x08008795   Thumb Code    52  bsp_can.o(i.can_filter_init)
    chassis_control_loop                     0x080087cd   Thumb Code   242  chassis.o(i.chassis_control_loop)
    chassis_feedback_update                  0x080088c5   Thumb Code   352  chassis.o(i.chassis_feedback_update)
    chassis_init                             0x08008a4d   Thumb Code   254  chassis.o(i.chassis_init)
    chassis_move_control                     0x08008b71   Thumb Code   154  chassis.o(i.chassis_move_control)
    chassis_vector_to_omni_wheel_speed       0x08008c19   Thumb Code    78  chassis.o(i.chassis_vector_to_omni_wheel_speed)
    data_process                             0x08008c71   Thumb Code   162  lidar_task.o(i.data_process)
    delay_init                               0x08008d1d   Thumb Code    26  bsp_delay.o(i.delay_init)
    delay_us                                 0x08008d45   Thumb Code    50  bsp_delay.o(i.delay_us)
    get_INS_angle_deg_point                  0x08008d7d   Thumb Code     4  ins_task.o(i.get_INS_angle_deg_point)
    get_angle                                0x08008d85   Thumb Code   232  ahrs.o(i.get_angle)
    get_chassis_motor_measure_point          0x08008e6d   Thumb Code    12  can_receive.o(i.get_chassis_motor_measure_point)
    grayscale_GetData                        0x08008e7d   Thumb Code   132  grayscale_task.o(i.grayscale_GetData)
    imu_pwm_set                              0x080090f1   Thumb Code     8  bsp_imu_pwm.o(i.imu_pwm_set)
    ist8310_GPIO_init                        0x08009185   Thumb Code     2  ist8310driver_middleware.o(i.ist8310_GPIO_init)
    ist8310_IIC_read_single_reg              0x08009189   Thumb Code    32  ist8310driver_middleware.o(i.ist8310_IIC_read_single_reg)
    ist8310_IIC_write_single_reg             0x080091ad   Thumb Code    30  ist8310driver_middleware.o(i.ist8310_IIC_write_single_reg)
    ist8310_RST_H                            0x080091d1   Thumb Code    10  ist8310driver_middleware.o(i.ist8310_RST_H)
    ist8310_RST_L                            0x080091e1   Thumb Code    10  ist8310driver_middleware.o(i.ist8310_RST_L)
    ist8310_com_init                         0x080091f1   Thumb Code     2  ist8310driver_middleware.o(i.ist8310_com_init)
    ist8310_delay_ms                         0x080091f3   Thumb Code     4  ist8310driver_middleware.o(i.ist8310_delay_ms)
    ist8310_init                             0x080091f9   Thumb Code   120  ist8310driver.o(i.ist8310_init)
    main                                     0x08009275   Thumb Code    70  main.o(i.main)
    main_task                                0x080092c1   Thumb Code     8  freertos.o(i.main_task)
    mpu_offset_clc                           0x080092d5   Thumb Code   322  ins_task.o(i.mpu_offset_clc)
    osDelay                                  0x08009425   Thumb Code    16  cmsis_os.o(i.osDelay)
    osKernelStart                            0x08009435   Thumb Code    10  cmsis_os.o(i.osKernelStart)
    osThreadCreate                           0x0800943f   Thumb Code    88  cmsis_os.o(i.osThreadCreate)
    pcTaskGetName                            0x08009499   Thumb Code    30  tasks.o(i.pcTaskGetName)
    pvPortMalloc                             0x080098bd   Thumb Code   214  heap_4.o(i.pvPortMalloc)
    pxPortInitialiseStack                    0x08009999   Thumb Code    30  port.o(i.pxPortInitialiseStack)
    ramp_function                            0x08009a41   Thumb Code   132  chassis.o(i.ramp_function)
    sqrtf                                    0x08009ac5   Thumb Code    62  sqrtf.o(i.sqrtf)
    ulTaskNotifyTake                         0x08009b05   Thumb Code    96  tasks.o(i.ulTaskNotifyTake)
    uxListRemove                             0x08009be7   Thumb Code    38  list.o(i.uxListRemove)
    vApplicationGetIdleTaskMemory            0x08009c0d   Thumb Code    16  freertos.o(i.vApplicationGetIdleTaskMemory)
    vListInitialise                          0x08009c21   Thumb Code    22  list.o(i.vListInitialise)
    vListInitialiseItem                      0x08009c37   Thumb Code     6  list.o(i.vListInitialiseItem)
    vListInsert                              0x08009c3d   Thumb Code    48  list.o(i.vListInsert)
    vListInsertEnd                           0x08009c6d   Thumb Code    24  list.o(i.vListInsertEnd)
    vPortEnterCritical                       0x08009c85   Thumb Code    54  port.o(i.vPortEnterCritical)
    vPortExitCritical                        0x08009cc5   Thumb Code    38  port.o(i.vPortExitCritical)
    vPortFree                                0x08009cf1   Thumb Code    94  heap_4.o(i.vPortFree)
    vPortSetupTimerInterrupt                 0x08009d55   Thumb Code    32  port.o(i.vPortSetupTimerInterrupt)
    vPortValidateInterruptPriority           0x08009d79   Thumb Code    74  port.o(i.vPortValidateInterruptPriority)
    vTaskDelay                               0x08009dcd   Thumb Code    70  tasks.o(i.vTaskDelay)
    vTaskNotifyGiveFromISR                   0x08009e1d   Thumb Code   178  tasks.o(i.vTaskNotifyGiveFromISR)
    vTaskStartScheduler                      0x08009ed9   Thumb Code   118  tasks.o(i.vTaskStartScheduler)
    vTaskSuspendAll                          0x08009f61   Thumb Code    10  tasks.o(i.vTaskSuspendAll)
    vTaskSwitchContext                       0x08009f71   Thumb Code    86  tasks.o(i.vTaskSwitchContext)
    xPortStartScheduler                      0x08009fd1   Thumb Code   222  port.o(i.xPortStartScheduler)
    xTaskCreate                              0x0800a0c5   Thumb Code   100  tasks.o(i.xTaskCreate)
    xTaskCreateStatic                        0x0800a129   Thumb Code    92  tasks.o(i.xTaskCreateStatic)
    xTaskGetHandle                           0x0800a185   Thumb Code   128  tasks.o(i.xTaskGetHandle)
    xTaskGetSchedulerState                   0x0800a20d   Thumb Code    24  tasks.o(i.xTaskGetSchedulerState)
    xTaskIncrementTick                       0x0800a229   Thumb Code   198  tasks.o(i.xTaskIncrementTick)
    xTaskResumeAll                           0x0800a2f9   Thumb Code   192  tasks.o(i.xTaskResumeAll)
    __aeabi_d2f                              0x0800a3c5   Thumb Code     0  d2f.o(x$fpl$d2f)
    _d2f                                     0x0800a3c5   Thumb Code    98  d2f.o(x$fpl$d2f)
    __fpl_dcmp_Inf                           0x0800a427   Thumb Code    24  dcmpi.o(x$fpl$dcmpinf)
    __aeabi_cdcmple                          0x0800a441   Thumb Code     0  dleqf.o(x$fpl$dleqf)
    _dcmple                                  0x0800a441   Thumb Code   120  dleqf.o(x$fpl$dleqf)
    __fpl_dcmple_InfNaN                      0x0800a4a3   Thumb Code     0  dleqf.o(x$fpl$dleqf)
    __fpl_dnaninf                            0x0800a4b9   Thumb Code   156  dnaninf.o(x$fpl$dnaninf)
    __fpl_dretinf                            0x0800a555   Thumb Code    12  dretinf.o(x$fpl$dretinf)
    __aeabi_cdrcmple                         0x0800a561   Thumb Code     0  drleqf.o(x$fpl$drleqf)
    _drcmple                                 0x0800a561   Thumb Code   108  drleqf.o(x$fpl$drleqf)
    __aeabi_f2d                              0x0800a5cd   Thumb Code     0  f2d.o(x$fpl$f2d)
    _f2d                                     0x0800a5cd   Thumb Code    86  f2d.o(x$fpl$f2d)
    __fpl_fnaninf                            0x0800a623   Thumb Code   140  fnaninf.o(x$fpl$fnaninf)
    _fp_init                                 0x0800a6af   Thumb Code    10  fpinit.o(x$fpl$fpinit)
    __fplib_config_fpu_vfp                   0x0800a6b7   Thumb Code     0  fpinit.o(x$fpl$fpinit)
    __fplib_config_pureend_doubles           0x0800a6b7   Thumb Code     0  fpinit.o(x$fpl$fpinit)
    __fpl_fretinf                            0x0800a6b9   Thumb Code    10  fretinf.o(x$fpl$fretinf)
    __I$use$fp                               0x0800a6c2   Number         0  usenofp.o(x$fpl$usenofp)
    AHBPrescTable                            0x0800a758   Data          16  system_stm32f4xx.o(.constdata)
    APBPrescTable                            0x0800a768   Data           8  system_stm32f4xx.o(.constdata)
    sinTable_f32                             0x0800a7cc   Data        2052  commontables.o(.constdata)
    Region$$Table$$Base                      0x0800b020   Number         0  anon$$obj.o(Region$$Table)
    Region$$Table$$Limit                     0x0800b040   Number         0  anon$$obj.o(Region$$Table)
    INS_TASKHandle                           0x20000000   Data           4  freertos.o(.data)
    CHASSIS_TaskHandle                       0x20000004   Data           4  freertos.o(.data)
    Grayscale_TaskHandle                     0x20000008   Data           4  freertos.o(.data)
    main_TaskHandle                          0x2000000c   Data           4  freertos.o(.data)
    Lidar_TaskHandle                         0x20000010   Data           4  freertos.o(.data)
    uwTickFreq                               0x20000014   Data           1  stm32f4xx_hal.o(.data)
    uwTickPrio                               0x20000018   Data           4  stm32f4xx_hal.o(.data)
    uwTick                                   0x2000001c   Data           4  stm32f4xx_hal.o(.data)
    SystemCoreClock                          0x20000020   Data           4  system_stm32f4xx.o(.data)
    pxCurrentTCB                             0x20000024   Data           4  tasks.o(.data)
    m_x                                      0x2000008c   Data           4  chassis_task.o(.data)
    m_y                                      0x20000090   Data           4  chassis_task.o(.data)
    m_z                                      0x20000094   Data           4  chassis_task.o(.data)
    gyro_update_flag                         0x20000098   Data           1  ins_task.o(.data)
    accel_update_flag                        0x20000099   Data           1  ins_task.o(.data)
    accel_temp_update_flag                   0x2000009a   Data           1  ins_task.o(.data)
    mag_update_flag                          0x2000009b   Data           1  ins_task.o(.data)
    imu_start_dma_flag                       0x2000009c   Data           1  ins_task.o(.data)
    imu_read_flag                            0x2000009d   Data           1  ins_task.o(.data)
    accel_temp_dma_tx_buf                    0x200000a4   Data           4  ins_task.o(.data)
    accel_temp_dma_rx_buf                    0x200000b0   Data           4  ins_task.o(.data)
    gyro_dma_tx_buf                          0x200000b4   Data           8  ins_task.o(.data)
    gyro_dma_rx_buf                          0x200000bc   Data           8  ins_task.o(.data)
    accel_dma_tx_buf                         0x200000c4   Data           9  ins_task.o(.data)
    gyro_scale_factor                        0x200000d0   Data          36  ins_task.o(.data)
    accel_scale_factor                       0x200000f4   Data          36  ins_task.o(.data)
    mag_scale_factor                         0x20000118   Data          36  ins_task.o(.data)
    i2c_cmd                                  0x2000013c   Data           1  grayscale_task.o(.data)
    i_gray                                   0x2000013d   Data           1  grayscale_task.o(.data)
    Grayscale_num                            0x2000013e   Data           1  grayscale_task.o(.data)
    Grayscale_ADDR                           0x2000013f   Data           2  grayscale_task.o(.data)
    data_gray                                0x20000141   Data           2  grayscale_task.o(.data)
    ret_receive                              0x20000144   Data           4  grayscale_task.o(.data)
    ret_transmit                             0x20000148   Data           4  grayscale_task.o(.data)
    USART6_Receive_buf                       0x20000153   Data           1  lidar_task.o(.data)
    confidence                               0x20000154   Data           1  lidar_task.o(.data)
    receive_cnt                              0x20000156   Data           2  lidar_task.o(.data)
    lidar_distance                           0x2000015a   Data           2  lidar_task.o(.data)
    noise                                    0x2000015c   Data           2  lidar_task.o(.data)
    reftof                                   0x2000015e   Data           2  lidar_task.o(.data)
    peak                                     0x20000164   Data           4  lidar_task.o(.data)
    intg                                     0x20000168   Data           4  lidar_task.o(.data)
    BMI088_ACCEL_SEN                         0x20000174   Data           4  bmi088driver.o(.data)
    BMI088_GYRO_SEN                          0x20000178   Data           4  bmi088driver.o(.data)
    ramp_k                                   0x200001ac   Data           4  chassis.o(.data)
    chassis_flag                             0x200001b0   Data           1  configs.o(.data)
    chassis_stop_flag                        0x200001b1   Data           1  configs.o(.data)
    ins_init_flag                            0x200001b2   Data           1  configs.o(.data)
    odometryResetFlag                        0x200001b3   Data           1  configs.o(.data)
    avoidance_flag                           0x200001b4   Data           1  configs.o(.data)
    hcan1                                    0x2000041c   Data          40  can.o(.bss)
    hi2c2                                    0x20000444   Data          84  i2c.o(.bss)
    hi2c3                                    0x20000498   Data          84  i2c.o(.bss)
    hdma_i2c2_rx                             0x200004ec   Data          96  i2c.o(.bss)
    hdma_i2c2_tx                             0x2000054c   Data          96  i2c.o(.bss)
    hspi1                                    0x200005ac   Data          88  spi.o(.bss)
    hdma_spi1_rx                             0x20000604   Data          96  spi.o(.bss)
    hdma_spi1_tx                             0x20000664   Data          96  spi.o(.bss)
    htim10                                   0x200006c4   Data          72  tim.o(.bss)
    huart1                                   0x2000070c   Data          72  usart.o(.bss)
    huart6                                   0x20000754   Data          72  usart.o(.bss)
    htim7                                    0x2000079c   Data          72  stm32f4xx_hal_timebase_tim.o(.bss)
    chassis_move                             0x200044d4   Data         880  chassis_task.o(.bss)
    INS_accel                                0x20004874   Data          12  ins_task.o(.bss)
    INS_angle                                0x2000489c   Data          12  ins_task.o(.bss)
    INS_angle_deg                            0x200048a8   Data          12  ins_task.o(.bss)
    INS_angle_speed_deg                      0x200048b4   Data          12  ins_task.o(.bss)
    accel_dma_rx_buf                         0x200048c0   Data           9  ins_task.o(.bss)
    bmi088_real_data                         0x200048cc   Data          36  ins_task.o(.bss)
    bmi088_offset_data                       0x200048f0   Data          36  ins_task.o(.bss)
    gyro_offset                              0x20004914   Data          12  ins_task.o(.bss)
    gyro_cali_offset                         0x20004920   Data          12  ins_task.o(.bss)
    accel_offset                             0x2000492c   Data          12  ins_task.o(.bss)
    ist8310_real_data                        0x20004938   Data          16  ins_task.o(.bss)
    mag_offset                               0x20004948   Data          12  ins_task.o(.bss)
    Data_gray                                0x2000499c   Data          16  grayscale_task.o(.bss)
    Pack_Data                                0x200049ac   Data         240  lidar_task.o(.bss)
    Pack_sum                                 0x20004a9c   Data          20  lidar_task.o(.bss)
    data_follow                              0x20004b08   Data          12  chassis.o(.bss)
    __libspace_start                         0x20004b14   Data          96  libspace.o(.bss)
    __temporary_stack_top$libspace           0x20004b74   Data           0  libspace.o(.bss)



==============================================================================

Memory Map of the image

  Image Entry point : 0x08000189

  Load Region LR_IROM1 (Base: 0x08000000, Size: 0x0000b208, Max: 0x00100000, ABSOLUTE, COMPRESSED[0x0000b0b0])

    Execution Region ER_IROM1 (Exec base: 0x08000000, Load base: 0x08000000, Size: 0x0000b040, Max: 0x00100000, ABSOLUTE)

    Exec Addr    Load Addr    Size         Type   Attr      Idx    E Section Name        Object

    0x08000000   0x08000000   0x00000188   Data   RO            3    RESET               startup_stm32f407xx.o
    0x08000188   0x08000188   0x00000008   Code   RO        13849  * !!!main             c_w.l(__main.o)
    0x08000190   0x08000190   0x00000034   Code   RO        14280    !!!scatter          c_w.l(__scatter.o)
    0x080001c4   0x080001c4   0x0000005a   Code   RO        14278    !!dczerorl2         c_w.l(__dczerorl2.o)
    0x0800021e   0x0800021e   0x00000002   PAD
    0x08000220   0x08000220   0x0000001c   Code   RO        14282    !!handler_zi        c_w.l(__scatter_zi.o)
    0x0800023c   0x0800023c   0x00000002   Code   RO        14151    .ARM.Collect$$libinit$$00000000  c_w.l(libinit.o)
    0x0800023e   0x0800023e   0x00000004   Code   RO        14160    .ARM.Collect$$libinit$$00000001  c_w.l(libinit2.o)
    0x08000242   0x08000242   0x00000000   Code   RO        14163    .ARM.Collect$$libinit$$00000004  c_w.l(libinit2.o)
    0x08000242   0x08000242   0x00000000   Code   RO        14166    .ARM.Collect$$libinit$$0000000A  c_w.l(libinit2.o)
    0x08000242   0x08000242   0x00000000   Code   RO        14168    .ARM.Collect$$libinit$$0000000C  c_w.l(libinit2.o)
    0x08000242   0x08000242   0x00000000   Code   RO        14170    .ARM.Collect$$libinit$$0000000E  c_w.l(libinit2.o)
    0x08000242   0x08000242   0x00000000   Code   RO        14173    .ARM.Collect$$libinit$$00000011  c_w.l(libinit2.o)
    0x08000242   0x08000242   0x00000000   Code   RO        14175    .ARM.Collect$$libinit$$00000013  c_w.l(libinit2.o)
    0x08000242   0x08000242   0x00000000   Code   RO        14177    .ARM.Collect$$libinit$$00000015  c_w.l(libinit2.o)
    0x08000242   0x08000242   0x00000000   Code   RO        14179    .ARM.Collect$$libinit$$00000017  c_w.l(libinit2.o)
    0x08000242   0x08000242   0x00000000   Code   RO        14181    .ARM.Collect$$libinit$$00000019  c_w.l(libinit2.o)
    0x08000242   0x08000242   0x00000000   Code   RO        14183    .ARM.Collect$$libinit$$0000001B  c_w.l(libinit2.o)
    0x08000242   0x08000242   0x00000000   Code   RO        14185    .ARM.Collect$$libinit$$0000001D  c_w.l(libinit2.o)
    0x08000242   0x08000242   0x00000000   Code   RO        14187    .ARM.Collect$$libinit$$0000001F  c_w.l(libinit2.o)
    0x08000242   0x08000242   0x00000000   Code   RO        14189    .ARM.Collect$$libinit$$00000021  c_w.l(libinit2.o)
    0x08000242   0x08000242   0x00000000   Code   RO        14191    .ARM.Collect$$libinit$$00000023  c_w.l(libinit2.o)
    0x08000242   0x08000242   0x00000000   Code   RO        14193    .ARM.Collect$$libinit$$00000025  c_w.l(libinit2.o)
    0x08000242   0x08000242   0x00000000   Code   RO        14197    .ARM.Collect$$libinit$$0000002C  c_w.l(libinit2.o)
    0x08000242   0x08000242   0x00000000   Code   RO        14199    .ARM.Collect$$libinit$$0000002E  c_w.l(libinit2.o)
    0x08000242   0x08000242   0x00000000   Code   RO        14201    .ARM.Collect$$libinit$$00000030  c_w.l(libinit2.o)
    0x08000242   0x08000242   0x00000000   Code   RO        14203    .ARM.Collect$$libinit$$00000032  c_w.l(libinit2.o)
    0x08000242   0x08000242   0x00000002   Code   RO        14204    .ARM.Collect$$libinit$$00000033  c_w.l(libinit2.o)
    0x08000244   0x08000244   0x00000002   Code   RO        14235    .ARM.Collect$$libshutdown$$00000000  c_w.l(libshutdown.o)
    0x08000246   0x08000246   0x00000000   Code   RO        14261    .ARM.Collect$$libshutdown$$00000002  c_w.l(libshutdown2.o)
    0x08000246   0x08000246   0x00000000   Code   RO        14263    .ARM.Collect$$libshutdown$$00000004  c_w.l(libshutdown2.o)
    0x08000246   0x08000246   0x00000000   Code   RO        14266    .ARM.Collect$$libshutdown$$00000007  c_w.l(libshutdown2.o)
    0x08000246   0x08000246   0x00000000   Code   RO        14269    .ARM.Collect$$libshutdown$$0000000A  c_w.l(libshutdown2.o)
    0x08000246   0x08000246   0x00000000   Code   RO        14271    .ARM.Collect$$libshutdown$$0000000C  c_w.l(libshutdown2.o)
    0x08000246   0x08000246   0x00000000   Code   RO        14274    .ARM.Collect$$libshutdown$$0000000F  c_w.l(libshutdown2.o)
    0x08000246   0x08000246   0x00000002   Code   RO        14275    .ARM.Collect$$libshutdown$$00000010  c_w.l(libshutdown2.o)
    0x08000248   0x08000248   0x00000000   Code   RO        14053    .ARM.Collect$$rtentry$$00000000  c_w.l(__rtentry.o)
    0x08000248   0x08000248   0x00000000   Code   RO        14114    .ARM.Collect$$rtentry$$00000002  c_w.l(__rtentry2.o)
    0x08000248   0x08000248   0x00000006   Code   RO        14126    .ARM.Collect$$rtentry$$00000004  c_w.l(__rtentry4.o)
    0x0800024e   0x0800024e   0x00000000   Code   RO        14116    .ARM.Collect$$rtentry$$00000009  c_w.l(__rtentry2.o)
    0x0800024e   0x0800024e   0x00000004   Code   RO        14117    .ARM.Collect$$rtentry$$0000000A  c_w.l(__rtentry2.o)
    0x08000252   0x08000252   0x00000000   Code   RO        14119    .ARM.Collect$$rtentry$$0000000C  c_w.l(__rtentry2.o)
    0x08000252   0x08000252   0x00000008   Code   RO        14120    .ARM.Collect$$rtentry$$0000000D  c_w.l(__rtentry2.o)
    0x0800025a   0x0800025a   0x00000002   Code   RO        14152    .ARM.Collect$$rtexit$$00000000  c_w.l(rtexit.o)
    0x0800025c   0x0800025c   0x00000000   Code   RO        14208    .ARM.Collect$$rtexit$$00000002  c_w.l(rtexit2.o)
    0x0800025c   0x0800025c   0x00000004   Code   RO        14209    .ARM.Collect$$rtexit$$00000003  c_w.l(rtexit2.o)
    0x08000260   0x08000260   0x00000006   Code   RO        14210    .ARM.Collect$$rtexit$$00000004  c_w.l(rtexit2.o)
    0x08000266   0x08000266   0x00000002   PAD
    0x08000268   0x08000268   0x000000be   Code   RO         5743    .emb_text           port.o
    0x08000326   0x08000326   0x00000002   PAD
    0x08000328   0x08000328   0x00000040   Code   RO            4    .text               startup_stm32f407xx.o
    0x08000368   0x08000368   0x000000ee   Code   RO        13825    .text               c_w.l(lludivv7m.o)
    0x08000456   0x08000456   0x0000003e   Code   RO        13833    .text               c_w.l(strlen.o)
    0x08000494   0x08000494   0x00000064   Code   RO        13837    .text               c_w.l(rt_memcpy_w.o)
    0x080004f8   0x080004f8   0x00000010   Code   RO        13841    .text               c_w.l(aeabi_memset.o)
    0x08000508   0x08000508   0x00000044   Code   RO        13843    .text               c_w.l(rt_memclr.o)
    0x0800054c   0x0800054c   0x0000004e   Code   RO        13845    .text               c_w.l(rt_memclr_w.o)
    0x0800059a   0x0800059a   0x00000006   Code   RO        13847    .text               c_w.l(heapauxi.o)
    0x080005a0   0x080005a0   0x00000016   Code   RO        14058    .text               c_w.l(_rserrno.o)
    0x080005b6   0x080005b6   0x00000002   PAD
    0x080005b8   0x080005b8   0x00000008   Code   RO        14133    .text               c_w.l(rt_errno_addr_intlibspace.o)
    0x080005c0   0x080005c0   0x00000008   Code   RO        14135    .text               c_w.l(libspace.o)
    0x080005c8   0x080005c8   0x0000004a   Code   RO        14138    .text               c_w.l(sys_stackheap_outer.o)
    0x08000612   0x08000612   0x00000012   Code   RO        14140    .text               c_w.l(exit.o)
    0x08000624   0x08000624   0x0000000c   Code   RO        14205    .text               c_w.l(sys_exit.o)
    0x08000630   0x08000630   0x00000002   Code   RO        14224    .text               c_w.l(use_no_semi.o)
    0x08000632   0x08000632   0x00000000   Code   RO        14226    .text               c_w.l(indicate_semi.o)
    0x08000632   0x08000632   0x00000004   Code   RO         6495    i.AHRS_asinf        ahrs_middleware.o
    0x08000636   0x08000636   0x00000004   Code   RO         6496    i.AHRS_atan2f       ahrs_middleware.o
    0x0800063a   0x0800063a   0x00000004   Code   RO         6497    i.AHRS_cosf         ahrs_middleware.o
    0x0800063e   0x0800063e   0x0000001a   Code   RO        13736    i.AHRS_fabs         AHRS.lib(ahrs.o)
    0x08000658   0x08000658   0x00000014   Code   RO         6498    i.AHRS_get_height   ahrs_middleware.o
    0x0800066c   0x0800066c   0x0000000e   Code   RO         6499    i.AHRS_get_latitude  ahrs_middleware.o
    0x0800067a   0x0800067a   0x00000002   PAD
    0x0800067c   0x0800067c   0x0000029c   Code   RO        13737    i.AHRS_init         AHRS.lib(ahrs.o)
    0x08000918   0x08000918   0x00000014   Code   RO         6500    i.AHRS_invSqrt      ahrs_middleware.o
    0x0800092c   0x0800092c   0x00000004   Code   RO         6501    i.AHRS_sinf         ahrs_middleware.o
    0x08000930   0x08000930   0x0000013a   Code   RO        13738    i.AHRS_update       AHRS.lib(ahrs.o)
    0x08000a6a   0x08000a6a   0x00000002   PAD
    0x08000a6c   0x08000a6c   0x00000010   Code   RO         7055    i.BMI088_ACCEL_NS_H  bmi088middleware.o
    0x08000a7c   0x08000a7c   0x00000010   Code   RO         7056    i.BMI088_ACCEL_NS_L  bmi088middleware.o
    0x08000a8c   0x08000a8c   0x00000002   Code   RO         7057    i.BMI088_GPIO_init  bmi088middleware.o
    0x08000a8e   0x08000a8e   0x00000002   PAD
    0x08000a90   0x08000a90   0x00000010   Code   RO         7058    i.BMI088_GYRO_NS_H  bmi088middleware.o
    0x08000aa0   0x08000aa0   0x00000010   Code   RO         7059    i.BMI088_GYRO_NS_L  bmi088middleware.o
    0x08000ab0   0x08000ab0   0x00000088   Code   RO         6919    i.BMI088_accel_read_over  bmi088driver.o
    0x08000b38   0x08000b38   0x00000002   Code   RO         7060    i.BMI088_com_init   bmi088middleware.o
    0x08000b3a   0x08000b3a   0x00000004   Code   RO         7061    i.BMI088_delay_ms   bmi088middleware.o
    0x08000b3e   0x08000b3e   0x00000004   Code   RO         7062    i.BMI088_delay_us   bmi088middleware.o
    0x08000b42   0x08000b42   0x00000002   PAD
    0x08000b44   0x08000b44   0x00000060   Code   RO         6920    i.BMI088_gyro_read_over  bmi088driver.o
    0x08000ba4   0x08000ba4   0x0000002e   Code   RO         6921    i.BMI088_init       bmi088driver.o
    0x08000bd2   0x08000bd2   0x00000002   PAD
    0x08000bd4   0x08000bd4   0x0000015c   Code   RO         6922    i.BMI088_read       bmi088driver.o
    0x08000d30   0x08000d30   0x00000024   Code   RO         6925    i.BMI088_read_muli_reg  bmi088driver.o
    0x08000d54   0x08000d54   0x00000016   Code   RO         6926    i.BMI088_read_single_reg  bmi088driver.o
    0x08000d6a   0x08000d6a   0x00000002   PAD
    0x08000d6c   0x08000d6c   0x00000020   Code   RO         7063    i.BMI088_read_write_byte  bmi088middleware.o
    0x08000d8c   0x08000d8c   0x00000030   Code   RO         6927    i.BMI088_temperature_read_over  bmi088driver.o
    0x08000dbc   0x08000dbc   0x00000012   Code   RO         6928    i.BMI088_write_single_reg  bmi088driver.o
    0x08000dce   0x08000dce   0x00000002   Code   RO          601    i.BusFault_Handler  stm32f4xx_it.o
    0x08000dd0   0x08000dd0   0x0000000c   Code   RO          602    i.CAN1_RX0_IRQHandler  stm32f4xx_it.o
    0x08000ddc   0x08000ddc   0x00000048   Code   RO         7263    i.CAN_cmd_chassis   can_receive.o
    0x08000e24   0x08000e24   0x000001a8   Code   RO         5823    i.Chassis_task      chassis_task.o
    0x08000fcc   0x08000fcc   0x0000000c   Code   RO          603    i.DMA1_Stream2_IRQHandler  stm32f4xx_it.o
    0x08000fd8   0x08000fd8   0x0000000c   Code   RO          604    i.DMA1_Stream7_IRQHandler  stm32f4xx_it.o
    0x08000fe4   0x08000fe4   0x00000014   Code   RO          605    i.DMA2_Stream2_IRQHandler  stm32f4xx_it.o
    0x08000ff8   0x08000ff8   0x000004bc   Code   RO         5895    i.DMA2_Stream2_IRQHandler_1  ins_task.o
    0x080014b4   0x080014b4   0x0000000c   Code   RO          606    i.DMA2_Stream3_IRQHandler  stm32f4xx_it.o
    0x080014c0   0x080014c0   0x0000002c   Code   RO         1538    i.DMA_CalcBaseAndBitshift  stm32f4xx_hal_dma.o
    0x080014ec   0x080014ec   0x00000078   Code   RO         1539    i.DMA_CheckFifoParam  stm32f4xx_hal_dma.o
    0x08001564   0x08001564   0x00000002   Code   RO          607    i.DebugMon_Handler  stm32f4xx_it.o
    0x08001566   0x08001566   0x00000006   Code   RO          608    i.EXTI0_IRQHandler  stm32f4xx_it.o
    0x0800156c   0x0800156c   0x00000006   Code   RO          609    i.EXTI3_IRQHandler  stm32f4xx_it.o
    0x08001572   0x08001572   0x00000006   Code   RO          610    i.EXTI4_IRQHandler  stm32f4xx_it.o
    0x08001578   0x08001578   0x00000006   Code   RO          611    i.EXTI9_5_IRQHandler  stm32f4xx_it.o
    0x0800157e   0x0800157e   0x00000004   Code   RO           13    i.Error_Handler     main.o
    0x08001582   0x08001582   0x00000002   PAD
    0x08001584   0x08001584   0x00000038   Code   RO         6139    i.Grayscale_task    grayscale_task.o
    0x080015bc   0x080015bc   0x00000024   Code   RO          801    i.HAL_CAN_ActivateNotification  stm32f4xx_hal_can.o
    0x080015e0   0x080015e0   0x000000e2   Code   RO          802    i.HAL_CAN_AddTxMessage  stm32f4xx_hal_can.o
    0x080016c2   0x080016c2   0x00000002   PAD
    0x080016c4   0x080016c4   0x00000110   Code   RO          803    i.HAL_CAN_ConfigFilter  stm32f4xx_hal_can.o
    0x080017d4   0x080017d4   0x00000002   Code   RO          806    i.HAL_CAN_ErrorCallback  stm32f4xx_hal_can.o
    0x080017d6   0x080017d6   0x00000112   Code   RO          809    i.HAL_CAN_GetRxMessage  stm32f4xx_hal_can.o
    0x080018e8   0x080018e8   0x000001fc   Code   RO          813    i.HAL_CAN_IRQHandler  stm32f4xx_hal_can.o
    0x08001ae4   0x08001ae4   0x00000152   Code   RO          814    i.HAL_CAN_Init      stm32f4xx_hal_can.o
    0x08001c36   0x08001c36   0x00000002   PAD
    0x08001c38   0x08001c38   0x00000078   Code   RO          350    i.HAL_CAN_MspInit   can.o
    0x08001cb0   0x08001cb0   0x00000002   Code   RO          821    i.HAL_CAN_RxFifo0FullCallback  stm32f4xx_hal_can.o
    0x08001cb2   0x08001cb2   0x00000002   PAD
    0x08001cb4   0x08001cb4   0x000000e4   Code   RO         7264    i.HAL_CAN_RxFifo0MsgPendingCallback  can_receive.o
    0x08001d98   0x08001d98   0x00000002   Code   RO          823    i.HAL_CAN_RxFifo1FullCallback  stm32f4xx_hal_can.o
    0x08001d9a   0x08001d9a   0x00000002   Code   RO          824    i.HAL_CAN_RxFifo1MsgPendingCallback  stm32f4xx_hal_can.o
    0x08001d9c   0x08001d9c   0x00000002   Code   RO          825    i.HAL_CAN_SleepCallback  stm32f4xx_hal_can.o
    0x08001d9e   0x08001d9e   0x00000058   Code   RO          826    i.HAL_CAN_Start     stm32f4xx_hal_can.o
    0x08001df6   0x08001df6   0x00000002   Code   RO          828    i.HAL_CAN_TxMailbox0AbortCallback  stm32f4xx_hal_can.o
    0x08001df8   0x08001df8   0x00000002   Code   RO          829    i.HAL_CAN_TxMailbox0CompleteCallback  stm32f4xx_hal_can.o
    0x08001dfa   0x08001dfa   0x00000002   Code   RO          830    i.HAL_CAN_TxMailbox1AbortCallback  stm32f4xx_hal_can.o
    0x08001dfc   0x08001dfc   0x00000002   Code   RO          831    i.HAL_CAN_TxMailbox1CompleteCallback  stm32f4xx_hal_can.o
    0x08001dfe   0x08001dfe   0x00000002   Code   RO          832    i.HAL_CAN_TxMailbox2AbortCallback  stm32f4xx_hal_can.o
    0x08001e00   0x08001e00   0x00000002   Code   RO          833    i.HAL_CAN_TxMailbox2CompleteCallback  stm32f4xx_hal_can.o
    0x08001e02   0x08001e02   0x00000002   Code   RO          835    i.HAL_CAN_WakeUpFromRxMsgCallback  stm32f4xx_hal_can.o
    0x08001e04   0x08001e04   0x0000008e   Code   RO         1541    i.HAL_DMA_Abort     stm32f4xx_hal_dma.o
    0x08001e92   0x08001e92   0x00000024   Code   RO         1542    i.HAL_DMA_Abort_IT  stm32f4xx_hal_dma.o
    0x08001eb6   0x08001eb6   0x00000002   PAD
    0x08001eb8   0x08001eb8   0x000001d0   Code   RO         1546    i.HAL_DMA_IRQHandler  stm32f4xx_hal_dma.o
    0x08002088   0x08002088   0x000000d4   Code   RO         1547    i.HAL_DMA_Init      stm32f4xx_hal_dma.o
    0x0800215c   0x0800215c   0x00000088   Code   RO         5896    i.HAL_GPIO_EXTI_Callback  ins_task.o
    0x080021e4   0x080021e4   0x00000018   Code   RO         1433    i.HAL_GPIO_EXTI_IRQHandler  stm32f4xx_hal_gpio.o
    0x080021fc   0x080021fc   0x000001d0   Code   RO         1434    i.HAL_GPIO_Init     stm32f4xx_hal_gpio.o
    0x080023cc   0x080023cc   0x0000000e   Code   RO         1438    i.HAL_GPIO_WritePin  stm32f4xx_hal_gpio.o
    0x080023da   0x080023da   0x00000002   PAD
    0x080023dc   0x080023dc   0x0000000c   Code   RO         1984    i.HAL_GetTick       stm32f4xx_hal.o
    0x080023e8   0x080023e8   0x00000198   Code   RO         2240    i.HAL_I2C_Init      stm32f4xx_hal_i2c.o
    0x08002580   0x08002580   0x000002a0   Code   RO         2246    i.HAL_I2C_Master_Receive  stm32f4xx_hal_i2c.o
    0x08002820   0x08002820   0x00000148   Code   RO         2253    i.HAL_I2C_Master_Transmit  stm32f4xx_hal_i2c.o
    0x08002968   0x08002968   0x0000029c   Code   RO         2258    i.HAL_I2C_Mem_Read  stm32f4xx_hal_i2c.o
    0x08002c04   0x08002c04   0x00000144   Code   RO         2261    i.HAL_I2C_Mem_Write  stm32f4xx_hal_i2c.o
    0x08002d48   0x08002d48   0x00000158   Code   RO          416    i.HAL_I2C_MspInit   i2c.o
    0x08002ea0   0x08002ea0   0x00000010   Code   RO         1990    i.HAL_IncTick       stm32f4xx_hal.o
    0x08002eb0   0x08002eb0   0x00000034   Code   RO         1991    i.HAL_Init          stm32f4xx_hal.o
    0x08002ee4   0x08002ee4   0x00000098   Code   RO          761    i.HAL_InitTick      stm32f4xx_hal_timebase_tim.o
    0x08002f7c   0x08002f7c   0x00000038   Code   RO          737    i.HAL_MspInit       stm32f4xx_hal_msp.o
    0x08002fb4   0x08002fb4   0x0000001a   Code   RO         1826    i.HAL_NVIC_EnableIRQ  stm32f4xx_hal_cortex.o
    0x08002fce   0x08002fce   0x00000002   PAD
    0x08002fd0   0x08002fd0   0x00000040   Code   RO         1832    i.HAL_NVIC_SetPriority  stm32f4xx_hal_cortex.o
    0x08003010   0x08003010   0x00000024   Code   RO         1833    i.HAL_NVIC_SetPriorityGrouping  stm32f4xx_hal_cortex.o
    0x08003034   0x08003034   0x0000014c   Code   RO         1035    i.HAL_RCC_ClockConfig  stm32f4xx_hal_rcc.o
    0x08003180   0x08003180   0x0000003c   Code   RO         1039    i.HAL_RCC_GetClockConfig  stm32f4xx_hal_rcc.o
    0x080031bc   0x080031bc   0x0000000c   Code   RO         1040    i.HAL_RCC_GetHCLKFreq  stm32f4xx_hal_rcc.o
    0x080031c8   0x080031c8   0x00000020   Code   RO         1042    i.HAL_RCC_GetPCLK1Freq  stm32f4xx_hal_rcc.o
    0x080031e8   0x080031e8   0x00000020   Code   RO         1043    i.HAL_RCC_GetPCLK2Freq  stm32f4xx_hal_rcc.o
    0x08003208   0x08003208   0x0000006c   Code   RO         1044    i.HAL_RCC_GetSysClockFreq  stm32f4xx_hal_rcc.o
    0x08003274   0x08003274   0x000003c0   Code   RO         1047    i.HAL_RCC_OscConfig  stm32f4xx_hal_rcc.o
    0x08003634   0x08003634   0x00000002   Code   RO         2731    i.HAL_SPI_ErrorCallback  stm32f4xx_hal_spi.o
    0x08003636   0x08003636   0x00000002   PAD
    0x08003638   0x08003638   0x00000104   Code   RO         2734    i.HAL_SPI_IRQHandler  stm32f4xx_hal_spi.o
    0x0800373c   0x0800373c   0x000000be   Code   RO         2735    i.HAL_SPI_Init      stm32f4xx_hal_spi.o
    0x080037fa   0x080037fa   0x00000002   PAD
    0x080037fc   0x080037fc   0x00000120   Code   RO          464    i.HAL_SPI_MspInit   spi.o
    0x0800391c   0x0800391c   0x000001fa   Code   RO         2744    i.HAL_SPI_TransmitReceive  stm32f4xx_hal_spi.o
    0x08003b16   0x08003b16   0x00000002   Code   RO         3763    i.HAL_TIMEx_BreakCallback  stm32f4xx_hal_tim_ex.o
    0x08003b18   0x08003b18   0x00000002   Code   RO         3764    i.HAL_TIMEx_CommutCallback  stm32f4xx_hal_tim_ex.o
    0x08003b1a   0x08003b1a   0x0000004a   Code   RO         3048    i.HAL_TIM_Base_Init  stm32f4xx_hal_tim.o
    0x08003b64   0x08003b64   0x00000028   Code   RO          506    i.HAL_TIM_Base_MspInit  tim.o
    0x08003b8c   0x08003b8c   0x0000008c   Code   RO         3053    i.HAL_TIM_Base_Start_IT  stm32f4xx_hal_tim.o
    0x08003c18   0x08003c18   0x00000002   Code   RO         3082    i.HAL_TIM_IC_CaptureCallback  stm32f4xx_hal_tim.o
    0x08003c1a   0x08003c1a   0x00000138   Code   RO         3096    i.HAL_TIM_IRQHandler  stm32f4xx_hal_tim.o
    0x08003d52   0x08003d52   0x00000002   PAD
    0x08003d54   0x08003d54   0x00000054   Code   RO          507    i.HAL_TIM_MspPostInit  tim.o
    0x08003da8   0x08003da8   0x00000002   Code   RO         3099    i.HAL_TIM_OC_DelayElapsedCallback  stm32f4xx_hal_tim.o
    0x08003daa   0x08003daa   0x000000d8   Code   RO         3120    i.HAL_TIM_PWM_ConfigChannel  stm32f4xx_hal_tim.o
    0x08003e82   0x08003e82   0x0000004a   Code   RO         3123    i.HAL_TIM_PWM_Init  stm32f4xx_hal_tim.o
    0x08003ecc   0x08003ecc   0x00000002   Code   RO         3125    i.HAL_TIM_PWM_MspInit  stm32f4xx_hal_tim.o
    0x08003ece   0x08003ece   0x00000002   Code   RO         3126    i.HAL_TIM_PWM_PulseFinishedCallback  stm32f4xx_hal_tim.o
    0x08003ed0   0x08003ed0   0x000000dc   Code   RO         3128    i.HAL_TIM_PWM_Start  stm32f4xx_hal_tim.o
    0x08003fac   0x08003fac   0x00000014   Code   RO           14    i.HAL_TIM_PeriodElapsedCallback  main.o
    0x08003fc0   0x08003fc0   0x00000002   Code   RO         3139    i.HAL_TIM_TriggerCallback  stm32f4xx_hal_tim.o
    0x08003fc2   0x08003fc2   0x00000002   Code   RO         4042    i.HAL_UARTEx_RxEventCallback  stm32f4xx_hal_uart.o
    0x08003fc4   0x08003fc4   0x00000002   Code   RO         4056    i.HAL_UART_ErrorCallback  stm32f4xx_hal_uart.o
    0x08003fc6   0x08003fc6   0x00000002   PAD
    0x08003fc8   0x08003fc8   0x00000230   Code   RO         4059    i.HAL_UART_IRQHandler  stm32f4xx_hal_uart.o
    0x080041f8   0x080041f8   0x00000066   Code   RO         4060    i.HAL_UART_Init     stm32f4xx_hal_uart.o
    0x0800425e   0x0800425e   0x00000002   PAD
    0x08004260   0x08004260   0x000000f8   Code   RO          554    i.HAL_UART_MspInit  usart.o
    0x08004358   0x08004358   0x0000001c   Code   RO         4065    i.HAL_UART_Receive_IT  stm32f4xx_hal_uart.o
    0x08004374   0x08004374   0x00000348   Code   RO         6179    i.HAL_UART_RxCpltCallback  lidar_task.o
    0x080046bc   0x080046bc   0x00000002   Code   RO         4071    i.HAL_UART_TxCpltCallback  stm32f4xx_hal_uart.o
    0x080046be   0x080046be   0x00000002   Code   RO          612    i.HardFault_Handler  stm32f4xx_it.o
    0x080046c0   0x080046c0   0x0000002e   Code   RO         2284    i.I2C_IsAcknowledgeFailed  stm32f4xx_hal_i2c.o
    0x080046ee   0x080046ee   0x00000002   PAD
    0x080046f0   0x080046f0   0x00000114   Code   RO         2287    i.I2C_MasterRequestRead  stm32f4xx_hal_i2c.o
    0x08004804   0x08004804   0x000000b0   Code   RO         2288    i.I2C_MasterRequestWrite  stm32f4xx_hal_i2c.o
    0x080048b4   0x080048b4   0x00000140   Code   RO         2295    i.I2C_RequestMemoryRead  stm32f4xx_hal_i2c.o
    0x080049f4   0x080049f4   0x000000c4   Code   RO         2296    i.I2C_RequestMemoryWrite  stm32f4xx_hal_i2c.o
    0x08004ab8   0x08004ab8   0x00000058   Code   RO         2304    i.I2C_WaitOnBTFFlagUntilTimeout  stm32f4xx_hal_i2c.o
    0x08004b10   0x08004b10   0x000000ac   Code   RO         2305    i.I2C_WaitOnFlagUntilTimeout  stm32f4xx_hal_i2c.o
    0x08004bbc   0x08004bbc   0x000000c8   Code   RO         2306    i.I2C_WaitOnMasterAddressFlagUntilTimeout  stm32f4xx_hal_i2c.o
    0x08004c84   0x08004c84   0x00000076   Code   RO         2307    i.I2C_WaitOnRXNEFlagUntilTimeout  stm32f4xx_hal_i2c.o
    0x08004cfa   0x08004cfa   0x00000058   Code   RO         2310    i.I2C_WaitOnTXEFlagUntilTimeout  stm32f4xx_hal_i2c.o
    0x08004d52   0x08004d52   0x00000002   PAD
    0x08004d54   0x08004d54   0x000002dc   Code   RO         5897    i.INS_Task          ins_task.o
    0x08005030   0x08005030   0x00000054   Code   RO         6180    i.Lidar_task        lidar_task.o
    0x08005084   0x08005084   0x00000044   Code   RO          351    i.MX_CAN1_Init      can.o
    0x080050c8   0x080050c8   0x0000006c   Code   RO          391    i.MX_DMA_Init       dma.o
    0x08005134   0x08005134   0x00000080   Code   RO          276    i.MX_FREERTOS_Init  freertos.o
    0x080051b4   0x080051b4   0x00000160   Code   RO          248    i.MX_GPIO_Init      gpio.o
    0x08005314   0x08005314   0x00000040   Code   RO          417    i.MX_I2C2_Init      i2c.o
    0x08005354   0x08005354   0x00000040   Code   RO          418    i.MX_I2C3_Init      i2c.o
    0x08005394   0x08005394   0x00000048   Code   RO          465    i.MX_SPI1_Init      spi.o
    0x080053dc   0x080053dc   0x00000068   Code   RO          508    i.MX_TIM10_Init     tim.o
    0x08005444   0x08005444   0x00000038   Code   RO          555    i.MX_USART1_UART_Init  usart.o
    0x0800547c   0x0800547c   0x00000038   Code   RO          556    i.MX_USART6_UART_Init  usart.o
    0x080054b4   0x080054b4   0x00000002   Code   RO          613    i.MemManage_Handler  stm32f4xx_it.o
    0x080054b6   0x080054b6   0x00000002   Code   RO          614    i.NMI_Handler       stm32f4xx_it.o
    0x080054b8   0x080054b8   0x000001d4   Code   RO         6854    i.PID_calc          pid.o
    0x0800568c   0x0800568c   0x0000005c   Code   RO         6856    i.PID_init          pid.o
    0x080056e8   0x080056e8   0x0000184c   Code   RO         6363    i.SPI1_DMA_enable   bsp_spi.o
    0x08006f34   0x08006f34   0x0000010c   Code   RO         6364    i.SPI1_DMA_init     bsp_spi.o
    0x08007040   0x08007040   0x0000000c   Code   RO          615    i.SPI1_IRQHandler   stm32f4xx_it.o
    0x0800704c   0x0800704c   0x00000010   Code   RO         2762    i.SPI_DMAAbortOnError  stm32f4xx_hal_spi.o
    0x0800705c   0x0800705c   0x0000007c   Code   RO         2773    i.SPI_EndRxTxTransaction  stm32f4xx_hal_spi.o
    0x080070d8   0x080070d8   0x000000bc   Code   RO         2778    i.SPI_WaitFlagStateUntilTimeout  stm32f4xx_hal_spi.o
    0x08007194   0x08007194   0x0000002c   Code   RO         5744    i.SysTick_Handler   port.o
    0x080071c0   0x080071c0   0x00000094   Code   RO           15    i.SystemClock_Config  main.o
    0x08007254   0x08007254   0x00000010   Code   RO         4404    i.SystemInit        system_stm32f4xx.o
    0x08007264   0x08007264   0x0000000c   Code   RO          616    i.TIM7_IRQHandler   stm32f4xx_it.o
    0x08007270   0x08007270   0x000000dc   Code   RO         3141    i.TIM_Base_SetConfig  stm32f4xx_hal_tim.o
    0x0800734c   0x0800734c   0x0000001a   Code   RO         3142    i.TIM_CCxChannelCmd  stm32f4xx_hal_tim.o
    0x08007366   0x08007366   0x00000002   PAD
    0x08007368   0x08007368   0x00000068   Code   RO         3154    i.TIM_OC1_SetConfig  stm32f4xx_hal_tim.o
    0x080073d0   0x080073d0   0x00000074   Code   RO         3155    i.TIM_OC2_SetConfig  stm32f4xx_hal_tim.o
    0x08007444   0x08007444   0x00000070   Code   RO         3156    i.TIM_OC3_SetConfig  stm32f4xx_hal_tim.o
    0x080074b4   0x080074b4   0x00000054   Code   RO         3157    i.TIM_OC4_SetConfig  stm32f4xx_hal_tim.o
    0x08007508   0x08007508   0x00000010   Code   RO         4073    i.UART_DMAAbortOnError  stm32f4xx_hal_uart.o
    0x08007518   0x08007518   0x0000004e   Code   RO         4083    i.UART_EndRxTransfer  stm32f4xx_hal_uart.o
    0x08007566   0x08007566   0x0000001a   Code   RO         4084    i.UART_EndTransmit_IT  stm32f4xx_hal_uart.o
    0x08007580   0x08007580   0x000000c8   Code   RO         4086    i.UART_Receive_IT   stm32f4xx_hal_uart.o
    0x08007648   0x08007648   0x00000114   Code   RO         4087    i.UART_SetConfig    stm32f4xx_hal_uart.o
    0x0800775c   0x0800775c   0x00000038   Code   RO         4089    i.UART_Start_Receive_IT  stm32f4xx_hal_uart.o
    0x08007794   0x08007794   0x0000005e   Code   RO         4090    i.UART_Transmit_IT  stm32f4xx_hal_uart.o
    0x080077f2   0x080077f2   0x00000002   PAD
    0x080077f4   0x080077f4   0x0000000c   Code   RO          617    i.USART1_IRQHandler  stm32f4xx_it.o
    0x08007800   0x08007800   0x0000000c   Code   RO          618    i.USART6_IRQHandler  stm32f4xx_it.o
    0x0800780c   0x0800780c   0x00000002   Code   RO          619    i.UsageFault_Handler  stm32f4xx_it.o
    0x0800780e   0x0800780e   0x00000026   Code   RO        14091    i.__ARM_fpclassifyf  m_wm.l(fpclassifyf.o)
    0x08007834   0x08007834   0x00000020   Code   RO         1839    i.__NVIC_SetPriority  stm32f4xx_hal_cortex.o
    0x08007854   0x08007854   0x0000012c   Code   RO        13905    i.__hardfp_asinf    m_wm.l(asinf.o)
    0x08007980   0x08007980   0x00000250   Code   RO        13917    i.__hardfp_atan2f   m_wm.l(atan2f.o)
    0x08007bd0   0x08007bd0   0x00000014   Code   RO        13957    i.__hardfp_fabs     m_wm.l(fabs.o)
    0x08007be4   0x08007be4   0x0000003a   Code   RO        14017    i.__hardfp_sqrtf    m_wm.l(sqrtf.o)
    0x08007c1e   0x08007c1e   0x00000006   Code   RO        14094    i.__mathlib_flt_infnan  m_wm.l(funder.o)
    0x08007c24   0x08007c24   0x00000006   Code   RO        14095    i.__mathlib_flt_infnan2  m_wm.l(funder.o)
    0x08007c2a   0x08007c2a   0x00000002   PAD
    0x08007c2c   0x08007c2c   0x00000010   Code   RO        14096    i.__mathlib_flt_invalid  m_wm.l(funder.o)
    0x08007c3c   0x08007c3c   0x00000010   Code   RO        14099    i.__mathlib_flt_underflow  m_wm.l(funder.o)
    0x08007c4c   0x08007c4c   0x000001d0   Code   RO        13739    i.accel_comple_filter  AHRS.lib(ahrs.o)
    0x08007e1c   0x08007e1c   0x0000018c   Code   RO        13740    i.accel_update_kp_ki  AHRS.lib(ahrs.o)
    0x08007fa8   0x08007fa8   0x0000016c   Code   RO        13741    i.angle_to_quat     AHRS.lib(ahrs.o)
    0x08008114   0x08008114   0x00000088   Code   RO         9069    i.arm_cos_f32       fastmathfunctions.o
    0x0800819c   0x0800819c   0x00000084   Code   RO         9076    i.arm_sin_f32       fastmathfunctions.o
    0x08008220   0x08008220   0x0000011c   Code   RO         6929    i.bmi088_accel_init  bmi088driver.o
    0x0800833c   0x0800833c   0x000002b0   Code   RO         6930    i.bmi088_accel_self_test  bmi088driver.o
    0x080085ec   0x080085ec   0x000000dc   Code   RO         6931    i.bmi088_gyro_init  bmi088driver.o
    0x080086c8   0x080086c8   0x000000ca   Code   RO         6932    i.bmi088_gyro_self_test  bmi088driver.o
    0x08008792   0x08008792   0x00000002   PAD
    0x08008794   0x08008794   0x00000038   Code   RO         6397    i.can_filter_init   bsp_can.o
    0x080087cc   0x080087cc   0x000000f8   Code   RO         7349    i.chassis_control_loop  chassis.o
    0x080088c4   0x080088c4   0x00000188   Code   RO         7350    i.chassis_feedback_update  chassis.o
    0x08008a4c   0x08008a4c   0x00000124   Code   RO         7351    i.chassis_init      chassis.o
    0x08008b70   0x08008b70   0x000000a8   Code   RO         7352    i.chassis_move_control  chassis.o
    0x08008c18   0x08008c18   0x00000058   Code   RO         7353    i.chassis_vector_to_omni_wheel_speed  chassis.o
    0x08008c70   0x08008c70   0x000000ac   Code   RO         6181    i.data_process      lidar_task.o
    0x08008d1c   0x08008d1c   0x00000028   Code   RO         6222    i.delay_init        bsp_delay.o
    0x08008d44   0x08008d44   0x00000038   Code   RO         6224    i.delay_us          bsp_delay.o
    0x08008d7c   0x08008d7c   0x00000008   Code   RO         5900    i.get_INS_angle_deg_point  ins_task.o
    0x08008d84   0x08008d84   0x000000e8   Code   RO        13742    i.get_angle         AHRS.lib(ahrs.o)
    0x08008e6c   0x08008e6c   0x00000010   Code   RO         7265    i.get_chassis_motor_measure_point  can_receive.o
    0x08008e7c   0x08008e7c   0x00000090   Code   RO         6140    i.grayscale_GetData  grayscale_task.o
    0x08008f0c   0x08008f0c   0x000000dc   Code   RO         5907    i.imu_cali_slove    ins_task.o
    0x08008fe8   0x08008fe8   0x00000108   Code   RO         5908    i.imu_cmd_spi_dma   ins_task.o
    0x080090f0   0x080090f0   0x0000000c   Code   RO         6335    i.imu_pwm_set       bsp_imu_pwm.o
    0x080090fc   0x080090fc   0x00000088   Code   RO         5909    i.imu_temp_control  ins_task.o
    0x08009184   0x08009184   0x00000002   Code   RO         7184    i.ist8310_GPIO_init  ist8310driver_middleware.o
    0x08009186   0x08009186   0x00000002   PAD
    0x08009188   0x08009188   0x00000024   Code   RO         7186    i.ist8310_IIC_read_single_reg  ist8310driver_middleware.o
    0x080091ac   0x080091ac   0x00000024   Code   RO         7188    i.ist8310_IIC_write_single_reg  ist8310driver_middleware.o
    0x080091d0   0x080091d0   0x00000010   Code   RO         7189    i.ist8310_RST_H     ist8310driver_middleware.o
    0x080091e0   0x080091e0   0x00000010   Code   RO         7190    i.ist8310_RST_L     ist8310driver_middleware.o
    0x080091f0   0x080091f0   0x00000002   Code   RO         7191    i.ist8310_com_init  ist8310driver_middleware.o
    0x080091f2   0x080091f2   0x00000004   Code   RO         7192    i.ist8310_delay_ms  ist8310driver_middleware.o
    0x080091f6   0x080091f6   0x00000002   PAD
    0x080091f8   0x080091f8   0x0000007c   Code   RO         7149    i.ist8310_init      ist8310driver.o
    0x08009274   0x08009274   0x0000004c   Code   RO           16    i.main              main.o
    0x080092c0   0x080092c0   0x00000008   Code   RO          277    i.main_task         freertos.o
    0x080092c8   0x080092c8   0x0000000c   Code   RO         5297    i.makeFreeRtosPriority  cmsis_os.o
    0x080092d4   0x080092d4   0x00000150   Code   RO         5910    i.mpu_offset_clc    ins_task.o
    0x08009424   0x08009424   0x00000010   Code   RO         5299    i.osDelay           cmsis_os.o
    0x08009434   0x08009434   0x0000000a   Code   RO         5302    i.osKernelStart     cmsis_os.o
    0x0800943e   0x0800943e   0x00000058   Code   RO         5336    i.osThreadCreate    cmsis_os.o
    0x08009496   0x08009496   0x00000002   PAD
    0x08009498   0x08009498   0x00000024   Code   RO         4928    i.pcTaskGetName     tasks.o
    0x080094bc   0x080094bc   0x00000078   Code   RO         4929    i.prvAddCurrentTaskToDelayedList  tasks.o
    0x08009534   0x08009534   0x00000088   Code   RO         4930    i.prvAddNewTaskToReadyList  tasks.o
    0x080095bc   0x080095bc   0x0000003c   Code   RO         4931    i.prvCheckTasksWaitingTermination  tasks.o
    0x080095f8   0x080095f8   0x00000040   Code   RO         4932    i.prvDeleteTCB      tasks.o
    0x08009638   0x08009638   0x0000004c   Code   RO         5676    i.prvHeapInit       heap_4.o
    0x08009684   0x08009684   0x00000028   Code   RO         4933    i.prvIdleTask       tasks.o
    0x080096ac   0x080096ac   0x000000ac   Code   RO         4934    i.prvInitialiseNewTask  tasks.o
    0x08009758   0x08009758   0x00000058   Code   RO         4935    i.prvInitialiseTaskLists  tasks.o
    0x080097b0   0x080097b0   0x00000054   Code   RO         5677    i.prvInsertBlockIntoFreeList  heap_4.o
    0x08009804   0x08009804   0x00000024   Code   RO         4936    i.prvResetNextTaskUnblockTime  tasks.o
    0x08009828   0x08009828   0x00000066   Code   RO         4937    i.prvSearchForNameWithinSingleList  tasks.o
    0x0800988e   0x0800988e   0x00000002   PAD
    0x08009890   0x08009890   0x0000002c   Code   RO         5745    i.prvTaskExitError  port.o
    0x080098bc   0x080098bc   0x000000dc   Code   RO         5678    i.pvPortMalloc      heap_4.o
    0x08009998   0x08009998   0x00000024   Code   RO         5746    i.pxPortInitialiseStack  port.o
    0x080099bc   0x080099bc   0x00000084   Code   RO        13747    i.quat_normalization  AHRS.lib(ahrs.o)
    0x08009a40   0x08009a40   0x00000084   Code   RO         7354    i.ramp_function     chassis.o
    0x08009ac4   0x08009ac4   0x0000003e   Code   RO        14019    i.sqrtf             m_wm.l(sqrtf.o)
    0x08009b02   0x08009b02   0x00000002   PAD
    0x08009b04   0x08009b04   0x00000068   Code   RO         4941    i.ulTaskNotifyTake  tasks.o
    0x08009b6c   0x08009b6c   0x0000007a   Code   RO        13748    i.update_w          AHRS.lib(ahrs.o)
    0x08009be6   0x08009be6   0x00000026   Code   RO         4542    i.uxListRemove      list.o
    0x08009c0c   0x08009c0c   0x00000014   Code   RO          278    i.vApplicationGetIdleTaskMemory  freertos.o
    0x08009c20   0x08009c20   0x00000016   Code   RO         4543    i.vListInitialise   list.o
    0x08009c36   0x08009c36   0x00000006   Code   RO         4544    i.vListInitialiseItem  list.o
    0x08009c3c   0x08009c3c   0x00000030   Code   RO         4545    i.vListInsert       list.o
    0x08009c6c   0x08009c6c   0x00000018   Code   RO         4546    i.vListInsertEnd    list.o
    0x08009c84   0x08009c84   0x00000040   Code   RO         5748    i.vPortEnterCritical  port.o
    0x08009cc4   0x08009cc4   0x0000002c   Code   RO         5749    i.vPortExitCritical  port.o
    0x08009cf0   0x08009cf0   0x00000064   Code   RO         5679    i.vPortFree         heap_4.o
    0x08009d54   0x08009d54   0x00000024   Code   RO         5750    i.vPortSetupTimerInterrupt  port.o
    0x08009d78   0x08009d78   0x00000054   Code   RO         5751    i.vPortValidateInterruptPriority  port.o
    0x08009dcc   0x08009dcc   0x00000050   Code   RO         4948    i.vTaskDelay        tasks.o
    0x08009e1c   0x08009e1c   0x000000bc   Code   RO         4954    i.vTaskNotifyGiveFromISR  tasks.o
    0x08009ed8   0x08009ed8   0x00000088   Code   RO         4962    i.vTaskStartScheduler  tasks.o
    0x08009f60   0x08009f60   0x00000010   Code   RO         4964    i.vTaskSuspendAll   tasks.o
    0x08009f70   0x08009f70   0x00000060   Code   RO         4965    i.vTaskSwitchContext  tasks.o
    0x08009fd0   0x08009fd0   0x000000f4   Code   RO         5752    i.xPortStartScheduler  port.o
    0x0800a0c4   0x0800a0c4   0x00000064   Code   RO         4969    i.xTaskCreate       tasks.o
    0x0800a128   0x0800a128   0x0000005c   Code   RO         4970    i.xTaskCreateStatic  tasks.o
    0x0800a184   0x0800a184   0x00000088   Code   RO         4974    i.xTaskGetHandle    tasks.o
    0x0800a20c   0x0800a20c   0x0000001c   Code   RO         4975    i.xTaskGetSchedulerState  tasks.o
    0x0800a228   0x0800a228   0x000000d0   Code   RO         4978    i.xTaskIncrementTick  tasks.o
    0x0800a2f8   0x0800a2f8   0x000000cc   Code   RO         4984    i.xTaskResumeAll    tasks.o
    0x0800a3c4   0x0800a3c4   0x00000062   Code   RO        13853    x$fpl$d2f           fz_wm.l(d2f.o)
    0x0800a426   0x0800a426   0x00000018   Code   RO        14060    x$fpl$dcmpinf       fz_wm.l(dcmpi.o)
    0x0800a43e   0x0800a43e   0x00000002   PAD
    0x0800a440   0x0800a440   0x00000078   Code   RO        13881    x$fpl$dleqf         fz_wm.l(dleqf.o)
    0x0800a4b8   0x0800a4b8   0x0000009c   Code   RO        14062    x$fpl$dnaninf       fz_wm.l(dnaninf.o)
    0x0800a554   0x0800a554   0x0000000c   Code   RO        14064    x$fpl$dretinf       fz_wm.l(dretinf.o)
    0x0800a560   0x0800a560   0x0000006c   Code   RO        13885    x$fpl$drleqf        fz_wm.l(drleqf.o)
    0x0800a5cc   0x0800a5cc   0x00000056   Code   RO        13887    x$fpl$f2d           fz_wm.l(f2d.o)
    0x0800a622   0x0800a622   0x0000008c   Code   RO        14068    x$fpl$fnaninf       fz_wm.l(fnaninf.o)
    0x0800a6ae   0x0800a6ae   0x0000000a   Code   RO        14220    x$fpl$fpinit        fz_wm.l(fpinit.o)
    0x0800a6b8   0x0800a6b8   0x0000000a   Code   RO        14070    x$fpl$fretinf       fz_wm.l(fretinf.o)
    0x0800a6c2   0x0800a6c2   0x00000000   Code   RO        14074    x$fpl$usenofp       fz_wm.l(usenofp.o)
    0x0800a6c2   0x0800a6c2   0x00000002   PAD
    0x0800a6c4   0x0800a6c4   0x0000008c   Data   RO          280    .constdata          freertos.o
    0x0800a750   0x0800a750   0x00000008   Data   RO         1553    .constdata          stm32f4xx_hal_dma.o
    0x0800a758   0x0800a758   0x00000010   Data   RO         4405    .constdata          system_stm32f4xx.o
    0x0800a768   0x0800a768   0x00000008   Data   RO         4406    .constdata          system_stm32f4xx.o
    0x0800a770   0x0800a770   0x0000000c   Data   RO         5914    .constdata          ins_task.o
    0x0800a77c   0x0800a77c   0x00000012   Data   RO         6937    .constdata          bmi088driver.o
    0x0800a78e   0x0800a78e   0x0000000c   Data   RO         7152    .constdata          ist8310driver.o
    0x0800a79a   0x0800a79a   0x00000002   PAD
    0x0800a79c   0x0800a79c   0x00000030   Data   RO         7356    .constdata          chassis.o
    0x0800a7cc   0x0800a7cc   0x00000804   Data   RO         8233    .constdata          commontables.o
    0x0800afd0   0x0800afd0   0x0000000c   Data   RO        13749    .constdata          AHRS.lib(ahrs.o)
    0x0800afdc   0x0800afdc   0x00000043   Data   RO          281    .conststring        freertos.o
    0x0800b01f   0x0800b01f   0x00000001   PAD
    0x0800b020   0x0800b020   0x00000020   Data   RO        14276    Region$$Table       anon$$obj.o


    Execution Region RW_IRAM1 (Exec base: 0x20000000, Load base: 0x0800b040, Size: 0x00005178, Max: 0x0001c000, ABSOLUTE, COMPRESSED[0x00000070])

    Exec Addr    Load Addr    Size         Type   Attr      Idx    E Section Name        Object

    0x20000000   COMPRESSED   0x00000014   Data   RW          282    .data               freertos.o
    0x20000014   COMPRESSED   0x0000000c   Data   RW         1998    .data               stm32f4xx_hal.o
    0x20000020   COMPRESSED   0x00000004   Data   RW         4407    .data               system_stm32f4xx.o
    0x20000024   COMPRESSED   0x0000003c   Data   RW         4987    .data               tasks.o
    0x20000060   COMPRESSED   0x00000020   Data   RW         5685    .data               heap_4.o
    0x20000080   COMPRESSED   0x0000000c   Data   RW         5753    .data               port.o
    0x2000008c   COMPRESSED   0x0000000c   Data   RW         5825    .data               chassis_task.o
    0x20000098   COMPRESSED   0x000000a4   Data   RW         5916    .data               ins_task.o
    0x2000013c   COMPRESSED   0x00000010   Data   RW         6142    .data               grayscale_task.o
    0x2000014c   COMPRESSED   0x00000020   Data   RW         6183    .data               lidar_task.o
    0x2000016c   COMPRESSED   0x00000008   Data   RW         6225    .data               bsp_delay.o
    0x20000174   COMPRESSED   0x0000002c   Data   RW         6938    .data               bmi088driver.o
    0x200001a0   COMPRESSED   0x00000009   Data   RW         7267    .data               can_receive.o
    0x200001a9   COMPRESSED   0x00000003   PAD
    0x200001ac   COMPRESSED   0x00000004   Data   RW         7357    .data               chassis.o
    0x200001b0   COMPRESSED   0x00000001   Data   RW         7408    .data               configs.o
    0x200001b1   COMPRESSED   0x00000001   Data   RW         7409    .data               configs.o
    0x200001b2   COMPRESSED   0x00000001   Data   RW         7416    .data               configs.o
    0x200001b3   COMPRESSED   0x00000001   Data   RW         7417    .data               configs.o
    0x200001b4   COMPRESSED   0x00000001   Data   RW         7418    .data               configs.o
    0x200001b5   COMPRESSED   0x00000003   PAD
    0x200001b8   COMPRESSED   0x00000010   Data   RW        13750    .data               AHRS.lib(ahrs.o)
    0x200001c8        -       0x00000254   Zero   RW          279    .bss                freertos.o
    0x2000041c        -       0x00000028   Zero   RW          352    .bss                can.o
    0x20000444        -       0x00000168   Zero   RW          419    .bss                i2c.o
    0x200005ac        -       0x00000118   Zero   RW          466    .bss                spi.o
    0x200006c4        -       0x00000048   Zero   RW          509    .bss                tim.o
    0x2000070c        -       0x00000090   Zero   RW          557    .bss                usart.o
    0x2000079c        -       0x00000048   Zero   RW          764    .bss                stm32f4xx_hal_timebase_tim.o
    0x200007e4        -       0x000000f0   Zero   RW         4986    .bss                tasks.o
    0x200008d4        -       0x00003c00   Zero   RW         5684    .bss                heap_4.o
    0x200044d4        -       0x00000370   Zero   RW         5824    .bss                chassis_task.o
    0x20004844        -       0x00000158   Zero   RW         5911    .bss                ins_task.o
    0x2000499c        -       0x00000010   Zero   RW         6141    .bss                grayscale_task.o
    0x200049ac        -       0x00000104   Zero   RW         6182    .bss                lidar_task.o
    0x20004ab0        -       0x00000058   Zero   RW         7266    .bss                can_receive.o
    0x20004b08        -       0x0000000c   Zero   RW         7355    .bss                chassis.o
    0x20004b14        -       0x00000060   Zero   RW        14136    .bss                c_w.l(libspace.o)
    0x20004b74   COMPRESSED   0x00000004   PAD
    0x20004b78        -       0x00000200   Zero   RW            2    HEAP                startup_stm32f407xx.o
    0x20004d78        -       0x00000400   Zero   RW            1    STACK               startup_stm32f407xx.o


    Execution Region RW_IRAM2 (Exec base: 0x2001c000, Load base: 0x0800b0b0, Size: 0x00000000, Max: 0x00004000, ABSOLUTE)

    **** No section assigned to this execution region ****


==============================================================================

Image component sizes


      Code (inc. data)   RO Data    RW Data    ZI Data      Debug   Object Name

        70          6          0          0          0       5136   ahrs_middleware.o
         0          0          0          0          0       1560   basicmathfunctions.o
      2144         36         18         44          0      11023   bmi088driver.o
       108         28          0          0          0       4696   bmi088middleware.o
        56          4          0          0          0        558   bsp_can.o
        96         20          0          8          0       1840   bsp_delay.o
        12          4          0          0          0        490   bsp_imu_pwm.o
      6488         86          0          0          0       5406   bsp_spi.o
       188         22          0          0         40       1725   can.o
       316         34          0          9         88       3664   can_receive.o
      1320        108         48          4         12       7721   chassis.o
       424         72          0         12        880       4574   chassis_task.o
       126          0          0          0          0      23027   cmsis_os.o
         0          0       2052          0          0      17385   commontables.o
         0          0          0          5          0        713   configs.o
       108          4          0          0          0        846   dma.o
         0          0          0          0          0      16680   event_groups.o
       268         24          0          0          0       1788   fastmathfunctions.o
       156         14        207         20        596       7517   freertos.o
       352         22          0          0          0       1175   gpio.o
       200         22          0         16         16       2238   grayscale_task.o
       480         26          0         32      15360       7595   heap_4.o
       472         60          0          0        360       2644   i2c.o
      3044        182         12        164        344     598803   ins_task.o
       124          4         12          0          0       2011   ist8310driver.o
       112         22          0          0          0       3923   ist8310driver_middleware.o
      1096         70          0         32        260       4371   lidar_task.o
       138          0          0          0          0       3610   list.o
       248         20          0          0          0     746864   main.o
       560         28          0          0          0       5477   pid.o
       786         84          0         12          0      12037   port.o
       360         32          0          0        280       1959   spi.o
        64         26        392          0       1536        852   startup_stm32f407xx.o
        80         14          0         12          0       8126   stm32f4xx_hal.o
      1766          6          0          0          0      14819   stm32f4xx_hal_can.o
       158         14          0          0          0      33150   stm32f4xx_hal_cortex.o
      1018         14          8          0          0       5875   stm32f4xx_hal_dma.o
       502         50          0          0          0       2959   stm32f4xx_hal_gpio.o
      4080         78          0          0          0      17861   stm32f4xx_hal_i2c.o
        56          4          0          0          0        874   stm32f4xx_hal_msp.o
      1536         88          0          0          0       7053   stm32f4xx_hal_rcc.o
      1286         20          0          0          0       7274   stm32f4xx_hal_spi.o
      1708        142          0          0          0      13300   stm32f4xx_hal_tim.o
         4          0          0          0          0       1621   stm32f4xx_hal_tim_ex.o
       152         20          0          0         72       1575   stm32f4xx_hal_timebase_tim.o
      1442         14          0          0          0      10620   stm32f4xx_hal_uart.o
       152         52          0          0          0       9097   stm32f4xx_it.o
         0          0          0          0          0        392   stream_buffer.o
        16          4         24          4          0       1151   system_stm32f4xx.o
      2242        156          0         60        240      26607   tasks.o
       228         34          0          0         72       2326   tim.o
       360         40          0          0        144       2531   usart.o

    ----------------------------------------------------------------------
     36756       1810       2808        440      20300    1677119   Object Totals
         0          0         32          0          0          0   (incl. Generated)
        54          0          3          6          0          0   (incl. Padding)

    ----------------------------------------------------------------------

      Code (inc. data)   RO Data    RW Data    ZI Data      Debug   Library Member Name

      2718         84         12         16          0       9922   ahrs.o
        90          0          0          0          0          0   __dczerorl2.o
         8          0          0          0          0         68   __main.o
         0          0          0          0          0          0   __rtentry.o
        12          0          0          0          0          0   __rtentry2.o
         6          0          0          0          0          0   __rtentry4.o
        52          8          0          0          0          0   __scatter.o
        28          0          0          0          0          0   __scatter_zi.o
        22          0          0          0          0        100   _rserrno.o
        16          0          0          0          0         68   aeabi_memset.o
        18          0          0          0          0         80   exit.o
         6          0          0          0          0        152   heapauxi.o
         0          0          0          0          0          0   indicate_semi.o
         2          0          0          0          0          0   libinit.o
         6          0          0          0          0          0   libinit2.o
         2          0          0          0          0          0   libshutdown.o
         2          0          0          0          0          0   libshutdown2.o
         8          4          0          0         96         68   libspace.o
       238          0          0          0          0        100   lludivv7m.o
         8          4          0          0          0         68   rt_errno_addr_intlibspace.o
        68          0          0          0          0         68   rt_memclr.o
        78          0          0          0          0         80   rt_memclr_w.o
       100          0          0          0          0         80   rt_memcpy_w.o
         2          0          0          0          0          0   rtexit.o
        10          0          0          0          0          0   rtexit2.o
        62          0          0          0          0         76   strlen.o
        12          4          0          0          0         68   sys_exit.o
        74          0          0          0          0         80   sys_stackheap_outer.o
         2          0          0          0          0         68   use_no_semi.o
        98          4          0          0          0        140   d2f.o
        24          0          0          0          0        116   dcmpi.o
       120          4          0          0          0        140   dleqf.o
       156          4          0          0          0        140   dnaninf.o
        12          0          0          0          0        116   dretinf.o
       108          0          0          0          0        128   drleqf.o
        86          4          0          0          0        132   f2d.o
       140          4          0          0          0        132   fnaninf.o
        10          0          0          0          0        116   fpinit.o
        10          0          0          0          0        116   fretinf.o
         0          0          0          0          0          0   usenofp.o
       300         42          0          0          0        176   asinf.o
       592         90          0          0          0        184   atan2f.o
        20          0          0          0          0        124   fabs.o
        38          0          0          0          0        116   fpclassifyf.o
        44         12          0          0          0        464   funder.o
       120          0          0          0          0        272   sqrtf.o

    ----------------------------------------------------------------------
      5544        268         12         16        100      13758   Library Totals
        16          0          0          0          4          0   (incl. Padding)

    ----------------------------------------------------------------------

      Code (inc. data)   RO Data    RW Data    ZI Data      Debug   Library Name

      2718         84         12         16          0       9922   AHRS.lib
       932         20          0          0         96       1224   c_w.l
       764         20          0          0          0       1276   fz_wm.l
      1114        144          0          0          0       1336   m_wm.l

    ----------------------------------------------------------------------
      5544        268         12         16        100      13758   Library Totals

    ----------------------------------------------------------------------

==============================================================================


      Code (inc. data)   RO Data    RW Data    ZI Data      Debug   

     42300       2078       2820        456      20400    1663405   Grand Totals
     42300       2078       2820        112      20400    1663405   ELF Image Totals (compressed)
     42300       2078       2820        112          0          0   ROM Totals

==============================================================================

    Total RO  Size (Code + RO Data)                45120 (  44.06kB)
    Total RW  Size (RW Data + ZI Data)             20856 (  20.37kB)
    Total ROM Size (Code + RO Data + RW Data)      45232 (  44.17kB)

==============================================================================

