Component: ARM Compiler 5.06 update 6 (build 750) Tool: armlink [4d35ed]

==============================================================================

Section Cross References

    startup_stm32f407xx.o(RESET) refers to startup_stm32f407xx.o(STACK) for __initial_sp
    startup_stm32f407xx.o(RESET) refers to startup_stm32f407xx.o(.text) for Reset_Handler
    startup_stm32f407xx.o(RESET) refers to stm32f4xx_it.o(i.NMI_Handler) for NMI_Handler
    startup_stm32f407xx.o(RESET) refers to stm32f4xx_it.o(i.HardFault_Handler) for HardFault_Handler
    startup_stm32f407xx.o(RESET) refers to stm32f4xx_it.o(i.MemManage_Handler) for MemManage_Handler
    startup_stm32f407xx.o(RESET) refers to stm32f4xx_it.o(i.BusFault_Handler) for BusFault_Handler
    startup_stm32f407xx.o(RESET) refers to stm32f4xx_it.o(i.UsageFault_Handler) for UsageFault_Handler
    startup_stm32f407xx.o(RESET) refers to port.o(.emb_text) for SVC_Handler
    startup_stm32f407xx.o(RESET) refers to stm32f4xx_it.o(i.DebugMon_Handler) for DebugMon_Handler
    startup_stm32f407xx.o(RESET) refers to port.o(i.SysTick_Handler) for SysTick_Handler
    startup_stm32f407xx.o(RESET) refers to stm32f4xx_it.o(i.EXTI0_IRQHandler) for EXTI0_IRQHandler
    startup_stm32f407xx.o(RESET) refers to stm32f4xx_it.o(i.EXTI3_IRQHandler) for EXTI3_IRQHandler
    startup_stm32f407xx.o(RESET) refers to stm32f4xx_it.o(i.EXTI4_IRQHandler) for EXTI4_IRQHandler
    startup_stm32f407xx.o(RESET) refers to stm32f4xx_it.o(i.DMA1_Stream1_IRQHandler) for DMA1_Stream1_IRQHandler
    startup_stm32f407xx.o(RESET) refers to stm32f4xx_it.o(i.DMA1_Stream2_IRQHandler) for DMA1_Stream2_IRQHandler
    startup_stm32f407xx.o(RESET) refers to stm32f4xx_it.o(i.CAN1_RX0_IRQHandler) for CAN1_RX0_IRQHandler
    startup_stm32f407xx.o(RESET) refers to stm32f4xx_it.o(i.EXTI9_5_IRQHandler) for EXTI9_5_IRQHandler
    startup_stm32f407xx.o(RESET) refers to stm32f4xx_it.o(i.SPI1_IRQHandler) for SPI1_IRQHandler
    startup_stm32f407xx.o(RESET) refers to stm32f4xx_it.o(i.USART1_IRQHandler) for USART1_IRQHandler
    startup_stm32f407xx.o(RESET) refers to stm32f4xx_it.o(i.USART3_IRQHandler) for USART3_IRQHandler
    startup_stm32f407xx.o(RESET) refers to stm32f4xx_it.o(i.DMA1_Stream7_IRQHandler) for DMA1_Stream7_IRQHandler
    startup_stm32f407xx.o(RESET) refers to stm32f4xx_it.o(i.TIM7_IRQHandler) for TIM7_IRQHandler
    startup_stm32f407xx.o(RESET) refers to stm32f4xx_it.o(i.DMA2_Stream2_IRQHandler) for DMA2_Stream2_IRQHandler
    startup_stm32f407xx.o(RESET) refers to stm32f4xx_it.o(i.DMA2_Stream3_IRQHandler) for DMA2_Stream3_IRQHandler
    startup_stm32f407xx.o(RESET) refers to stm32f4xx_it.o(i.CAN2_RX0_IRQHandler) for CAN2_RX0_IRQHandler
    startup_stm32f407xx.o(RESET) refers to stm32f4xx_it.o(i.USART6_IRQHandler) for USART6_IRQHandler
    startup_stm32f407xx.o(.text) refers to system_stm32f4xx.o(i.SystemInit) for SystemInit
    startup_stm32f407xx.o(.text) refers to entry.o(.ARM.Collect$$$$00000000) for __main
    main.o(i.HAL_TIM_PeriodElapsedCallback) refers to stm32f4xx_hal.o(i.HAL_IncTick) for HAL_IncTick
    main.o(i.SystemClock_Config) refers to memseta.o(.text) for __aeabi_memclr4
    main.o(i.SystemClock_Config) refers to stm32f4xx_hal_rcc.o(i.HAL_RCC_OscConfig) for HAL_RCC_OscConfig
    main.o(i.SystemClock_Config) refers to main.o(i.Error_Handler) for Error_Handler
    main.o(i.SystemClock_Config) refers to stm32f4xx_hal_rcc.o(i.HAL_RCC_ClockConfig) for HAL_RCC_ClockConfig
    main.o(i.main) refers to stm32f4xx_hal.o(i.HAL_Init) for HAL_Init
    main.o(i.main) refers to main.o(i.SystemClock_Config) for SystemClock_Config
    main.o(i.main) refers to gpio.o(i.MX_GPIO_Init) for MX_GPIO_Init
    main.o(i.main) refers to dma.o(i.MX_DMA_Init) for MX_DMA_Init
    main.o(i.main) refers to spi.o(i.MX_SPI1_Init) for MX_SPI1_Init
    main.o(i.main) refers to tim.o(i.MX_TIM10_Init) for MX_TIM10_Init
    main.o(i.main) refers to i2c.o(i.MX_I2C3_Init) for MX_I2C3_Init
    main.o(i.main) refers to can.o(i.MX_CAN1_Init) for MX_CAN1_Init
    main.o(i.main) refers to usart.o(i.MX_USART1_UART_Init) for MX_USART1_UART_Init
    main.o(i.main) refers to i2c.o(i.MX_I2C2_Init) for MX_I2C2_Init
    main.o(i.main) refers to can.o(i.MX_CAN2_Init) for MX_CAN2_Init
    main.o(i.main) refers to tim.o(i.MX_TIM1_Init) for MX_TIM1_Init
    main.o(i.main) refers to tim.o(i.MX_TIM8_Init) for MX_TIM8_Init
    main.o(i.main) refers to usart.o(i.MX_USART6_UART_Init) for MX_USART6_UART_Init
    main.o(i.main) refers to usart.o(i.MX_USART3_UART_Init) for MX_USART3_UART_Init
    main.o(i.main) refers to bsp_can.o(i.can_filter_init) for can_filter_init
    main.o(i.main) refers to stm32f4xx_hal_tim.o(i.HAL_TIM_PWM_Start) for HAL_TIM_PWM_Start
    main.o(i.main) refers to bsp_delay.o(i.delay_init) for delay_init
    main.o(i.main) refers to remote_control.o(i.remote_control_init) for remote_control_init
    main.o(i.main) refers to freertos.o(i.MX_FREERTOS_Init) for MX_FREERTOS_Init
[...]
    ulTaskNotifyTake                         0x0800f655   Thumb Code    96  tasks.o(i.ulTaskNotifyTake)
    uxListRemove                             0x0800f737   Thumb Code    38  list.o(i.uxListRemove)
    vApplicationGetIdleTaskMemory            0x0800f75d   Thumb Code    16  freertos.o(i.vApplicationGetIdleTaskMemory)
    vApplicationGetTimerTaskMemory           0x0800f771   Thumb Code    18  freertos.o(i.vApplicationGetTimerTaskMemory)
    vListInitialise                          0x0800f789   Thumb Code    22  list.o(i.vListInitialise)
    vListInitialiseItem                      0x0800f79f   Thumb Code     6  list.o(i.vListInitialiseItem)
    vListInsert                              0x0800f7a5   Thumb Code    48  list.o(i.vListInsert)
    vListInsertEnd                           0x0800f7d5   Thumb Code    24  list.o(i.vListInsertEnd)
    vPortEnterCritical                       0x0800f7ed   Thumb Code    54  port.o(i.vPortEnterCritical)
    vPortExitCritical                        0x0800f82d   Thumb Code    38  port.o(i.vPortExitCritical)
    vPortFree                                0x0800f859   Thumb Code    94  heap_4.o(i.vPortFree)
    vPortSetupTimerInterrupt                 0x0800f8bd   Thumb Code    32  port.o(i.vPortSetupTimerInterrupt)
    vPortValidateInterruptPriority           0x0800f8e1   Thumb Code    74  port.o(i.vPortValidateInterruptPriority)
    vQueueAddToRegistry                      0x0800f935   Thumb Code    32  queue.o(i.vQueueAddToRegistry)
    vQueueWaitForMessageRestricted           0x0800f959   Thumb Code    70  queue.o(i.vQueueWaitForMessageRestricted)
    vTaskDelay                               0x0800f9a1   Thumb Code    70  tasks.o(i.vTaskDelay)
    vTaskInternalSetTimeOutState             0x0800f9f1   Thumb Code    12  tasks.o(i.vTaskInternalSetTimeOutState)
    vTaskMissedYield                         0x0800fa01   Thumb Code     8  tasks.o(i.vTaskMissedYield)
    vTaskNotifyGiveFromISR                   0x0800fa0d   Thumb Code   178  tasks.o(i.vTaskNotifyGiveFromISR)
    vTaskPlaceOnEventList                    0x0800fac9   Thumb Code    46  tasks.o(i.vTaskPlaceOnEventList)
    vTaskPlaceOnEventListRestricted          0x0800fafd   Thumb Code    54  tasks.o(i.vTaskPlaceOnEventListRestricted)
    vTaskStartScheduler                      0x0800fb39   Thumb Code   126  tasks.o(i.vTaskStartScheduler)
    vTaskSuspendAll                          0x0800fbc9   Thumb Code    10  tasks.o(i.vTaskSuspendAll)
    vTaskSwitchContext                       0x0800fbd9   Thumb Code    86  tasks.o(i.vTaskSwitchContext)
    vTimerCallback                           0x0800fc39   Thumb Code    90  chassis_task.o(i.vTimerCallback)
    xPortStartScheduler                      0x0800fcb1   Thumb Code   222  port.o(i.xPortStartScheduler)
    xQueueGenericCreateStatic                0x0800fda5   Thumb Code   108  queue.o(i.xQueueGenericCreateStatic)
    xQueueGenericReset                       0x0800fe11   Thumb Code   134  queue.o(i.xQueueGenericReset)
    xQueueGenericSend                        0x0800fe9d   Thumb Code   352  queue.o(i.xQueueGenericSend)
    xQueueGenericSendFromISR                 0x08010001   Thumb Code   192  queue.o(i.xQueueGenericSendFromISR)
    xQueueReceive                            0x080100c1   Thumb Code   310  queue.o(i.xQueueReceive)
    xTaskCheckForTimeOut                     0x080101fd   Thumb Code   140  tasks.o(i.xTaskCheckForTimeOut)
    xTaskCreate                              0x0801028d   Thumb Code   100  tasks.o(i.xTaskCreate)
    xTaskCreateStatic                        0x080102f1   Thumb Code    92  tasks.o(i.xTaskCreateStatic)
    xTaskGetHandle                           0x0801034d   Thumb Code   128  tasks.o(i.xTaskGetHandle)
    xTaskGetSchedulerState                   0x080103d5   Thumb Code    24  tasks.o(i.xTaskGetSchedulerState)
    xTaskGetTickCount                        0x080103f1   Thumb Code     6  tasks.o(i.xTaskGetTickCount)
    xTaskIncrementTick                       0x080103fd   Thumb Code   198  tasks.o(i.xTaskIncrementTick)
    xTaskPriorityDisinherit                  0x080104cd   Thumb Code   144  tasks.o(i.xTaskPriorityDisinherit)
    xTaskRemoveFromEventList                 0x08010565   Thumb Code   114  tasks.o(i.xTaskRemoveFromEventList)
    xTaskResumeAll                           0x080105e1   Thumb Code   192  tasks.o(i.xTaskResumeAll)
    xTimerCreate                             0x080106ad   Thumb Code    52  timers.o(i.xTimerCreate)
    xTimerCreateTimerTask                    0x080106e1   Thumb Code    86  timers.o(i.xTimerCreateTimerTask)
    xTimerGenericCommand                     0x08010749   Thumb Code    98  timers.o(i.xTimerGenericCommand)
    AHBPrescTable                            0x08010860   Data          16  system_stm32f4xx.o(.constdata)
    APBPrescTable                            0x08010870   Data           8  system_stm32f4xx.o(.constdata)
    sinTable_f32                             0x080108e0   Data        2052  commontables.o(.constdata)
    __mathlib_zero                           0x08011290   Data           8  qnan.o(.constdata)
    Region$$Table$$Base                      0x080113d8   Number         0  anon$$obj.o(Region$$Table)
    Region$$Table$$Limit                     0x080113f8   Number         0  anon$$obj.o(Region$$Table)
    INS_TASKHandle                           0x20000000   Data           4  freertos.o(.data)
    CHASSIS_TaskHandle                       0x20000004   Data           4  freertos.o(.data)
    Grayscale_TaskHandle                     0x20000008   Data           4  freertos.o(.data)
    main_TaskHandle                          0x2000000c   Data           4  freertos.o(.data)
    arm_taskHandle                           0x20000010   Data           4  freertos.o(.data)
    openmv_TaskHandle                        0x20000014   Data           4  freertos.o(.data)
    uwTickFreq                               0x2000001c   Data           1  stm32f4xx_hal.o(.data)
    uwTickPrio                               0x20000020   Data           4  stm32f4xx_hal.o(.data)
    uwTick                                   0x20000024   Data           4  stm32f4xx_hal.o(.data)
    SystemCoreClock                          0x20000028   Data           4  system_stm32f4xx.o(.data)
    pxCurrentTCB                             0x2000002c   Data           4  tasks.o(.data)
    catch_object_mode                        0x200000a8   Data           4  main_task.o(.data)
    push_ball_mode                           0x200000ac   Data           4  main_task.o(.data)
    look_object_mode                         0x200000b0   Data           4  main_task.o(.data)
    disable_arm_flag                         0x200000b4   Data           4  main_task.o(.data)
    arm_init_flag                            0x200000b8   Data           4  arm_task.o(.data)
    pos_frame_cnt                            0x200000bc   Data           4  arm_task.o(.data)
    pos_stable_cnt                           0x200000c0   Data           4  arm_task.o(.data)
    now_angle_4310                           0x200000c4   Data           4  arm_task.o(.data)
    catch_object_delay                       0x200000c8   Data           4  arm_task.o(.data)
    catch_object_sensitivity                 0x200000cc   Data           4  arm_task.o(.data)
    push_ball_delay                          0x200000d0   Data           4  arm_task.o(.data)
    push_ball_sensitivity                    0x200000d4   Data           4  arm_task.o(.data)
    i2c_cmd                                  0x200000d8   Data           1  grayscale_task.o(.data)
    i_gray                                   0x200000d9   Data           1  grayscale_task.o(.data)
    Grayscale_num                            0x200000da   Data           1  grayscale_task.o(.data)
    cross_cnt                                0x200000db   Data           1  grayscale_task.o(.data)
    Data_sum_gray1                           0x200000dc   Data           1  grayscale_task.o(.data)
    Grayscale_ADDR                           0x200000dd   Data           2  grayscale_task.o(.data)
    data_gray                                0x200000df   Data           2  grayscale_task.o(.data)
    ret_receive                              0x200000e4   Data           4  grayscale_task.o(.data)
    ret_transmit                             0x200000e8   Data           4  grayscale_task.o(.data)
    color_time                               0x200000ec   Data           4  chassis_task.o(.data)
    ballout_time                             0x200000f0   Data           4  chassis_task.o(.data)
    color                                    0x200000f4   Data           2  openmv_task.o(.data)
    shape                                    0x200000f6   Data           2  openmv_task.o(.data)
    rxBuffer_main                            0x200000f8   Data           2  openmv_task.o(.data)
    gyro_update_flag                         0x200000fc   Data           1  ins_task.o(.data)
    accel_update_flag                        0x200000fd   Data           1  ins_task.o(.data)
    accel_temp_update_flag                   0x200000fe   Data           1  ins_task.o(.data)
    mag_update_flag                          0x200000ff   Data           1  ins_task.o(.data)
    imu_start_dma_flag                       0x20000100   Data           1  ins_task.o(.data)
    imu_read_flag                            0x20000101   Data           1  ins_task.o(.data)
    accel_temp_dma_tx_buf                    0x20000108   Data           4  ins_task.o(.data)
    accel_temp_dma_rx_buf                    0x20000114   Data           4  ins_task.o(.data)
    gyro_dma_tx_buf                          0x20000118   Data           8  ins_task.o(.data)
    gyro_dma_rx_buf                          0x20000120   Data           8  ins_task.o(.data)
    accel_dma_tx_buf                         0x20000128   Data           9  ins_task.o(.data)
    gyro_scale_factor                        0x20000134   Data          36  ins_task.o(.data)
    accel_scale_factor                       0x20000158   Data          36  ins_task.o(.data)
    mag_scale_factor                         0x2000017c   Data          36  ins_task.o(.data)
    BMI088_ACCEL_SEN                         0x200001a8   Data           4  bmi088driver.o(.data)
    BMI088_GYRO_SEN                          0x200001ac   Data           4  bmi088driver.o(.data)
    ramp_k                                   0x200001e0   Data           4  chassis.o(.data)
    chassis_work_flag                        0x200001e4   Data           1  configs.o(.data)
    work_flag                                0x200001e5   Data           1  configs.o(.data)
    odometryResetFlag                        0x200001e6   Data           1  configs.o(.data)
    ins_init_flag                            0x200001e7   Data           1  configs.o(.data)
    cross_flag                               0x200001e8   Data           1  configs.o(.data)
    target_cross_flag                        0x200001e9   Data           1  configs.o(.data)
    gray_stop_flag                           0x200001ea   Data           1  configs.o(.data)
    chassis_arm_comm_flag                    0x200001eb   Data           1  configs.o(.data)
    height_flag                              0x200001ec   Data           1  configs.o(.data)
    mode_openmv                              0x200001ed   Data           1  configs.o(.data)
    offset_4310_angle                        0x200001f0   Data           4  configs.o(.data)
    DM4340_speed_kp                          0x200001f4   Data           4  configs.o(.data)
    DM4340_speed_ki                          0x200001f8   Data           4  configs.o(.data)
    DM4340_speed_kd                          0x200001fc   Data           4  configs.o(.data)
    DM4340_speed_max_out                     0x20000200   Data           4  configs.o(.data)
    DM4340_speed_max_iout                    0x20000204   Data           4  configs.o(.data)
    DM4340_pos_kp                            0x20000208   Data           4  configs.o(.data)
    DM4340_pos_ki                            0x2000020c   Data           4  configs.o(.data)
    DM4340_pos_kd                            0x20000210   Data           4  configs.o(.data)
    DM4340_pos_max_out                       0x20000214   Data           4  configs.o(.data)
    DM4340_pos_max_iout                      0x20000218   Data           4  configs.o(.data)
    DM4310_speed_kp                          0x2000021c   Data           4  configs.o(.data)
    DM4310_speed_ki                          0x20000220   Data           4  configs.o(.data)
    DM4310_speed_kd                          0x20000224   Data           4  configs.o(.data)
    DM4310_speed_max_out                     0x20000228   Data           4  configs.o(.data)
    DM4310_speed_max_iout                    0x2000022c   Data           4  configs.o(.data)
    DM4310_pos_kp                            0x20000230   Data           4  configs.o(.data)
    DM4310_pos_ki                            0x20000234   Data           4  configs.o(.data)
    DM4310_pos_kd                            0x20000238   Data           4  configs.o(.data)
    DM4310_pos_max_out                       0x2000023c   Data           4  configs.o(.data)
    DM4310_pos_max_iout                      0x20000240   Data           4  configs.o(.data)
    DM4340_LPF_K                             0x20000244   Data           4  configs.o(.data)
    DM4310_LPF_K                             0x20000248   Data           4  configs.o(.data)
    DM4310_delta_enc                         0x2000024c   Data           4  configs.o(.data)
    last_DM4310_delta_enc                    0x20000250   Data           4  configs.o(.data)
    begin_look_flag                          0x20000254   Data           4  configs.o(.data)
    arm_flag                                 0x20000258   Data           1  configs.o(.data)
    arm_flag_last                            0x20000259   Data           1  configs.o(.data)
    just_once_flag                           0x2000025a   Data           1  configs.o(.data)
    catch_object_end_flag                    0x2000025b   Data           1  configs.o(.data)
    second_look_flag                         0x2000025c   Data           1  configs.o(.data)
    arm_catch_flag                           0x2000025d   Data           1  configs.o(.data)
    pile_approach_flag                       0x2000025e   Data           1  configs.o(.data)
    shunt_ball_flag                          0x2000025f   Data           1  configs.o(.data)
    ball_in_flag                             0x20000260   Data           1  configs.o(.data)
    ball_out_flag                            0x20000261   Data           1  configs.o(.data)
    DM4340_target_speed                      0x20000264   Data           4  configs.o(.data)
    DM4310_target_speed                      0x20000268   Data           4  configs.o(.data)
    Servo_target_angle                       0x2000026c   Data           4  configs.o(.data)
    DM4310_target_pos_int                    0x20000270   Data           4  configs.o(.data)
    DM4340_target_pos_int                    0x20000274   Data           4  configs.o(.data)
    target_x_follow                          0x20000278   Data           4  configs.o(.data)
    target_y_follow                          0x2000027c   Data           4  configs.o(.data)
    target_angle_follow                      0x20000280   Data           4  configs.o(.data)
    target_x                                 0x20000284   Data           4  configs.o(.data)
    target_y                                 0x20000288   Data           4  configs.o(.data)
    target_angle                             0x2000028c   Data           4  configs.o(.data)
    USART6_Receive_buf                       0x20000297   Data           1  lidar.o(.data)
    confidence                               0x20000298   Data           1  lidar.o(.data)
    receive_cnt                              0x2000029a   Data           2  lidar.o(.data)
    lidar_distance                           0x2000029e   Data           2  lidar.o(.data)
    noise                                    0x200002a0   Data           2  lidar.o(.data)
    reftof                                   0x200002a2   Data           2  lidar.o(.data)
    peak                                     0x200002a8   Data           4  lidar.o(.data)
    intg                                     0x200002ac   Data           4  lidar.o(.data)
    hcan1                                    0x20000970   Data          40  can.o(.bss)
    hcan2                                    0x20000998   Data          40  can.o(.bss)
    hi2c2                                    0x200009c0   Data          84  i2c.o(.bss)
    hi2c3                                    0x20000a14   Data          84  i2c.o(.bss)
    hdma_i2c2_rx                             0x20000a68   Data          96  i2c.o(.bss)
    hdma_i2c2_tx                             0x20000ac8   Data          96  i2c.o(.bss)
    hspi1                                    0x20000b28   Data          88  spi.o(.bss)
    hdma_spi1_rx                             0x20000b80   Data          96  spi.o(.bss)
    hdma_spi1_tx                             0x20000be0   Data          96  spi.o(.bss)
    htim1                                    0x20000c40   Data          72  tim.o(.bss)
    htim8                                    0x20000c88   Data          72  tim.o(.bss)
    htim10                                   0x20000cd0   Data          72  tim.o(.bss)
    huart1                                   0x20000d18   Data          72  usart.o(.bss)
    huart3                                   0x20000d60   Data          72  usart.o(.bss)
    huart6                                   0x20000da8   Data          72  usart.o(.bss)
    hdma_usart3_rx                           0x20000df0   Data          96  usart.o(.bss)
    htim7                                    0x20000e50   Data          72  stm32f4xx_hal_timebase_tim.o(.bss)
    xQueueRegistry                           0x20000e98   Data          64  queue.o(.bss)
    Data_gray                                0x20004cb0   Data          16  grayscale_task.o(.bss)
    chassis_move                             0x20004cc0   Data         896  chassis_task.o(.bss)
    INS_accel                                0x20005070   Data          12  ins_task.o(.bss)
    INS_angle                                0x20005098   Data          12  ins_task.o(.bss)
    INS_angle_deg                            0x200050a4   Data          12  ins_task.o(.bss)
    INS_angle_speed_deg                      0x200050b0   Data          12  ins_task.o(.bss)
    accel_dma_rx_buf                         0x200050bc   Data           9  ins_task.o(.bss)
    bmi088_real_data                         0x200050c8   Data          36  ins_task.o(.bss)
    bmi088_offset_data                       0x200050ec   Data          36  ins_task.o(.bss)
    gyro_offset                              0x20005110   Data          12  ins_task.o(.bss)
    gyro_cali_offset                         0x2000511c   Data          12  ins_task.o(.bss)
    accel_offset                             0x20005128   Data          12  ins_task.o(.bss)
    ist8310_real_data                        0x20005134   Data          16  ins_task.o(.bss)
    mag_offset                               0x20005144   Data          12  ins_task.o(.bss)
    data_follow                              0x200051f0   Data          12  chassis.o(.bss)
    arms_js_data                             0x200051fc   Data          16  configs.o(.bss)
    DM4340_speed_PID                         0x2000520c   Data          12  configs.o(.bss)
    DM4340_pos_PID                           0x20005218   Data          12  configs.o(.bss)
    DM4310_speed_PID                         0x20005224   Data          12  configs.o(.bss)
    DM4310_pos_PID                           0x20005230   Data          12  configs.o(.bss)
    DM4340_Data                              0x2000523c   Data          40  configs.o(.bss)
    DM4310_Data                              0x20005264   Data          40  configs.o(.bss)
    DM4340_speed_pid                         0x2000528c   Data          72  configs.o(.bss)
    DM4310_speed_pid                         0x200052d4   Data          72  configs.o(.bss)
    DM4340_pos_pid                           0x2000531c   Data          72  configs.o(.bss)
    DM4310_pos_pid                           0x20005364   Data          72  configs.o(.bss)
    Pack_Data                                0x200053ac   Data         240  lidar.o(.bss)
    Pack_sum                                 0x2000549c   Data          20  lidar.o(.bss)
    rc_ctrl                                  0x200054b0   Data          22  remote_control.o(.bss)
    sbus_rx_buf                              0x200054c6   Data          72  remote_control.o(.bss)
    __initial_sp                             0x20005910   Data           0  startup_stm32f407xx.o(STACK)



==============================================================================

Memory Map of the image

  Image Entry point : 0x08000189

  Load Region LR_IROM1 (Base: 0x08000000, Size: 0x000116c0, Max: 0x00100000, ABSOLUTE, COMPRESSED[0x000114b4])

    Execution Region ER_IROM1 (Exec base: 0x08000000, Load base: 0x08000000, Size: 0x000113f8, Max: 0x00100000, ABSOLUTE)

    Exec Addr    Load Addr    Size         Type   Attr      Idx    E Section Name        Object

    0x08000000   0x08000000   0x00000188   Data   RO            3    RESET               startup_stm32f407xx.o
    0x08000188   0x08000188   0x00000000   Code   RO        14990  * .ARM.Collect$$$$00000000  mc_w.l(entry.o)
    0x08000188   0x08000188   0x00000004   Code   RO        15117    .ARM.Collect$$$$00000001  mc_w.l(entry2.o)
    0x0800018c   0x0800018c   0x00000004   Code   RO        15120    .ARM.Collect$$$$00000004  mc_w.l(entry5.o)
    0x08000190   0x08000190   0x00000000   Code   RO        15122    .ARM.Collect$$$$00000008  mc_w.l(entry7b.o)
    0x08000190   0x08000190   0x00000000   Code   RO        15124    .ARM.Collect$$$$0000000A  mc_w.l(entry8b.o)
    0x08000190   0x08000190   0x00000008   Code   RO        15125    .ARM.Collect$$$$0000000B  mc_w.l(entry9a.o)
    0x08000198   0x08000198   0x00000000   Code   RO        15127    .ARM.Collect$$$$0000000D  mc_w.l(entry10a.o)
    0x08000198   0x08000198   0x00000000   Code   RO        15129    .ARM.Collect$$$$0000000F  mc_w.l(entry11a.o)
    0x08000198   0x08000198   0x00000004   Code   RO        15118    .ARM.Collect$$$$00002712  mc_w.l(entry2.o)
    0x0800019c   0x0800019c   0x000000be   Code   RO         5945    .emb_text           port.o
    0x0800025a   0x0800025a   0x00000002   PAD
    0x0800025c   0x0800025c   0x00000024   Code   RO            4    .text               startup_stm32f407xx.o
    0x08000280   0x08000280   0x00000062   Code   RO        14993    .text               mc_w.l(uldiv.o)
    0x080002e2   0x080002e2   0x0000001e   Code   RO        14997    .text               mc_w.l(llshl.o)
    0x08000300   0x08000300   0x00000024   Code   RO        14999    .text               mc_w.l(llsshr.o)
    0x08000324   0x08000324   0x00000024   Code   RO        15001    .text               mc_w.l(memcpya.o)
    0x08000348   0x08000348   0x00000024   Code   RO        15005    .text               mc_w.l(memseta.o)
    0x0800036c   0x0800036c   0x0000000e   Code   RO        15007    .text               mc_w.l(strlen.o)
    0x0800037a   0x0800037a   0x0000014e   Code   RO        15039    .text               mf_w.l(dadd.o)
    0x080004c8   0x080004c8   0x000000e4   Code   RO        15041    .text               mf_w.l(dmul.o)
    0x080005ac   0x080005ac   0x000000de   Code   RO        15043    .text               mf_w.l(ddiv.o)
    0x0800068a   0x0800068a   0x00000022   Code   RO        15047    .text               mf_w.l(dflti.o)
    0x080006ac   0x080006ac   0x0000001a   Code   RO        15049    .text               mf_w.l(dfltui.o)
    0x080006c6   0x080006c6   0x0000003e   Code   RO        15053    .text               mf_w.l(dfixi.o)
    0x08000704   0x08000704   0x00000026   Code   RO        15057    .text               mf_w.l(f2d.o)
    0x0800072a   0x0800072a   0x00000002   PAD
    0x0800072c   0x0800072c   0x00000030   Code   RO        15059    .text               mf_w.l(cdcmple.o)
    0x0800075c   0x0800075c   0x00000030   Code   RO        15061    .text               mf_w.l(cdrcmple.o)
    0x0800078c   0x0800078c   0x00000038   Code   RO        15063    .text               mf_w.l(d2f.o)
    0x080007c4   0x080007c4   0x00000020   Code   RO        15131    .text               mc_w.l(llushr.o)
    0x080007e4   0x080007e4   0x00000000   Code   RO        15142    .text               mc_w.l(iusefp.o)
    0x080007e4   0x080007e4   0x0000006e   Code   RO        15143    .text               mf_w.l(fepilogue.o)
    0x08000852   0x08000852   0x000000ba   Code   RO        15145    .text               mf_w.l(depilogue.o)
    0x0800090c   0x0800090c   0x0000002e   Code   RO        15147    .text               mf_w.l(dscalb.o)
    0x0800093a   0x0800093a   0x000000a2   Code   RO        15149    .text               mf_w.l(dsqrt.o)
    0x080009dc   0x080009dc   0x00000024   Code   RO        15153    .text               mc_w.l(init.o)
    0x08000a00   0x08000a00   0x00000056   Code   RO        15163    .text               mc_w.l(__dczerorl2.o)
    0x08000a56   0x08000a56   0x00000004   Code   RO         6933    i.AHRS_asinf        ahrs_middleware.o
    0x08000a5a   0x08000a5a   0x00000004   Code   RO         6934    i.AHRS_atan2f       ahrs_middleware.o
    0x08000a5e   0x08000a5e   0x00000004   Code   RO         6935    i.AHRS_cosf         ahrs_middleware.o
    0x08000a62   0x08000a62   0x0000001a   Code   RO        14677    i.AHRS_fabs         AHRS.lib(ahrs.o)
    0x08000a7c   0x08000a7c   0x00000014   Code   RO         6936    i.AHRS_get_height   ahrs_middleware.o
    0x08000a90   0x08000a90   0x0000000e   Code   RO         6937    i.AHRS_get_latitude  ahrs_middleware.o
    0x08000a9e   0x08000a9e   0x00000002   PAD
    0x08000aa0   0x08000aa0   0x0000029c   Code   RO        14678    i.AHRS_init         AHRS.lib(ahrs.o)
    0x08000d3c   0x08000d3c   0x00000014   Code   RO         6938    i.AHRS_invSqrt      ahrs_middleware.o
    0x08000d50   0x08000d50   0x00000004   Code   RO         6939    i.AHRS_sinf         ahrs_middleware.o
    0x08000d54   0x08000d54   0x0000013a   Code   RO        14679    i.AHRS_update       AHRS.lib(ahrs.o)
    0x08000e8e   0x08000e8e   0x00000002   PAD
    0x08000e90   0x08000e90   0x00000138   Code   RO         7998    i.Arm_Ctrl          dm_control.o
    0x08000fc8   0x08000fc8   0x0000020c   Code   RO         6089    i.Arm_Task          arm_task.o
    0x080011d4   0x080011d4   0x00000010   Code   RO         7522    i.BMI088_ACCEL_NS_H  bmi088middleware.o
    0x080011e4   0x080011e4   0x00000010   Code   RO         7523    i.BMI088_ACCEL_NS_L  bmi088middleware.o
    0x080011f4   0x080011f4   0x00000002   Code   RO         7524    i.BMI088_GPIO_init  bmi088middleware.o
    0x080011f6   0x080011f6   0x00000002   PAD
    0x080011f8   0x080011f8   0x00000010   Code   RO         7525    i.BMI088_GYRO_NS_H  bmi088middleware.o
    0x08001208   0x08001208   0x00000010   Code   RO         7526    i.BMI088_GYRO_NS_L  bmi088middleware.o
    0x08001218   0x08001218   0x00000088   Code   RO         7386    i.BMI088_accel_read_over  bmi088driver.o
    0x080012a0   0x080012a0   0x00000002   Code   RO         7527    i.BMI088_com_init   bmi088middleware.o
    0x080012a2   0x080012a2   0x00000004   Code   RO         7528    i.BMI088_delay_ms   bmi088middleware.o
    0x080012a6   0x080012a6   0x00000004   Code   RO         7529    i.BMI088_delay_us   bmi088middleware.o
    0x080012aa   0x080012aa   0x00000002   PAD
    0x080012ac   0x080012ac   0x00000060   Code   RO         7387    i.BMI088_gyro_read_over  bmi088driver.o
    0x0800130c   0x0800130c   0x0000002e   Code   RO         7388    i.BMI088_init       bmi088driver.o
    0x0800133a   0x0800133a   0x00000002   PAD
    0x0800133c   0x0800133c   0x0000015c   Code   RO         7389    i.BMI088_read       bmi088driver.o
    0x08001498   0x08001498   0x00000024   Code   RO         7392    i.BMI088_read_muli_reg  bmi088driver.o
    0x080014bc   0x080014bc   0x00000016   Code   RO         7393    i.BMI088_read_single_reg  bmi088driver.o
    0x080014d2   0x080014d2   0x00000002   PAD
    0x080014d4   0x080014d4   0x00000020   Code   RO         7530    i.BMI088_read_write_byte  bmi088middleware.o
    0x080014f4   0x080014f4   0x00000030   Code   RO         7394    i.BMI088_temperature_read_over  bmi088driver.o
    0x08001524   0x08001524   0x00000012   Code   RO         7395    i.BMI088_write_single_reg  bmi088driver.o
    0x08001536   0x08001536   0x00000002   Code   RO          639    i.BusFault_Handler  stm32f4xx_it.o
    0x08001538   0x08001538   0x0000000c   Code   RO          640    i.CAN1_RX0_IRQHandler  stm32f4xx_it.o
    0x08001544   0x08001544   0x0000000c   Code   RO          641    i.CAN2_RX0_IRQHandler  stm32f4xx_it.o
    0x08001550   0x08001550   0x00000048   Code   RO         7755    i.CAN_cmd_chassis   can_receive.o
    0x08001598   0x08001598   0x000000b0   Code   RO         6208    i.Chassis_task      chassis_task.o
    0x08001648   0x08001648   0x00000024   Code   RO         7999    i.DM4310_angle_to_enc_p_int  dm_control.o
    0x0800166c   0x0800166c   0x00000024   Code   RO         8000    i.DM4310_enc_p_int_to_angle  dm_control.o
    0x08001690   0x08001690   0x00000024   Code   RO         8001    i.DM4340_angle_to_enc_p_int  dm_control.o
    0x080016b4   0x080016b4   0x00000024   Code   RO         8002    i.DM4340_enc_p_int_to_angle  dm_control.o
    0x080016d8   0x080016d8   0x0000000c   Code   RO          642    i.DMA1_Stream1_IRQHandler  stm32f4xx_it.o
    0x080016e4   0x080016e4   0x0000000c   Code   RO          643    i.DMA1_Stream2_IRQHandler  stm32f4xx_it.o
    0x080016f0   0x080016f0   0x0000000c   Code   RO          644    i.DMA1_Stream7_IRQHandler  stm32f4xx_it.o
    0x080016fc   0x080016fc   0x00000014   Code   RO          645    i.DMA2_Stream2_IRQHandler  stm32f4xx_it.o
    0x08001710   0x08001710   0x000004bc   Code   RO         6370    i.DMA2_Stream2_IRQHandler_1  ins_task.o
    0x08001bcc   0x08001bcc   0x0000000c   Code   RO          646    i.DMA2_Stream3_IRQHandler  stm32f4xx_it.o
    0x08001bd8   0x08001bd8   0x0000002c   Code   RO         1594    i.DMA_CalcBaseAndBitshift  stm32f4xx_hal_dma.o
    0x08001c04   0x08001c04   0x00000078   Code   RO         1595    i.DMA_CheckFifoParam  stm32f4xx_hal_dma.o
    0x08001c7c   0x08001c7c   0x00000054   Code   RO         8003    i.DM_Data_Init      dm_control.o
    0x08001cd0   0x08001cd0   0x00000150   Code   RO         8004    i.DM_PID_Init       dm_control.o
    0x08001e20   0x08001e20   0x00000100   Code   RO         8005    i.DM_PID_Pos_Speed_Ctrl  dm_control.o
    0x08001f20   0x08001f20   0x00000002   Code   RO          647    i.DebugMon_Handler  stm32f4xx_it.o
    0x08001f22   0x08001f22   0x00000002   PAD
    0x08001f24   0x08001f24   0x00000048   Code   RO         8007    i.Disable_DM_Motor  dm_control.o
    0x08001f6c   0x08001f6c   0x00000006   Code   RO          648    i.EXTI0_IRQHandler  stm32f4xx_it.o
    0x08001f72   0x08001f72   0x00000006   Code   RO          649    i.EXTI3_IRQHandler  stm32f4xx_it.o
    0x08001f78   0x08001f78   0x00000006   Code   RO          650    i.EXTI4_IRQHandler  stm32f4xx_it.o
    0x08001f7e   0x08001f7e   0x00000006   Code   RO          651    i.EXTI9_5_IRQHandler  stm32f4xx_it.o
    0x08001f84   0x08001f84   0x00000048   Code   RO         8008    i.Enable_DM_Motor   dm_control.o
    0x08001fcc   0x08001fcc   0x00000004   Code   RO           13    i.Error_Handler     main.o
    0x08001fd0   0x08001fd0   0x000000c0   Code   RO         8009    i.Get_DM4310_Data   dm_control.o
    0x08002090   0x08002090   0x000000bc   Code   RO         8010    i.Get_DM4340_Data   dm_control.o
    0x0800214c   0x0800214c   0x00000144   Code   RO         6167    i.Grayscale_task    grayscale_task.o
    0x08002290   0x08002290   0x00000024   Code   RO          857    i.HAL_CAN_ActivateNotification  stm32f4xx_hal_can.o
    0x080022b4   0x080022b4   0x000000e2   Code   RO          858    i.HAL_CAN_AddTxMessage  stm32f4xx_hal_can.o
    0x08002396   0x08002396   0x00000002   PAD
    0x08002398   0x08002398   0x00000110   Code   RO          859    i.HAL_CAN_ConfigFilter  stm32f4xx_hal_can.o
    0x080024a8   0x080024a8   0x00000002   Code   RO          862    i.HAL_CAN_ErrorCallback  stm32f4xx_hal_can.o
    0x080024aa   0x080024aa   0x00000112   Code   RO          865    i.HAL_CAN_GetRxMessage  stm32f4xx_hal_can.o
    0x080025bc   0x080025bc   0x000001fc   Code   RO          869    i.HAL_CAN_IRQHandler  stm32f4xx_hal_can.o
    0x080027b8   0x080027b8   0x00000152   Code   RO          870    i.HAL_CAN_Init      stm32f4xx_hal_can.o
    0x0800290a   0x0800290a   0x00000002   PAD
    0x0800290c   0x0800290c   0x00000100   Code   RO          363    i.HAL_CAN_MspInit   can.o
    0x08002a0c   0x08002a0c   0x00000002   Code   RO          877    i.HAL_CAN_RxFifo0FullCallback  stm32f4xx_hal_can.o
    0x08002a0e   0x08002a0e   0x00000002   PAD
    0x08002a10   0x08002a10   0x0000012c   Code   RO         7756    i.HAL_CAN_RxFifo0MsgPendingCallback  can_receive.o
    0x08002b3c   0x08002b3c   0x00000002   Code   RO          879    i.HAL_CAN_RxFifo1FullCallback  stm32f4xx_hal_can.o
    0x08002b3e   0x08002b3e   0x00000002   Code   RO          880    i.HAL_CAN_RxFifo1MsgPendingCallback  stm32f4xx_hal_can.o
    0x08002b40   0x08002b40   0x00000002   Code   RO          881    i.HAL_CAN_SleepCallback  stm32f4xx_hal_can.o
    0x08002b42   0x08002b42   0x00000058   Code   RO          882    i.HAL_CAN_Start     stm32f4xx_hal_can.o
    0x08002b9a   0x08002b9a   0x00000002   Code   RO          884    i.HAL_CAN_TxMailbox0AbortCallback  stm32f4xx_hal_can.o
    0x08002b9c   0x08002b9c   0x00000002   Code   RO          885    i.HAL_CAN_TxMailbox0CompleteCallback  stm32f4xx_hal_can.o
    0x08002b9e   0x08002b9e   0x00000002   Code   RO          886    i.HAL_CAN_TxMailbox1AbortCallback  stm32f4xx_hal_can.o
    0x08002ba0   0x08002ba0   0x00000002   Code   RO          887    i.HAL_CAN_TxMailbox1CompleteCallback  stm32f4xx_hal_can.o
    0x08002ba2   0x08002ba2   0x00000002   Code   RO          888    i.HAL_CAN_TxMailbox2AbortCallback  stm32f4xx_hal_can.o
    0x08002ba4   0x08002ba4   0x00000002   Code   RO          889    i.HAL_CAN_TxMailbox2CompleteCallback  stm32f4xx_hal_can.o
    0x08002ba6   0x08002ba6   0x00000002   Code   RO          891    i.HAL_CAN_WakeUpFromRxMsgCallback  stm32f4xx_hal_can.o
    0x08002ba8   0x08002ba8   0x0000008e   Code   RO         1597    i.HAL_DMA_Abort     stm32f4xx_hal_dma.o
    0x08002c36   0x08002c36   0x00000024   Code   RO         1598    i.HAL_DMA_Abort_IT  stm32f4xx_hal_dma.o
    0x08002c5a   0x08002c5a   0x00000002   PAD
    0x08002c5c   0x08002c5c   0x000001d0   Code   RO         1602    i.HAL_DMA_IRQHandler  stm32f4xx_hal_dma.o
    0x08002e2c   0x08002e2c   0x000000d4   Code   RO         1603    i.HAL_DMA_Init      stm32f4xx_hal_dma.o
    0x08002f00   0x08002f00   0x00000088   Code   RO         6371    i.HAL_GPIO_EXTI_Callback  ins_task.o
    0x08002f88   0x08002f88   0x00000018   Code   RO         1489    i.HAL_GPIO_EXTI_IRQHandler  stm32f4xx_hal_gpio.o
    0x08002fa0   0x08002fa0   0x000001d0   Code   RO         1490    i.HAL_GPIO_Init     stm32f4xx_hal_gpio.o
    0x08003170   0x08003170   0x0000000e   Code   RO         1494    i.HAL_GPIO_WritePin  stm32f4xx_hal_gpio.o
    0x0800317e   0x0800317e   0x00000002   PAD
    0x08003180   0x08003180   0x0000000c   Code   RO         2040    i.HAL_GetTick       stm32f4xx_hal.o
    0x0800318c   0x0800318c   0x00000198   Code   RO         2296    i.HAL_I2C_Init      stm32f4xx_hal_i2c.o
    0x08003324   0x08003324   0x000002a0   Code   RO         2302    i.HAL_I2C_Master_Receive  stm32f4xx_hal_i2c.o
    0x080035c4   0x080035c4   0x00000148   Code   RO         2309    i.HAL_I2C_Master_Transmit  stm32f4xx_hal_i2c.o
    0x0800370c   0x0800370c   0x0000029c   Code   RO         2314    i.HAL_I2C_Mem_Read  stm32f4xx_hal_i2c.o
    0x080039a8   0x080039a8   0x00000144   Code   RO         2317    i.HAL_I2C_Mem_Write  stm32f4xx_hal_i2c.o
    0x08003aec   0x08003aec   0x00000158   Code   RO          436    i.HAL_I2C_MspInit   i2c.o
    0x08003c44   0x08003c44   0x00000010   Code   RO         2046    i.HAL_IncTick       stm32f4xx_hal.o
    0x08003c54   0x08003c54   0x00000034   Code   RO         2047    i.HAL_Init          stm32f4xx_hal.o
    0x08003c88   0x08003c88   0x00000098   Code   RO          817    i.HAL_InitTick      stm32f4xx_hal_timebase_tim.o
    0x08003d20   0x08003d20   0x00000038   Code   RO          793    i.HAL_MspInit       stm32f4xx_hal_msp.o
    0x08003d58   0x08003d58   0x0000001a   Code   RO         1882    i.HAL_NVIC_EnableIRQ  stm32f4xx_hal_cortex.o
    0x08003d72   0x08003d72   0x00000002   PAD
    0x08003d74   0x08003d74   0x00000040   Code   RO         1888    i.HAL_NVIC_SetPriority  stm32f4xx_hal_cortex.o
    0x08003db4   0x08003db4   0x00000024   Code   RO         1889    i.HAL_NVIC_SetPriorityGrouping  stm32f4xx_hal_cortex.o
    0x08003dd8   0x08003dd8   0x0000014c   Code   RO         1091    i.HAL_RCC_ClockConfig  stm32f4xx_hal_rcc.o
    0x08003f24   0x08003f24   0x0000003c   Code   RO         1095    i.HAL_RCC_GetClockConfig  stm32f4xx_hal_rcc.o
    0x08003f60   0x08003f60   0x0000000c   Code   RO         1096    i.HAL_RCC_GetHCLKFreq  stm32f4xx_hal_rcc.o
    0x08003f6c   0x08003f6c   0x00000020   Code   RO         1098    i.HAL_RCC_GetPCLK1Freq  stm32f4xx_hal_rcc.o
    0x08003f8c   0x08003f8c   0x00000020   Code   RO         1099    i.HAL_RCC_GetPCLK2Freq  stm32f4xx_hal_rcc.o
    0x08003fac   0x08003fac   0x0000006c   Code   RO         1100    i.HAL_RCC_GetSysClockFreq  stm32f4xx_hal_rcc.o
    0x08004018   0x08004018   0x000003c0   Code   RO         1103    i.HAL_RCC_OscConfig  stm32f4xx_hal_rcc.o
    0x080043d8   0x080043d8   0x00000002   Code   RO         2787    i.HAL_SPI_ErrorCallback  stm32f4xx_hal_spi.o
    0x080043da   0x080043da   0x00000002   PAD
    0x080043dc   0x080043dc   0x00000104   Code   RO         2790    i.HAL_SPI_IRQHandler  stm32f4xx_hal_spi.o
    0x080044e0   0x080044e0   0x000000be   Code   RO         2791    i.HAL_SPI_Init      stm32f4xx_hal_spi.o
    0x0800459e   0x0800459e   0x00000002   PAD
    0x080045a0   0x080045a0   0x00000120   Code   RO          484    i.HAL_SPI_MspInit   spi.o
    0x080046c0   0x080046c0   0x000001fa   Code   RO         2800    i.HAL_SPI_TransmitReceive  stm32f4xx_hal_spi.o
    0x080048ba   0x080048ba   0x00000002   Code   RO         3819    i.HAL_TIMEx_BreakCallback  stm32f4xx_hal_tim_ex.o
    0x080048bc   0x080048bc   0x00000002   Code   RO         3820    i.HAL_TIMEx_CommutCallback  stm32f4xx_hal_tim_ex.o
    0x080048be   0x080048be   0x00000054   Code   RO         3822    i.HAL_TIMEx_ConfigBreakDeadTime  stm32f4xx_hal_tim_ex.o
    0x08004912   0x08004912   0x00000002   PAD
    0x08004914   0x08004914   0x00000090   Code   RO         3838    i.HAL_TIMEx_MasterConfigSynchronization  stm32f4xx_hal_tim_ex.o
    0x080049a4   0x080049a4   0x0000004a   Code   RO         3104    i.HAL_TIM_Base_Init  stm32f4xx_hal_tim.o
    0x080049ee   0x080049ee   0x00000002   PAD
    0x080049f0   0x080049f0   0x00000060   Code   RO          526    i.HAL_TIM_Base_MspInit  tim.o
    0x08004a50   0x08004a50   0x00000080   Code   RO         3107    i.HAL_TIM_Base_Start  stm32f4xx_hal_tim.o
    0x08004ad0   0x08004ad0   0x0000008c   Code   RO         3109    i.HAL_TIM_Base_Start_IT  stm32f4xx_hal_tim.o
    0x08004b5c   0x08004b5c   0x000000e8   Code   RO         3113    i.HAL_TIM_ConfigClockSource  stm32f4xx_hal_tim.o
    0x08004c44   0x08004c44   0x00000002   Code   RO         3138    i.HAL_TIM_IC_CaptureCallback  stm32f4xx_hal_tim.o
    0x08004c46   0x08004c46   0x00000138   Code   RO         3152    i.HAL_TIM_IRQHandler  stm32f4xx_hal_tim.o
    0x08004d7e   0x08004d7e   0x00000002   PAD
    0x08004d80   0x08004d80   0x000000e4   Code   RO          527    i.HAL_TIM_MspPostInit  tim.o
    0x08004e64   0x08004e64   0x00000002   Code   RO         3155    i.HAL_TIM_OC_DelayElapsedCallback  stm32f4xx_hal_tim.o
    0x08004e66   0x08004e66   0x000000d8   Code   RO         3176    i.HAL_TIM_PWM_ConfigChannel  stm32f4xx_hal_tim.o
    0x08004f3e   0x08004f3e   0x0000004a   Code   RO         3179    i.HAL_TIM_PWM_Init  stm32f4xx_hal_tim.o
    0x08004f88   0x08004f88   0x00000002   Code   RO         3181    i.HAL_TIM_PWM_MspInit  stm32f4xx_hal_tim.o
    0x08004f8a   0x08004f8a   0x00000002   Code   RO         3182    i.HAL_TIM_PWM_PulseFinishedCallback  stm32f4xx_hal_tim.o
    0x08004f8c   0x08004f8c   0x000000dc   Code   RO         3184    i.HAL_TIM_PWM_Start  stm32f4xx_hal_tim.o
    0x08005068   0x08005068   0x00000014   Code   RO           14    i.HAL_TIM_PeriodElapsedCallback  main.o
    0x0800507c   0x0800507c   0x00000002   Code   RO         3195    i.HAL_TIM_TriggerCallback  stm32f4xx_hal_tim.o
    0x0800507e   0x0800507e   0x00000002   Code   RO         4098    i.HAL_UARTEx_RxEventCallback  stm32f4xx_hal_uart.o
    0x08005080   0x08005080   0x00000002   Code   RO         4112    i.HAL_UART_ErrorCallback  stm32f4xx_hal_uart.o
    0x08005082   0x08005082   0x00000002   PAD
    0x08005084   0x08005084   0x00000230   Code   RO         4115    i.HAL_UART_IRQHandler  stm32f4xx_hal_uart.o
    0x080052b4   0x080052b4   0x00000066   Code   RO         4116    i.HAL_UART_Init     stm32f4xx_hal_uart.o
    0x0800531a   0x0800531a   0x00000002   PAD
    0x0800531c   0x0800531c   0x00000198   Code   RO          586    i.HAL_UART_MspInit  usart.o
    0x080054b4   0x080054b4   0x0000001c   Code   RO         4121    i.HAL_UART_Receive_IT  stm32f4xx_hal_uart.o
    0x080054d0   0x080054d0   0x00000070   Code   RO         6314    i.HAL_UART_RxCpltCallback  openmv_task.o
    0x08005540   0x08005540   0x000000ae   Code   RO         4124    i.HAL_UART_Transmit  stm32f4xx_hal_uart.o
    0x080055ee   0x080055ee   0x00000002   Code   RO         4127    i.HAL_UART_TxCpltCallback  stm32f4xx_hal_uart.o
    0x080055f0   0x080055f0   0x00000002   Code   RO          652    i.HardFault_Handler  stm32f4xx_it.o
    0x080055f2   0x080055f2   0x0000002e   Code   RO         2340    i.I2C_IsAcknowledgeFailed  stm32f4xx_hal_i2c.o
    0x08005620   0x08005620   0x00000114   Code   RO         2343    i.I2C_MasterRequestRead  stm32f4xx_hal_i2c.o
    0x08005734   0x08005734   0x000000b0   Code   RO         2344    i.I2C_MasterRequestWrite  stm32f4xx_hal_i2c.o
    0x080057e4   0x080057e4   0x00000140   Code   RO         2351    i.I2C_RequestMemoryRead  stm32f4xx_hal_i2c.o
    0x08005924   0x08005924   0x000000c4   Code   RO         2352    i.I2C_RequestMemoryWrite  stm32f4xx_hal_i2c.o
    0x080059e8   0x080059e8   0x00000058   Code   RO         2360    i.I2C_WaitOnBTFFlagUntilTimeout  stm32f4xx_hal_i2c.o
    0x08005a40   0x08005a40   0x000000ac   Code   RO         2361    i.I2C_WaitOnFlagUntilTimeout  stm32f4xx_hal_i2c.o
    0x08005aec   0x08005aec   0x000000c8   Code   RO         2362    i.I2C_WaitOnMasterAddressFlagUntilTimeout  stm32f4xx_hal_i2c.o
    0x08005bb4   0x08005bb4   0x00000076   Code   RO         2363    i.I2C_WaitOnRXNEFlagUntilTimeout  stm32f4xx_hal_i2c.o
    0x08005c2a   0x08005c2a   0x00000058   Code   RO         2366    i.I2C_WaitOnTXEFlagUntilTimeout  stm32f4xx_hal_i2c.o
    0x08005c82   0x08005c82   0x00000002   PAD
    0x08005c84   0x08005c84   0x000002dc   Code   RO         6372    i.INS_Task          ins_task.o
    0x08005f60   0x08005f60   0x00000034   Code   RO         8011    i.Inferior_arc_treatment  dm_control.o
    0x08005f94   0x08005f94   0x000000d0   Code   RO         8012    i.MIT_Ctrl_DM_Motor  dm_control.o
    0x08006064   0x08006064   0x00000044   Code   RO          364    i.MX_CAN1_Init      can.o
    0x080060a8   0x080060a8   0x00000044   Code   RO          365    i.MX_CAN2_Init      can.o
    0x080060ec   0x080060ec   0x0000007c   Code   RO          411    i.MX_DMA_Init       dma.o
    0x08006168   0x08006168   0x00000094   Code   RO          280    i.MX_FREERTOS_Init  freertos.o
    0x080061fc   0x080061fc   0x000001a8   Code   RO          252    i.MX_GPIO_Init      gpio.o
    0x080063a4   0x080063a4   0x00000040   Code   RO          437    i.MX_I2C2_Init      i2c.o
    0x080063e4   0x080063e4   0x00000040   Code   RO          438    i.MX_I2C3_Init      i2c.o
    0x08006424   0x08006424   0x00000048   Code   RO          485    i.MX_SPI1_Init      spi.o
    0x0800646c   0x0800646c   0x00000068   Code   RO          528    i.MX_TIM10_Init     tim.o
    0x080064d4   0x080064d4   0x000000f8   Code   RO          529    i.MX_TIM1_Init      tim.o
    0x080065cc   0x080065cc   0x000000d8   Code   RO          530    i.MX_TIM8_Init      tim.o
    0x080066a4   0x080066a4   0x00000038   Code   RO          587    i.MX_USART1_UART_Init  usart.o
    0x080066dc   0x080066dc   0x0000003c   Code   RO          588    i.MX_USART3_UART_Init  usart.o
    0x08006718   0x08006718   0x00000038   Code   RO          589    i.MX_USART6_UART_Init  usart.o
    0x08006750   0x08006750   0x00000002   Code   RO          653    i.MemManage_Handler  stm32f4xx_it.o
    0x08006752   0x08006752   0x00000002   Code   RO          654    i.NMI_Handler       stm32f4xx_it.o
    0x08006754   0x08006754   0x00000188   Code   RO         7292    i.PID_calc          pid.o
    0x080068dc   0x080068dc   0x0000005c   Code   RO         7294    i.PID_init          pid.o
    0x08006938   0x08006938   0x0000006c   Code   RO         6892    i.RC_Init           bsp_rc.o
    0x080069a4   0x080069a4   0x0000184c   Code   RO         6858    i.SPI1_DMA_enable   bsp_spi.o
    0x080081f0   0x080081f0   0x0000010c   Code   RO         6859    i.SPI1_DMA_init     bsp_spi.o
    0x080082fc   0x080082fc   0x0000000c   Code   RO          655    i.SPI1_IRQHandler   stm32f4xx_it.o
    0x08008308   0x08008308   0x00000010   Code   RO         2818    i.SPI_DMAAbortOnError  stm32f4xx_hal_spi.o
    0x08008318   0x08008318   0x0000007c   Code   RO         2829    i.SPI_EndRxTxTransaction  stm32f4xx_hal_spi.o
    0x08008394   0x08008394   0x000000bc   Code   RO         2834    i.SPI_WaitFlagStateUntilTimeout  stm32f4xx_hal_spi.o
    0x08008450   0x08008450   0x0000002c   Code   RO         8149    i.Servo_Ctrl_3      servo.o
    0x0800847c   0x0800847c   0x0000002c   Code   RO         8150    i.Servo_Ctrl_4      servo.o
    0x080084a8   0x080084a8   0x00000020   Code   RO         8151    i.Servo_Ctrl_5      servo.o
    0x080084c8   0x080084c8   0x00000020   Code   RO         8152    i.Servo_Ctrl_6      servo.o
    0x080084e8   0x080084e8   0x0000001c   Code   RO         8153    i.Servo_Ctrl_arm    servo.o
    0x08008504   0x08008504   0x00000040   Code   RO         8154    i.Servo_Ctrl_claw   servo.o
    0x08008544   0x08008544   0x0000004c   Code   RO         8155    i.Servo_Init        servo.o
    0x08008590   0x08008590   0x00000058   Code   RO         8156    i.Servo_arm_angle_to_pwm  servo.o
    0x080085e8   0x080085e8   0x0000002c   Code   RO         5946    i.SysTick_Handler   port.o
    0x08008614   0x08008614   0x00000094   Code   RO           15    i.SystemClock_Config  main.o
    0x080086a8   0x080086a8   0x00000010   Code   RO         4460    i.SystemInit        system_stm32f4xx.o
    0x080086b8   0x080086b8   0x0000000c   Code   RO          656    i.TIM7_IRQHandler   stm32f4xx_it.o
    0x080086c4   0x080086c4   0x000000dc   Code   RO         3197    i.TIM_Base_SetConfig  stm32f4xx_hal_tim.o
    0x080087a0   0x080087a0   0x0000001a   Code   RO         3198    i.TIM_CCxChannelCmd  stm32f4xx_hal_tim.o
    0x080087ba   0x080087ba   0x00000014   Code   RO         3208    i.TIM_ETR_SetConfig  stm32f4xx_hal_tim.o
    0x080087ce   0x080087ce   0x00000010   Code   RO         3209    i.TIM_ITRx_SetConfig  stm32f4xx_hal_tim.o
    0x080087de   0x080087de   0x00000002   PAD
    0x080087e0   0x080087e0   0x00000068   Code   RO         3210    i.TIM_OC1_SetConfig  stm32f4xx_hal_tim.o
    0x08008848   0x08008848   0x00000074   Code   RO         3211    i.TIM_OC2_SetConfig  stm32f4xx_hal_tim.o
    0x080088bc   0x080088bc   0x00000070   Code   RO         3212    i.TIM_OC3_SetConfig  stm32f4xx_hal_tim.o
    0x0800892c   0x0800892c   0x00000054   Code   RO         3213    i.TIM_OC4_SetConfig  stm32f4xx_hal_tim.o
    0x08008980   0x08008980   0x00000022   Code   RO         3215    i.TIM_TI1_ConfigInputStage  stm32f4xx_hal_tim.o
    0x080089a2   0x080089a2   0x00000024   Code   RO         3217    i.TIM_TI2_ConfigInputStage  stm32f4xx_hal_tim.o
    0x080089c6   0x080089c6   0x00000010   Code   RO         4129    i.UART_DMAAbortOnError  stm32f4xx_hal_uart.o
    0x080089d6   0x080089d6   0x0000004e   Code   RO         4139    i.UART_EndRxTransfer  stm32f4xx_hal_uart.o
    0x08008a24   0x08008a24   0x0000001a   Code   RO         4140    i.UART_EndTransmit_IT  stm32f4xx_hal_uart.o
    0x08008a3e   0x08008a3e   0x000000c8   Code   RO         4142    i.UART_Receive_IT   stm32f4xx_hal_uart.o
    0x08008b06   0x08008b06   0x00000002   PAD
    0x08008b08   0x08008b08   0x00000114   Code   RO         4143    i.UART_SetConfig    stm32f4xx_hal_uart.o
    0x08008c1c   0x08008c1c   0x00000038   Code   RO         4145    i.UART_Start_Receive_IT  stm32f4xx_hal_uart.o
    0x08008c54   0x08008c54   0x0000005e   Code   RO         4146    i.UART_Transmit_IT  stm32f4xx_hal_uart.o
    0x08008cb2   0x08008cb2   0x00000074   Code   RO         4147    i.UART_WaitOnFlagUntilTimeout  stm32f4xx_hal_uart.o
    0x08008d26   0x08008d26   0x00000002   PAD
    0x08008d28   0x08008d28   0x0000000c   Code   RO          657    i.USART1_IRQHandler  stm32f4xx_it.o
    0x08008d34   0x08008d34   0x00000014   Code   RO          658    i.USART3_IRQHandler  stm32f4xx_it.o
    0x08008d48   0x08008d48   0x000000c0   Code   RO         8295    i.USART3_IRQHandler_1  remote_control.o
    0x08008e08   0x08008e08   0x0000000c   Code   RO          659    i.USART6_IRQHandler  stm32f4xx_it.o
    0x08008e14   0x08008e14   0x00000002   Code   RO          660    i.UsageFault_Handler  stm32f4xx_it.o
    0x08008e16   0x08008e16   0x00000030   Code   RO        15082    i.__ARM_fpclassify  m_wm.l(fpclassify.o)
    0x08008e46   0x08008e46   0x00000026   Code   RO        15084    i.__ARM_fpclassifyf  m_wm.l(fpclassifyf.o)
    0x08008e6c   0x08008e6c   0x00000020   Code   RO         1895    i.__NVIC_SetPriority  stm32f4xx_hal_cortex.o
    0x08008e8c   0x08008e8c   0x00000004   PAD
    0x08008e90   0x08008e90   0x00000358   Code   RO        14764    i.__hardfp_acos     m_wm.l(acos.o)
    0x080091e8   0x080091e8   0x0000012c   Code   RO        14790    i.__hardfp_asinf    m_wm.l(asinf.o)
    0x08009314   0x08009314   0x00000004   PAD
    0x08009318   0x08009318   0x000002d8   Code   RO        14802    i.__hardfp_atan     m_wm.l(atan.o)
    0x080095f0   0x080095f0   0x00000250   Code   RO        14816    i.__hardfp_atan2f   m_wm.l(atan2f.o)
    0x08009840   0x08009840   0x000000c8   Code   RO        14828    i.__hardfp_cos      m_wm.l(cos.o)
    0x08009908   0x08009908   0x00000014   Code   RO        14868    i.__hardfp_fabs     m_wm.l(fabs.o)
    0x0800991c   0x0800991c   0x00000004   PAD
    0x08009920   0x08009920   0x00000c50   Code   RO        14902    i.__hardfp_pow      m_wm.l(pow.o)
    0x0800a570   0x0800a570   0x000000c8   Code   RO        14930    i.__hardfp_sin      m_wm.l(sin.o)
    0x0800a638   0x0800a638   0x0000003a   Code   RO        14954    i.__hardfp_sqrtf    m_wm.l(sqrtf.o)
    0x0800a672   0x0800a672   0x00000006   PAD
    0x0800a678   0x0800a678   0x00000438   Code   RO        15103    i.__ieee754_rem_pio2  m_wm.l(rred.o)
    0x0800aab0   0x0800aab0   0x00000170   Code   RO        15065    i.__kernel_cos      m_wm.l(cos_i.o)
    0x0800ac20   0x0800ac20   0x000000f8   Code   RO        15100    i.__kernel_poly     m_wm.l(poly.o)
    0x0800ad18   0x0800ad18   0x00000130   Code   RO        15111    i.__kernel_sin      m_wm.l(sin_i.o)
    0x0800ae48   0x0800ae48   0x00000030   Code   RO        15068    i.__mathlib_dbl_divzero  m_wm.l(dunder.o)
    0x0800ae78   0x0800ae78   0x00000014   Code   RO        15069    i.__mathlib_dbl_infnan  m_wm.l(dunder.o)
    0x0800ae8c   0x0800ae8c   0x00000014   Code   RO        15070    i.__mathlib_dbl_infnan2  m_wm.l(dunder.o)
    0x0800aea0   0x0800aea0   0x00000020   Code   RO        15071    i.__mathlib_dbl_invalid  m_wm.l(dunder.o)
    0x0800aec0   0x0800aec0   0x00000020   Code   RO        15072    i.__mathlib_dbl_overflow  m_wm.l(dunder.o)
    0x0800aee0   0x0800aee0   0x00000020   Code   RO        15074    i.__mathlib_dbl_underflow  m_wm.l(dunder.o)
    0x0800af00   0x0800af00   0x00000006   Code   RO        15087    i.__mathlib_flt_infnan  m_wm.l(funder.o)
    0x0800af06   0x0800af06   0x00000006   Code   RO        15088    i.__mathlib_flt_infnan2  m_wm.l(funder.o)
    0x0800af0c   0x0800af0c   0x00000010   Code   RO        15089    i.__mathlib_flt_invalid  m_wm.l(funder.o)
    0x0800af1c   0x0800af1c   0x00000010   Code   RO        15092    i.__mathlib_flt_underflow  m_wm.l(funder.o)
    0x0800af2c   0x0800af2c   0x0000000e   Code   RO        15157    i.__scatterload_copy  mc_w.l(handlers.o)
    0x0800af3a   0x0800af3a   0x00000002   Code   RO        15158    i.__scatterload_null  mc_w.l(handlers.o)
    0x0800af3c   0x0800af3c   0x0000000e   Code   RO        15159    i.__scatterload_zeroinit  mc_w.l(handlers.o)
    0x0800af4a   0x0800af4a   0x00000002   PAD
    0x0800af4c   0x0800af4c   0x0000000c   Code   RO        15137    i.__set_errno       mc_w.l(errno.o)
    0x0800af58   0x0800af58   0x000001d0   Code   RO        14680    i.accel_comple_filter  AHRS.lib(ahrs.o)
    0x0800b128   0x0800b128   0x0000018c   Code   RO        14681    i.accel_update_kp_ki  AHRS.lib(ahrs.o)
    0x0800b2b4   0x0800b2b4   0x0000016c   Code   RO        14682    i.angle_to_quat     AHRS.lib(ahrs.o)
    0x0800b420   0x0800b420   0x00000088   Code   RO        10010    i.arm_cos_f32       fastmathfunctions.o
    0x0800b4a8   0x0800b4a8   0x00000084   Code   RO        10017    i.arm_sin_f32       fastmathfunctions.o
    0x0800b52c   0x0800b52c   0x000003d8   Code   RO         7713    i.arms_js           arm_posture_calculate.o
    0x0800b904   0x0800b904   0x0000011c   Code   RO         7396    i.bmi088_accel_init  bmi088driver.o
    0x0800ba20   0x0800ba20   0x000002b0   Code   RO         7397    i.bmi088_accel_self_test  bmi088driver.o
    0x0800bcd0   0x0800bcd0   0x000000dc   Code   RO         7398    i.bmi088_gyro_init  bmi088driver.o
    0x0800bdac   0x0800bdac   0x000000ca   Code   RO         7399    i.bmi088_gyro_self_test  bmi088driver.o
    0x0800be76   0x0800be76   0x00000002   PAD
    0x0800be78   0x0800be78   0x00000058   Code   RO         6620    i.can_filter_init   bsp_can.o
    0x0800bed0   0x0800bed0   0x000005e4   Code   RO         6090    i.catch_object      arm_task.o
    0x0800c4b4   0x0800c4b4   0x00000180   Code   RO         7807    i.chassis_control   chassis.o
    0x0800c634   0x0800c634   0x000000f8   Code   RO         7808    i.chassis_control_loop  chassis.o
    0x0800c72c   0x0800c72c   0x000001a8   Code   RO         7809    i.chassis_feedback_update  chassis.o
    0x0800c8d4   0x0800c8d4   0x00000128   Code   RO         7810    i.chassis_init      chassis.o
    0x0800c9fc   0x0800c9fc   0x00000034   Code   RO         7811    i.chassis_odometry_reset  chassis.o
    0x0800ca30   0x0800ca30   0x00000058   Code   RO         7812    i.chassis_vector_to_omni_wheel_speed  chassis.o
    0x0800ca88   0x0800ca88   0x000007b8   Code   RO         6209    i.chassis_work      chassis_task.o
    0x0800d240   0x0800d240   0x000000ac   Code   RO         8252    i.data_process      lidar.o
    0x0800d2ec   0x0800d2ec   0x00000028   Code   RO         6647    i.delay_init        bsp_delay.o
    0x0800d314   0x0800d314   0x00000038   Code   RO         6649    i.delay_us          bsp_delay.o
    0x0800d34c   0x0800d34c   0x0000001c   Code   RO         7714    i.dtor              arm_posture_calculate.o
    0x0800d368   0x0800d368   0x00000018   Code   RO        14870    i.fabs              m_wm.l(fabs.o)
    0x0800d380   0x0800d380   0x00000028   Code   RO         8015    i.float_to_uint     dm_control.o
    0x0800d3a8   0x0800d3a8   0x00000008   Code   RO         6375    i.get_INS_angle_deg_point  ins_task.o
    0x0800d3b0   0x0800d3b0   0x00000008   Code   RO         6377    i.get_INS_angle_speed_deg_point  ins_task.o
    0x0800d3b8   0x0800d3b8   0x000000e8   Code   RO        14683    i.get_angle         AHRS.lib(ahrs.o)
    0x0800d4a0   0x0800d4a0   0x00000010   Code   RO         7757    i.get_chassis_motor_measure_point  can_receive.o
    0x0800d4b0   0x0800d4b0   0x00000090   Code   RO         6168    i.grayscale_GetData  grayscale_task.o
    0x0800d540   0x0800d540   0x000000dc   Code   RO         6383    i.imu_cali_slove    ins_task.o
    0x0800d61c   0x0800d61c   0x00000108   Code   RO         6384    i.imu_cmd_spi_dma   ins_task.o
    0x0800d724   0x0800d724   0x0000000c   Code   RO         6830    i.imu_pwm_set       bsp_imu_pwm.o
    0x0800d730   0x0800d730   0x00000088   Code   RO         6385    i.imu_temp_control  ins_task.o
    0x0800d7b8   0x0800d7b8   0x00000002   Code   RO         7637    i.ist8310_GPIO_init  ist8310driver_middleware.o
    0x0800d7ba   0x0800d7ba   0x00000002   PAD
    0x0800d7bc   0x0800d7bc   0x00000024   Code   RO         7639    i.ist8310_IIC_read_single_reg  ist8310driver_middleware.o
    0x0800d7e0   0x0800d7e0   0x00000024   Code   RO         7641    i.ist8310_IIC_write_single_reg  ist8310driver_middleware.o
    0x0800d804   0x0800d804   0x00000010   Code   RO         7642    i.ist8310_RST_H     ist8310driver_middleware.o
    0x0800d814   0x0800d814   0x00000010   Code   RO         7643    i.ist8310_RST_L     ist8310driver_middleware.o
    0x0800d824   0x0800d824   0x00000002   Code   RO         7644    i.ist8310_com_init  ist8310driver_middleware.o
    0x0800d826   0x0800d826   0x00000004   Code   RO         7645    i.ist8310_delay_ms  ist8310driver_middleware.o
    0x0800d82a   0x0800d82a   0x00000002   PAD
    0x0800d82c   0x0800d82c   0x0000007c   Code   RO         7602    i.ist8310_init      ist8310driver.o
    0x0800d8a8   0x0800d8a8   0x00000324   Code   RO         8253    i.lidar_receive     lidar.o
    0x0800dbcc   0x0800dbcc   0x000000bc   Code   RO         6210    i.location_set      chassis_task.o
    0x0800dc88   0x0800dc88   0x0000012c   Code   RO         6091    i.look_object       arm_task.o
    0x0800ddb4   0x0800ddb4   0x00000060   Code   RO           16    i.main              main.o
    0x0800de14   0x0800de14   0x000002a8   Code   RO         6025    i.main_task         main_task.o
    0x0800e0bc   0x0800e0bc   0x0000000c   Code   RO         5511    i.makeFreeRtosPriority  cmsis_os.o
    0x0800e0c8   0x0800e0c8   0x00000150   Code   RO         6386    i.mpu_offset_clc    ins_task.o
    0x0800e218   0x0800e218   0x00000040   Code   RO         6316    i.openmv_task       openmv_task.o
    0x0800e258   0x0800e258   0x00000010   Code   RO         5513    i.osDelay           cmsis_os.o
    0x0800e268   0x0800e268   0x0000000a   Code   RO         5516    i.osKernelStart     cmsis_os.o
    0x0800e272   0x0800e272   0x00000058   Code   RO         5550    i.osThreadCreate    cmsis_os.o
    0x0800e2ca   0x0800e2ca   0x00000002   PAD
    0x0800e2cc   0x0800e2cc   0x00000024   Code   RO         4990    i.pcTaskGetName     tasks.o
    0x0800e2f0   0x0800e2f0   0x000001f4   Code   RO         6092    i.pos_stable_function  arm_task.o
    0x0800e4e4   0x0800e4e4   0x00000078   Code   RO         4991    i.prvAddCurrentTaskToDelayedList  tasks.o
    0x0800e55c   0x0800e55c   0x00000088   Code   RO         4992    i.prvAddNewTaskToReadyList  tasks.o
    0x0800e5e4   0x0800e5e4   0x00000058   Code   RO         5355    i.prvCheckForValidListAndQueue  timers.o
    0x0800e63c   0x0800e63c   0x0000003c   Code   RO         4993    i.prvCheckTasksWaitingTermination  tasks.o
    0x0800e678   0x0800e678   0x00000028   Code   RO         4638    i.prvCopyDataFromQueue  queue.o
    0x0800e6a0   0x0800e6a0   0x0000006e   Code   RO         4639    i.prvCopyDataToQueue  queue.o
    0x0800e70e   0x0800e70e   0x00000040   Code   RO         4994    i.prvDeleteTCB      tasks.o
    0x0800e74e   0x0800e74e   0x00000002   PAD
    0x0800e750   0x0800e750   0x00000024   Code   RO         5356    i.prvGetNextExpireTime  timers.o
    0x0800e774   0x0800e774   0x0000004c   Code   RO         5890    i.prvHeapInit       heap_4.o
    0x0800e7c0   0x0800e7c0   0x00000028   Code   RO         4995    i.prvIdleTask       tasks.o
    0x0800e7e8   0x0800e7e8   0x00000018   Code   RO         4642    i.prvInitialiseNewQueue  queue.o
    0x0800e800   0x0800e800   0x000000ac   Code   RO         4996    i.prvInitialiseNewTask  tasks.o
    0x0800e8ac   0x0800e8ac   0x00000050   Code   RO         5357    i.prvInitialiseNewTimer  timers.o
    0x0800e8fc   0x0800e8fc   0x00000058   Code   RO         4997    i.prvInitialiseTaskLists  tasks.o
    0x0800e954   0x0800e954   0x00000054   Code   RO         5891    i.prvInsertBlockIntoFreeList  heap_4.o
    0x0800e9a8   0x0800e9a8   0x00000040   Code   RO         5358    i.prvInsertTimerInActiveList  timers.o
    0x0800e9e8   0x0800e9e8   0x0000001a   Code   RO         4643    i.prvIsQueueEmpty   queue.o
    0x0800ea02   0x0800ea02   0x0000001e   Code   RO         4644    i.prvIsQueueFull    queue.o
    0x0800ea20   0x0800ea20   0x00000068   Code   RO         5359    i.prvProcessExpiredTimer  timers.o
    0x0800ea88   0x0800ea88   0x000000f0   Code   RO         5360    i.prvProcessReceivedCommands  timers.o
    0x0800eb78   0x0800eb78   0x0000006c   Code   RO         5361    i.prvProcessTimerOrBlockTask  timers.o
    0x0800ebe4   0x0800ebe4   0x00000024   Code   RO         4998    i.prvResetNextTaskUnblockTime  tasks.o
    0x0800ec08   0x0800ec08   0x0000002c   Code   RO         5362    i.prvSampleTimeNow  timers.o
    0x0800ec34   0x0800ec34   0x00000066   Code   RO         4999    i.prvSearchForNameWithinSingleList  tasks.o
    0x0800ec9a   0x0800ec9a   0x00000002   PAD
    0x0800ec9c   0x0800ec9c   0x00000070   Code   RO         5363    i.prvSwitchTimerLists  timers.o
    0x0800ed0c   0x0800ed0c   0x0000002c   Code   RO         5947    i.prvTaskExitError  port.o
    0x0800ed38   0x0800ed38   0x00000014   Code   RO         5364    i.prvTimerTask      timers.o
    0x0800ed4c   0x0800ed4c   0x0000006a   Code   RO         4645    i.prvUnlockQueue    queue.o
    0x0800edb6   0x0800edb6   0x00000002   PAD
    0x0800edb8   0x0800edb8   0x00000288   Code   RO         6093    i.push_ball         arm_task.o
    0x0800f040   0x0800f040   0x000000dc   Code   RO         5892    i.pvPortMalloc      heap_4.o
    0x0800f11c   0x0800f11c   0x00000024   Code   RO         5948    i.pxPortInitialiseStack  port.o
    0x0800f140   0x0800f140   0x00000084   Code   RO        14688    i.quat_normalization  AHRS.lib(ahrs.o)
    0x0800f1c4   0x0800f1c4   0x00000084   Code   RO         8017    i.ramp_function     dm_control.o
    0x0800f248   0x0800f248   0x00000084   Code   RO         7813    i.ramp_function_chassis  chassis.o
    0x0800f2cc   0x0800f2cc   0x0000008c   Code   RO         7715    i.re_dis            arm_posture_calculate.o
    0x0800f358   0x0800f358   0x0000001c   Code   RO         6211    i.remote_control    chassis_task.o
    0x0800f374   0x0800f374   0x00000010   Code   RO         8297    i.remote_control_init  remote_control.o
    0x0800f384   0x0800f384   0x0000001c   Code   RO         7716    i.rtod              arm_posture_calculate.o
    0x0800f3a0   0x0800f3a0   0x000000b4   Code   RO         8298    i.sbus_to_rc        remote_control.o
    0x0800f454   0x0800f454   0x00000020   Code   RO         6094    i.set_arm_pos_param_true  arm_task.o
    0x0800f474   0x0800f474   0x0000000c   Code   RO         6212    i.speed_set         chassis_task.o
    0x0800f480   0x0800f480   0x0000006e   Code   RO        14944    i.sqrt              m_wm.l(sqrt.o)
    0x0800f4ee   0x0800f4ee   0x0000003e   Code   RO        14956    i.sqrtf             m_wm.l(sqrtf.o)
    0x0800f52c   0x0800f52c   0x00000100   Code   RO         7717    i.tri_cos           arm_posture_calculate.o
    0x0800f62c   0x0800f62c   0x00000028   Code   RO         8018    i.uint_to_float     dm_control.o
    0x0800f654   0x0800f654   0x00000068   Code   RO         5003    i.ulTaskNotifyTake  tasks.o
    0x0800f6bc   0x0800f6bc   0x0000007a   Code   RO        14689    i.update_w          AHRS.lib(ahrs.o)
    0x0800f736   0x0800f736   0x00000026   Code   RO         4598    i.uxListRemove      list.o
    0x0800f75c   0x0800f75c   0x00000014   Code   RO          283    i.vApplicationGetIdleTaskMemory  freertos.o
    0x0800f770   0x0800f770   0x00000018   Code   RO          284    i.vApplicationGetTimerTaskMemory  freertos.o
    0x0800f788   0x0800f788   0x00000016   Code   RO         4599    i.vListInitialise   list.o
    0x0800f79e   0x0800f79e   0x00000006   Code   RO         4600    i.vListInitialiseItem  list.o
    0x0800f7a4   0x0800f7a4   0x00000030   Code   RO         4601    i.vListInsert       list.o
    0x0800f7d4   0x0800f7d4   0x00000018   Code   RO         4602    i.vListInsertEnd    list.o
    0x0800f7ec   0x0800f7ec   0x00000040   Code   RO         5950    i.vPortEnterCritical  port.o
    0x0800f82c   0x0800f82c   0x0000002c   Code   RO         5951    i.vPortExitCritical  port.o
    0x0800f858   0x0800f858   0x00000064   Code   RO         5893    i.vPortFree         heap_4.o
    0x0800f8bc   0x0800f8bc   0x00000024   Code   RO         5952    i.vPortSetupTimerInterrupt  port.o
    0x0800f8e0   0x0800f8e0   0x00000054   Code   RO         5953    i.vPortValidateInterruptPriority  port.o
    0x0800f934   0x0800f934   0x00000024   Code   RO         4649    i.vQueueAddToRegistry  queue.o
    0x0800f958   0x0800f958   0x00000046   Code   RO         4652    i.vQueueWaitForMessageRestricted  queue.o
    0x0800f99e   0x0800f99e   0x00000002   PAD
    0x0800f9a0   0x0800f9a0   0x00000050   Code   RO         5010    i.vTaskDelay        tasks.o
    0x0800f9f0   0x0800f9f0   0x00000010   Code   RO         5014    i.vTaskInternalSetTimeOutState  tasks.o
    0x0800fa00   0x0800fa00   0x0000000c   Code   RO         5015    i.vTaskMissedYield  tasks.o
    0x0800fa0c   0x0800fa0c   0x000000bc   Code   RO         5016    i.vTaskNotifyGiveFromISR  tasks.o
    0x0800fac8   0x0800fac8   0x00000034   Code   RO         5017    i.vTaskPlaceOnEventList  tasks.o
    0x0800fafc   0x0800fafc   0x0000003c   Code   RO         5018    i.vTaskPlaceOnEventListRestricted  tasks.o
    0x0800fb38   0x0800fb38   0x00000090   Code   RO         5025    i.vTaskStartScheduler  tasks.o
    0x0800fbc8   0x0800fbc8   0x00000010   Code   RO         5027    i.vTaskSuspendAll   tasks.o
    0x0800fbd8   0x0800fbd8   0x00000060   Code   RO         5028    i.vTaskSwitchContext  tasks.o
    0x0800fc38   0x0800fc38   0x00000078   Code   RO         6213    i.vTimerCallback    chassis_task.o
    0x0800fcb0   0x0800fcb0   0x000000f4   Code   RO         5954    i.xPortStartScheduler  port.o
    0x0800fda4   0x0800fda4   0x0000006c   Code   RO         4656    i.xQueueGenericCreateStatic  queue.o
    0x0800fe10   0x0800fe10   0x0000008c   Code   RO         4657    i.xQueueGenericReset  queue.o
    0x0800fe9c   0x0800fe9c   0x00000164   Code   RO         4658    i.xQueueGenericSend  queue.o
    0x08010000   0x08010000   0x000000c0   Code   RO         4659    i.xQueueGenericSendFromISR  queue.o
    0x080100c0   0x080100c0   0x0000013c   Code   RO         4667    i.xQueueReceive     queue.o
    0x080101fc   0x080101fc   0x00000090   Code   RO         5031    i.xTaskCheckForTimeOut  tasks.o
    0x0801028c   0x0801028c   0x00000064   Code   RO         5032    i.xTaskCreate       tasks.o
    0x080102f0   0x080102f0   0x0000005c   Code   RO         5033    i.xTaskCreateStatic  tasks.o
    0x0801034c   0x0801034c   0x00000088   Code   RO         5037    i.xTaskGetHandle    tasks.o
    0x080103d4   0x080103d4   0x0000001c   Code   RO         5038    i.xTaskGetSchedulerState  tasks.o
    0x080103f0   0x080103f0   0x0000000c   Code   RO         5039    i.xTaskGetTickCount  tasks.o
    0x080103fc   0x080103fc   0x000000d0   Code   RO         5041    i.xTaskIncrementTick  tasks.o
    0x080104cc   0x080104cc   0x00000098   Code   RO         5044    i.xTaskPriorityDisinherit  tasks.o
    0x08010564   0x08010564   0x0000007c   Code   RO         5046    i.xTaskRemoveFromEventList  tasks.o
    0x080105e0   0x080105e0   0x000000cc   Code   RO         5047    i.xTaskResumeAll    tasks.o
    0x080106ac   0x080106ac   0x00000034   Code   RO         5369    i.xTimerCreate      timers.o
    0x080106e0   0x080106e0   0x00000068   Code   RO         5371    i.xTimerCreateTimerTask  timers.o
    0x08010748   0x08010748   0x00000068   Code   RO         5372    i.xTimerGenericCommand  timers.o
    0x080107b0   0x080107b0   0x000000a8   Data   RO          286    .constdata          freertos.o
    0x08010858   0x08010858   0x00000008   Data   RO         1609    .constdata          stm32f4xx_hal_dma.o
    0x08010860   0x08010860   0x00000010   Data   RO         4461    .constdata          system_stm32f4xx.o
    0x08010870   0x08010870   0x00000008   Data   RO         4462    .constdata          system_stm32f4xx.o
    0x08010878   0x08010878   0x0000000c   Data   RO         6390    .constdata          ins_task.o
    0x08010884   0x08010884   0x00000012   Data   RO         7404    .constdata          bmi088driver.o
    0x08010896   0x08010896   0x0000000c   Data   RO         7605    .constdata          ist8310driver.o
    0x080108a2   0x080108a2   0x00000002   PAD
    0x080108a4   0x080108a4   0x0000003c   Data   RO         7815    .constdata          chassis.o
    0x080108e0   0x080108e0   0x00000804   Data   RO         9174    .constdata          commontables.o
    0x080110e4   0x080110e4   0x0000000c   Data   RO        14690    .constdata          AHRS.lib(ahrs.o)
    0x080110f0   0x080110f0   0x00000050   Data   RO        14767    .constdata          m_wm.l(acos.o)
    0x08011140   0x08011140   0x00000098   Data   RO        14805    .constdata          m_wm.l(atan.o)
    0x080111d8   0x080111d8   0x00000088   Data   RO        14905    .constdata          m_wm.l(pow.o)
    0x08011260   0x08011260   0x00000030   Data   RO        15066    .constdata          m_wm.l(cos_i.o)
    0x08011290   0x08011290   0x00000008   Data   RO        15102    .constdata          m_wm.l(qnan.o)
    0x08011298   0x08011298   0x000000c8   Data   RO        15105    .constdata          m_wm.l(rred.o)
    0x08011360   0x08011360   0x00000028   Data   RO        15112    .constdata          m_wm.l(sin_i.o)
    0x08011388   0x08011388   0x0000004d   Data   RO          287    .conststring        freertos.o
    0x080113d5   0x080113d5   0x00000003   PAD
    0x080113d8   0x080113d8   0x00000020   Data   RO        15155    Region$$Table       anon$$obj.o


    Execution Region RW_IRAM1 (Exec base: 0x20000000, Load base: 0x080113f8, Size: 0x00005910, Max: 0x0001c000, ABSOLUTE, COMPRESSED[0x000000bc])

    Exec Addr    Load Addr    Size         Type   Attr      Idx    E Section Name        Object

    0x20000000   COMPRESSED   0x00000018   Data   RW          288    .data               freertos.o
    0x20000018   COMPRESSED   0x00000004   Data   RW          367    .data               can.o
    0x2000001c   COMPRESSED   0x0000000c   Data   RW         2054    .data               stm32f4xx_hal.o
    0x20000028   COMPRESSED   0x00000004   Data   RW         4463    .data               system_stm32f4xx.o
    0x2000002c   COMPRESSED   0x0000003c   Data   RW         5050    .data               tasks.o
    0x20000068   COMPRESSED   0x00000014   Data   RW         5378    .data               timers.o
    0x2000007c   COMPRESSED   0x00000020   Data   RW         5899    .data               heap_4.o
    0x2000009c   COMPRESSED   0x0000000c   Data   RW         5955    .data               port.o
    0x200000a8   COMPRESSED   0x00000004   Data   RW         6026    .data               main_task.o
    0x200000ac   COMPRESSED   0x00000004   Data   RW         6027    .data               main_task.o
    0x200000b0   COMPRESSED   0x00000004   Data   RW         6028    .data               main_task.o
    0x200000b4   COMPRESSED   0x00000004   Data   RW         6029    .data               main_task.o
    0x200000b8   COMPRESSED   0x00000020   Data   RW         6095    .data               arm_task.o
    0x200000d8   COMPRESSED   0x00000014   Data   RW         6170    .data               grayscale_task.o
    0x200000ec   COMPRESSED   0x00000008   Data   RW         6218    .data               chassis_task.o
    0x200000f4   COMPRESSED   0x00000006   Data   RW         6320    .data               openmv_task.o
    0x200000fa   COMPRESSED   0x00000002   PAD
    0x200000fc   COMPRESSED   0x000000a4   Data   RW         6392    .data               ins_task.o
    0x200001a0   COMPRESSED   0x00000008   Data   RW         6650    .data               bsp_delay.o
    0x200001a8   COMPRESSED   0x0000002c   Data   RW         7405    .data               bmi088driver.o
    0x200001d4   COMPRESSED   0x00000009   Data   RW         7759    .data               can_receive.o
    0x200001dd   COMPRESSED   0x00000003   PAD
    0x200001e0   COMPRESSED   0x00000004   Data   RW         7816    .data               chassis.o
    0x200001e4   COMPRESSED   0x00000001   Data   RW         7894    .data               configs.o
    0x200001e5   COMPRESSED   0x00000001   Data   RW         7895    .data               configs.o
    0x200001e6   COMPRESSED   0x00000001   Data   RW         7896    .data               configs.o
    0x200001e7   COMPRESSED   0x00000001   Data   RW         7897    .data               configs.o
    0x200001e8   COMPRESSED   0x00000001   Data   RW         7898    .data               configs.o
    0x200001e9   COMPRESSED   0x00000001   Data   RW         7899    .data               configs.o
    0x200001ea   COMPRESSED   0x00000001   Data   RW         7900    .data               configs.o
    0x200001eb   COMPRESSED   0x00000001   Data   RW         7903    .data               configs.o
    0x200001ec   COMPRESSED   0x00000001   Data   RW         7904    .data               configs.o
    0x200001ed   COMPRESSED   0x00000001   Data   RW         7910    .data               configs.o
    0x200001ee   COMPRESSED   0x00000002   PAD
    0x200001f0   COMPRESSED   0x00000004   Data   RW         7911    .data               configs.o
    0x200001f4   COMPRESSED   0x00000004   Data   RW         7912    .data               configs.o
    0x200001f8   COMPRESSED   0x00000004   Data   RW         7913    .data               configs.o
    0x200001fc   COMPRESSED   0x00000004   Data   RW         7914    .data               configs.o
    0x20000200   COMPRESSED   0x00000004   Data   RW         7915    .data               configs.o
    0x20000204   COMPRESSED   0x00000004   Data   RW         7916    .data               configs.o
    0x20000208   COMPRESSED   0x00000004   Data   RW         7917    .data               configs.o
    0x2000020c   COMPRESSED   0x00000004   Data   RW         7918    .data               configs.o
    0x20000210   COMPRESSED   0x00000004   Data   RW         7919    .data               configs.o
    0x20000214   COMPRESSED   0x00000004   Data   RW         7920    .data               configs.o
    0x20000218   COMPRESSED   0x00000004   Data   RW         7921    .data               configs.o
    0x2000021c   COMPRESSED   0x00000004   Data   RW         7922    .data               configs.o
    0x20000220   COMPRESSED   0x00000004   Data   RW         7923    .data               configs.o
    0x20000224   COMPRESSED   0x00000004   Data   RW         7924    .data               configs.o
    0x20000228   COMPRESSED   0x00000004   Data   RW         7925    .data               configs.o
    0x2000022c   COMPRESSED   0x00000004   Data   RW         7926    .data               configs.o
    0x20000230   COMPRESSED   0x00000004   Data   RW         7927    .data               configs.o
    0x20000234   COMPRESSED   0x00000004   Data   RW         7928    .data               configs.o
    0x20000238   COMPRESSED   0x00000004   Data   RW         7929    .data               configs.o
    0x2000023c   COMPRESSED   0x00000004   Data   RW         7930    .data               configs.o
    0x20000240   COMPRESSED   0x00000004   Data   RW         7931    .data               configs.o
    0x20000244   COMPRESSED   0x00000004   Data   RW         7932    .data               configs.o
    0x20000248   COMPRESSED   0x00000004   Data   RW         7933    .data               configs.o
    0x2000024c   COMPRESSED   0x00000004   Data   RW         7934    .data               configs.o
    0x20000250   COMPRESSED   0x00000004   Data   RW         7935    .data               configs.o
    0x20000254   COMPRESSED   0x00000004   Data   RW         7938    .data               configs.o
    0x20000258   COMPRESSED   0x00000001   Data   RW         7939    .data               configs.o
    0x20000259   COMPRESSED   0x00000001   Data   RW         7940    .data               configs.o
    0x2000025a   COMPRESSED   0x00000001   Data   RW         7941    .data               configs.o
    0x2000025b   COMPRESSED   0x00000001   Data   RW         7942    .data               configs.o
    0x2000025c   COMPRESSED   0x00000001   Data   RW         7943    .data               configs.o
    0x2000025d   COMPRESSED   0x00000001   Data   RW         7944    .data               configs.o
    0x2000025e   COMPRESSED   0x00000001   Data   RW         7945    .data               configs.o
    0x2000025f   COMPRESSED   0x00000001   Data   RW         7946    .data               configs.o
    0x20000260   COMPRESSED   0x00000001   Data   RW         7947    .data               configs.o
    0x20000261   COMPRESSED   0x00000001   Data   RW         7948    .data               configs.o
    0x20000262   COMPRESSED   0x00000002   PAD
    0x20000264   COMPRESSED   0x00000004   Data   RW         7953    .data               configs.o
    0x20000268   COMPRESSED   0x00000004   Data   RW         7955    .data               configs.o
    0x2000026c   COMPRESSED   0x00000004   Data   RW         7957    .data               configs.o
    0x20000270   COMPRESSED   0x00000004   Data   RW         7958    .data               configs.o
    0x20000274   COMPRESSED   0x00000004   Data   RW         7959    .data               configs.o
    0x20000278   COMPRESSED   0x00000004   Data   RW         7960    .data               configs.o
    0x2000027c   COMPRESSED   0x00000004   Data   RW         7961    .data               configs.o
    0x20000280   COMPRESSED   0x00000004   Data   RW         7962    .data               configs.o
    0x20000284   COMPRESSED   0x00000004   Data   RW         7963    .data               configs.o
    0x20000288   COMPRESSED   0x00000004   Data   RW         7964    .data               configs.o
    0x2000028c   COMPRESSED   0x00000004   Data   RW         7965    .data               configs.o
    0x20000290   COMPRESSED   0x00000020   Data   RW         8255    .data               lidar.o
    0x200002b0   COMPRESSED   0x00000002   Data   RW         8303    .data               remote_control.o
    0x200002b2   COMPRESSED   0x00000002   PAD
    0x200002b4   COMPRESSED   0x00000010   Data   RW        14691    .data               AHRS.lib(ahrs.o)
    0x200002c4   COMPRESSED   0x00000004   Data   RW        15138    .data               mc_w.l(errno.o)
    0x200002c8        -       0x000006a8   Zero   RW          285    .bss                freertos.o
    0x20000970        -       0x00000050   Zero   RW          366    .bss                can.o
    0x200009c0        -       0x00000168   Zero   RW          439    .bss                i2c.o
    0x20000b28        -       0x00000118   Zero   RW          486    .bss                spi.o
    0x20000c40        -       0x000000d8   Zero   RW          531    .bss                tim.o
    0x20000d18        -       0x00000138   Zero   RW          590    .bss                usart.o
    0x20000e50        -       0x00000048   Zero   RW          820    .bss                stm32f4xx_hal_timebase_tim.o
    0x20000e98        -       0x00000040   Zero   RW         4670    .bss                queue.o
    0x20000ed8        -       0x000000f0   Zero   RW         5049    .bss                tasks.o
    0x20000fc8        -       0x000000e8   Zero   RW         5377    .bss                timers.o
    0x200010b0        -       0x00003c00   Zero   RW         5898    .bss                heap_4.o
    0x20004cb0        -       0x00000010   Zero   RW         6169    .bss                grayscale_task.o
    0x20004cc0        -       0x00000380   Zero   RW         6214    .bss                chassis_task.o
    0x20005040        -       0x00000158   Zero   RW         6387    .bss                ins_task.o
    0x20005198        -       0x00000058   Zero   RW         7758    .bss                can_receive.o
    0x200051f0        -       0x0000000c   Zero   RW         7814    .bss                chassis.o
    0x200051fc        -       0x00000010   Zero   RW         7883    .bss                configs.o
    0x2000520c        -       0x0000000c   Zero   RW         7884    .bss                configs.o
    0x20005218        -       0x0000000c   Zero   RW         7885    .bss                configs.o
    0x20005224        -       0x0000000c   Zero   RW         7886    .bss                configs.o
    0x20005230        -       0x0000000c   Zero   RW         7887    .bss                configs.o
    0x2000523c        -       0x00000028   Zero   RW         7888    .bss                configs.o
    0x20005264        -       0x00000028   Zero   RW         7889    .bss                configs.o
    0x2000528c        -       0x00000048   Zero   RW         7890    .bss                configs.o
    0x200052d4        -       0x00000048   Zero   RW         7891    .bss                configs.o
    0x2000531c        -       0x00000048   Zero   RW         7892    .bss                configs.o
    0x20005364        -       0x00000048   Zero   RW         7893    .bss                configs.o
    0x200053ac        -       0x00000104   Zero   RW         8254    .bss                lidar.o
    0x200054b0        -       0x0000005e   Zero   RW         8301    .bss                remote_control.o
    0x2000550e   COMPRESSED   0x00000002   PAD
    0x20005510        -       0x00000400   Zero   RW            1    STACK               startup_stm32f407xx.o


    Execution Region RW_IRAM2 (Exec base: 0x2001c000, Load base: 0x080114b4, Size: 0x00000000, Max: 0x00004000, ABSOLUTE)

    **** No section assigned to this execution region ****


==============================================================================

Image component sizes


      Code (inc. data)   RO Data    RW Data    ZI Data      Debug   Object Name

        70          6          0          0          0       5748   ahrs_middleware.o
      1436         96          0          0          0       5491   arm_posture_calculate.o
      3512        312          0         32          0       7589   arm_task.o
         0          0          0          0          0       1560   basicmathfunctions.o
      2144         36         18         44          0      11975   bmi088driver.o
       108         28          0          0          0       5968   bmi088middleware.o
        88          8          0          0          0        642   bsp_can.o
        96         20          0          8          0     584592   bsp_delay.o
        12          4          0          0          0        558   bsp_imu_pwm.o
       108         14          0          0          0       1142   bsp_rc.o
      6488         86          0          0          0       5542   bsp_spi.o
       392         42          0          4         80       2894   can.o
       388         46          0          9         88       5000   can_receive.o
      1624        136         60          4         12       9581   chassis.o
      2500        282          0          8        896       9933   chassis_task.o
       126          0          0          0          0      23615   cmsis_os.o
         0          0       2052          0          0      17385   commontables.o
         0          0          0        168        432       4771   configs.o
      2128        322          0          0          0      13834   dm_control.o
       124          4          0          0          0        990   dma.o
         0          0          0          0          0      20096   event_groups.o
       268         24          0          0          0       1788   fastmathfunctions.o
       192         18        245         24       1704       3562   freertos.o
       424         24          0          0          0       1407   gpio.o
       468         46          0         20         16       2785   grayscale_task.o
       480         26          0         32      15360       5447   heap_4.o
       472         60          0          0        360       2984   i2c.o
      3052        186         12        164        344     600699   ins_task.o
       124          4         12          0          0       2283   ist8310driver.o
       112         22          0          0          0       4399   ist8310driver_middleware.o
       976         42          0         32        260       4016   lidar.o
       138          0          0          0          0       4018   list.o
       268         20          0          0          0     753496   main.o
       680         44          0         16          0       1521   main_task.o
       176         48          0          6          0       2521   openmv_task.o
       484         16          0          0          0       6271   pid.o
       786         84          0         12          0      12853   port.o
      1554         20          0          0         64      18840   queue.o
       388         28          0          2         94       5984   remote_control.o
       408         70          0          0          0       5121   servo.o
       360         32          0          0        280       2231   spi.o
        36          8        392          0       1024        912   startup_stm32f407xx.o
        80         14          0         12          0       8534   stm32f4xx_hal.o
      1766          6          0          0          0      16179   stm32f4xx_hal_can.o
       158         14          0          0          0      33490   stm32f4xx_hal_cortex.o
      1018         14          8          0          0       6351   stm32f4xx_hal_dma.o
       502         50          0          0          0       3231   stm32f4xx_hal_gpio.o
      4080         78          0          0          0      18949   stm32f4xx_hal_i2c.o
        56          4          0          0          0       1010   stm32f4xx_hal_msp.o
      1536         88          0          0          0       7597   stm32f4xx_hal_rcc.o
      1286         20          0          0          0       7818   stm32f4xx_hal_spi.o
      2174        170          0          0          0      19625   stm32f4xx_hal_tim.o
       232         30          0          0          0       3781   stm32f4xx_hal_tim_ex.o
       152         20          0          0         72       1779   stm32f4xx_hal_timebase_tim.o
      1732         14          0          0          0      13864   stm32f4xx_hal_uart.o
       196         68          0          0          0      12085   stm32f4xx_it.o
         0          0          0          0          0        392   stream_buffer.o
        16          4         24          4          0       1355   system_stm32f4xx.o
      2822        204          0         60        240      35535   tasks.o
       892         78          0          0        216       4744   tim.o
      1156         92          0         20        232      34242   timers.o
       580         70          0          0        312       3731   usart.o

    ----------------------------------------------------------------------
     53692       3302       2860        692      22088    2416336   Object Totals
         0          0         32          0          0          0   (incl. Generated)
        68          0          5         11          2          0   (incl. Padding)

    ----------------------------------------------------------------------

      Code (inc. data)   RO Data    RW Data    ZI Data      Debug   Library Member Name

      2718         84         12         16          0       9922   ahrs.o
       856        118         80          0          0        288   acos.o
       300         42          0          0          0        176   asinf.o
       728        106        152          0          0        228   atan.o
       592         90          0          0          0        184   atan2f.o
       200         20          0          0          0        164   cos.o
       368         46         48          0          0        200   cos_i.o
       184         44          0          0          0        744   dunder.o
        44          0          0          0          0        248   fabs.o
        48          0          0          0          0        124   fpclassify.o
        38          0          0          0          0        116   fpclassifyf.o
        44         12          0          0          0        464   funder.o
       248          0          0          0          0        152   poly.o
      3152        296        136          0          0        352   pow.o
         0          0          8          0          0          0   qnan.o
      1080        142        200          0          0        188   rred.o
       200         20          0          0          0        164   sin.o
       304         24         40          0          0        208   sin_i.o
       110          0          0          0          0        148   sqrt.o
       120          0          0          0          0        272   sqrtf.o
        86          0          0          0          0          0   __dczerorl2.o
         0          0          0          0          0          0   entry.o
         0          0          0          0          0          0   entry10a.o
         0          0          0          0          0          0   entry11a.o
         8          4          0          0          0          0   entry2.o
         4          0          0          0          0          0   entry5.o
         0          0          0          0          0          0   entry7b.o
         0          0          0          0          0          0   entry8b.o
         8          4          0          0          0          0   entry9a.o
        12          6          0          4          0         68   errno.o
        30          0          0          0          0          0   handlers.o
        36          8          0          0          0         68   init.o
         0          0          0          0          0          0   iusefp.o
        30          0          0          0          0         68   llshl.o
        36          0          0          0          0         68   llsshr.o
        32          0          0          0          0         68   llushr.o
        36          0          0          0          0         68   memcpya.o
        36          0          0          0          0        108   memseta.o
        14          0          0          0          0         68   strlen.o
        98          0          0          0          0         92   uldiv.o
        48          0          0          0          0         68   cdcmple.o
        48          0          0          0          0         68   cdrcmple.o
        56          0          0          0          0         88   d2f.o
       334          0          0          0          0        148   dadd.o
       222          0          0          0          0        100   ddiv.o
       186          0          0          0          0        176   depilogue.o
        62          0          0          0          0         80   dfixi.o
        34          0          0          0          0         76   dflti.o
        26          0          0          0          0         76   dfltui.o
       228          0          0          0          0         96   dmul.o
        46          0          0          0          0         80   dscalb.o
       162          0          0          0          0        100   dsqrt.o
        38          0          0          0          0         68   f2d.o
       110          0          0          0          0        168   fepilogue.o

    ----------------------------------------------------------------------
     13420       1070        676         20          0      16410   Library Totals
        20          4          0          0          0          0   (incl. Padding)

    ----------------------------------------------------------------------

      Code (inc. data)   RO Data    RW Data    ZI Data      Debug   Library Name

      2718         84         12         16          0       9922   AHRS.lib
      8616        960        664          0          0       4420   m_wm.l
       466         22          0          4          0        676   mc_w.l
      1600          0          0          0          0       1392   mf_w.l

    ----------------------------------------------------------------------
     13420       1070        676         20          0      16410   Library Totals

    ----------------------------------------------------------------------

==============================================================================


      Code (inc. data)   RO Data    RW Data    ZI Data      Debug   

     67112       4372       3536        712      22088    2394790   Grand Totals
     67112       4372       3536        188      22088    2394790   ELF Image Totals (compressed)
     67112       4372       3536        188          0          0   ROM Totals

==============================================================================

    Total RO  Size (Code + RO Data)                70648 (  68.99kB)
    Total RW  Size (RW Data + ZI Data)             22800 (  22.27kB)
    Total ROM Size (Code + RO Data + RW Data)      70836 (  69.18kB)

==============================================================================

